
 Start         Length     Name                   Class
 0001:00401000 0013BCB0H .text                   CODE
 0002:0053D000 00001810H .itext                  ICODE
 0003:0053F000 00005288H .data                   DATA
 0004:00545000 00005484H .bss                    BSS
 0005:00000000 0000003CH .tls                    TLS
 000A:00000000 00000000H .xdata                  PDATA


Detailed map of segments

 0001:00000000 0000942C C=CODE     S=.text    G=(none)   M=System   ACBP=A9
 0001:0000942C 00000110 C=CODE     S=.text    G=(none)   M=SysInit  ACBP=A9
 0001:0000953C 000003FC C=CODE     S=.text    G=(none)   M=Types    ACBP=A9
 0001:00009938 00001ABC C=CODE     S=.text    G=(none)   M=Windows  ACBP=A9
 0001:0000B3F4 00000258 C=CODE     S=.text    G=(none)   M=Messages ACBP=A9
 0001:0000B64C 00000358 C=CODE     S=.text    G=(none)   M=SysConst ACBP=A9
 0001:0000B9A4 000001D8 C=CODE     S=.text    G=(none)   M=RTLConsts ACBP=A9
 0001:0000BB7C 00009250 C=CODE     S=.text    G=(none)   M=Character ACBP=A9
 0001:00014DCC 0000041C C=CODE     S=.text    G=(none)   M=ExcUtils ACBP=A9
 0001:000151E8 0000E250 C=CODE     S=.text    G=(none)   M=SysUtils ACBP=A9
 0001:00023438 00000174 C=CODE     S=.text    G=(none)   M=ActiveX  ACBP=A9
 0001:000235AC 00000800 C=CODE     S=.text    G=(none)   M=VarUtils ACBP=A9
 0001:00023DAC 00008298 C=CODE     S=.text    G=(none)   M=Variants ACBP=A9
 0001:0002C044 00001804 C=CODE     S=.text    G=(none)   M=TypInfo  ACBP=A9
 0001:0002D848 0001A73C C=CODE     S=.text    G=(none)   M=Classes  ACBP=A9
 0001:00047F84 000002B0 C=CODE     S=.text    G=(none)   M=TimeSpan ACBP=A9
 0001:00048234 000015E0 C=CODE     S=.text    G=(none)   M=SyncObjs ACBP=A9
 0001:00049814 000000FC C=CODE     S=.text    G=(none)   M=IOUtils  ACBP=A9
 0001:00049910 00000080 C=CODE     S=.text    G=(none)   M=IniFiles ACBP=A9
 0001:00049990 00002F24 C=CODE     S=.text    G=(none)   M=Registry ACBP=A9
 0001:0004C8B4 000002E8 C=CODE     S=.text    G=(none)   M=Consts   ACBP=A9
 0001:0004CB9C 0000D8AC C=CODE     S=.text    G=(none)   M=Graphics ACBP=A9
 0001:0005A448 00000390 C=CODE     S=.text    G=(none)   M=Contnrs  ACBP=A9
 0001:0005A7D8 000001D4 C=CODE     S=.text    G=(none)   M=CommCtrl ACBP=A9
 0001:0005A9AC 00000D58 C=CODE     S=.text    G=(none)   M=UxTheme  ACBP=A9
 0001:0005B704 00000044 C=CODE     S=.text    G=(none)   M=MultiMon ACBP=A9
 0001:0005B748 00002360 C=CODE     S=.text    G=(none)   M=ActnList ACBP=A9
 0001:0005DAA8 00000064 C=CODE     S=.text    G=(none)   M=Dwmapi   ACBP=A9
 0001:0005DB0C 0001F764 C=CODE     S=.text    G=(none)   M=Controls ACBP=A9
 0001:0007D270 00005850 C=CODE     S=.text    G=(none)   M=Themes   ACBP=A9
 0001:00082AC0 0000398C C=CODE     S=.text    G=(none)   M=ImgList  ACBP=A9
 0001:0008644C 00009B94 C=CODE     S=.text    G=(none)   M=Menus    ACBP=A9
 0001:0008FFE0 00002068 C=CODE     S=.text    G=(none)   M=HelpIntfs ACBP=A9
 0001:00092048 00000388 C=CODE     S=.text    G=(none)   M=FlatSB   ACBP=A9
 0001:000923D0 00000028 C=CODE     S=.text    G=(none)   M=WinSpool ACBP=A9
 0001:000923F8 00001DEC C=CODE     S=.text    G=(none)   M=Printers ACBP=A9
 0001:000941E4 000093EC C=CODE     S=.text    G=(none)   M=StdCtrls ACBP=A9
 0001:0009D5D0 0000178C C=CODE     S=.text    G=(none)   M=GraphUtil ACBP=A9
 0001:0009ED5C 000003F8 C=CODE     S=.text    G=(none)   M=ExtCtrls ACBP=A9
 0001:0009F154 00000040 C=CODE     S=.text    G=(none)   M=ComStrs  ACBP=A9
 0001:0009F194 00005110 C=CODE     S=.text    G=(none)   M=ComCtrls ACBP=A9
 0001:000A42A4 000009EC C=CODE     S=.text    G=(none)   M=Dialogs  ACBP=A9
 0001:000A4C90 00000014 C=CODE     S=.text    G=(none)   M=Clipbrd  ACBP=A9
 0001:000A4CA4 0000018C C=CODE     S=.text    G=(none)   M=StdActns ACBP=A9
 0001:000A4E30 00015574 C=CODE     S=.text    G=(none)   M=Forms    ACBP=A9
 0001:000BA3A4 000007F0 C=CODE     S=.text    G=(none)   M=IdException ACBP=A9
 0001:000BAB94 00000208 C=CODE     S=.text    G=(none)   M=IdResourceStrings ACBP=A9
 0001:000BAD9C 000003BC C=CODE     S=.text    G=(none)   M=IdStreamVCL ACBP=A9
 0001:000BB158 00004B2C C=CODE     S=.text    G=(none)   M=IdGlobal ACBP=A9
 0001:000BFC84 0000038C C=CODE     S=.text    G=(none)   M=IdBaseComponent ACBP=A9
 0001:000C0010 00008DB4 C=CODE     S=.text    G=(none)   M=IdWinsock2 ACBP=A9
 0001:000C8DC4 00000534 C=CODE     S=.text    G=(none)   M=IdWship6 ACBP=A9
 0001:000C92F8 0000124C C=CODE     S=.text    G=(none)   M=IdStackBSDBase ACBP=A9
 0001:000CA544 000032AC C=CODE     S=.text    G=(none)   M=IdStackWindows ACBP=A9
 0001:000CD7F0 00002B38 C=CODE     S=.text    G=(none)   M=IdStack  ACBP=A9
 0001:000D0328 000008C4 C=CODE     S=.text    G=(none)   M=IdComponent ACBP=A9
 0001:000D0BEC 000018E8 C=CODE     S=.text    G=(none)   M=IdExceptionCore ACBP=A9
 0001:000D24D4 00000148 C=CODE     S=.text    G=(none)   M=IdResourceStringsCore ACBP=A9
 0001:000D261C 00001CF4 C=CODE     S=.text    G=(none)   M=IdBuffer ACBP=A9
 0001:000D4310 000006B8 C=CODE     S=.text    G=(none)   M=IdIntercept ACBP=A9
 0001:000D49C8 000004B0 C=CODE     S=.text    G=(none)   M=IdAntiFreezeBase ACBP=A9
 0001:000D4E78 00004F88 C=CODE     S=.text    G=(none)   M=IdIOHandler ACBP=A9
 0001:000D9E00 000018B0 C=CODE     S=.text    G=(none)   M=IdSocketHandle ACBP=A9
 0001:000DB6B0 00000B74 C=CODE     S=.text    G=(none)   M=IdCustomTransparentProxy ACBP=A9
 0001:000DC224 00000800 C=CODE     S=.text    G=(none)   M=IdIPAddress ACBP=A9
 0001:000DCA24 000010DC C=CODE     S=.text    G=(none)   M=IdTCPClient ACBP=A9
 0001:000DDB00 00000B80 C=CODE     S=.text    G=(none)   M=IdIOHandlerStack ACBP=A9
 0001:000DE680 00002F0C C=CODE     S=.text    G=(none)   M=IdSocks  ACBP=A9
 0001:000E158C 00000CB4 C=CODE     S=.text    G=(none)   M=IdIOHandlerSocket ACBP=A9
 0001:000E2240 00000D2C C=CODE     S=.text    G=(none)   M=IdReply  ACBP=A9
 0001:000E2F6C 000006C8 C=CODE     S=.text    G=(none)   M=IdReplyRFC ACBP=A9
 0001:000E3634 000013C4 C=CODE     S=.text    G=(none)   M=IdTCPConnection ACBP=A9
 0001:000E49F8 00008204 C=CODE     S=.text    G=(none)   M=IdCharsets ACBP=A9
 0001:000ECBFC 000002E8 C=CODE     S=.text    G=(none)   M=IdResourceStringsProtocols ACBP=A9
 0001:000ECEE4 0000BC34 C=CODE     S=.text    G=(none)   M=IdGlobalProtocols ACBP=A9
 0001:000F8B18 000010B8 C=CODE     S=.text    G=(none)   M=IdHeaderList ACBP=A9
 0001:000F9BD0 00000E20 C=CODE     S=.text    G=(none)   M=IdCoder  ACBP=A9
 0001:000FA9F0 00000D4C C=CODE     S=.text    G=(none)   M=IdCoder3to4 ACBP=A9
 0001:000FB73C 00000294 C=CODE     S=.text    G=(none)   M=IdCoderMIME ACBP=A9
 0001:000FB9D0 00000AD4 C=CODE     S=.text    G=(none)   M=IdAuthentication ACBP=A9
 0001:000FC4A4 00004238 C=CODE     S=.text    G=(none)   M=IdHTTPHeaderInfo ACBP=A9
 0001:001006DC 00000084 C=CODE     S=.text    G=(none)   M=IdYarn   ACBP=A9
 0001:00100760 0000034C C=CODE     S=.text    G=(none)   M=IdTask   ACBP=A9
 0001:00100AAC 00000DEC C=CODE     S=.text    G=(none)   M=IdThreadSafe ACBP=A9
 0001:00101898 00001014 C=CODE     S=.text    G=(none)   M=IdThread ACBP=A9
 0001:001028AC 00000498 C=CODE     S=.text    G=(none)   M=IdScheduler ACBP=A9
 0001:00102D44 000002F4 C=CODE     S=.text    G=(none)   M=IdServerIOHandler ACBP=A9
 0001:00103038 00000A5C C=CODE     S=.text    G=(none)   M=IdSSL    ACBP=A9
 0001:00103A94 00000C84 C=CODE     S=.text    G=(none)   M=IdZLibCompressorBase ACBP=A9
 0001:00104718 00000040 C=CODE     S=.text    G=(none)   M=IdUriUtils ACBP=A9
 0001:00104758 000016A0 C=CODE     S=.text    G=(none)   M=IdURI    ACBP=A9
 0001:00105DF8 00004680 C=CODE     S=.text    G=(none)   M=IdCookie ACBP=A9
 0001:0010A478 00000D78 C=CODE     S=.text    G=(none)   M=IdCookieManager ACBP=A9
 0001:0010B1F0 000007B4 C=CODE     S=.text    G=(none)   M=IdAuthenticationManager ACBP=A9
 0001:0010B9A4 000001C4 C=CODE     S=.text    G=(none)   M=IdEMailAddress ACBP=A9
 0001:0010BB68 00000570 C=CODE     S=.text    G=(none)   M=IdHeaderCoderBase ACBP=A9
 0001:0010C0D8 000002D0 C=CODE     S=.text    G=(none)   M=IdHeaderCoderPlain ACBP=A9
 0001:0010C3A8 00000548 C=CODE     S=.text    G=(none)   M=IdHeaderCoder2022JP ACBP=A9
 0001:0010C8F0 00000380 C=CODE     S=.text    G=(none)   M=IdHeaderCoderUTF ACBP=A9
 0001:0010CC70 0000056C C=CODE     S=.text    G=(none)   M=IdHeaderCoderIndy ACBP=A9
 0001:0010D1DC 00000F54 C=CODE     S=.text    G=(none)   M=IdCoderHeader ACBP=A9
 0001:0010E130 00000494 C=CODE     S=.text    G=(none)   M=IdCoderQuotedPrintable ACBP=A9
 0001:0010E5C4 000020A8 C=CODE     S=.text    G=(none)   M=IdMultipartFormData ACBP=A9
 0001:0011066C 000001FC C=CODE     S=.text    G=(none)   M=IdFIPS   ACBP=A9
 0001:00110868 0000B66C C=CODE     S=.text    G=(none)   M=IdSSLOpenSSLHeaders ACBP=A9
 0001:0011BED4 00008200 C=CODE     S=.text    G=(none)   M=IdSSLOpenSSL ACBP=A9
 0001:001240D4 00000BE4 C=CODE     S=.text    G=(none)   M=IdHash   ACBP=A9
 0001:00124CB8 000011DC C=CODE     S=.text    G=(none)   M=IdHashMessageDigest ACBP=A9
 0001:00125E94 000008E4 C=CODE     S=.text    G=(none)   M=IdNTLM   ACBP=A9
 0001:00126778 000006B0 C=CODE     S=.text    G=(none)   M=IdAuthenticationNTLM ACBP=A9
 0001:00126E28 00001024 C=CODE     S=.text    G=(none)   M=IdSSPI   ACBP=A9
 0001:00127E4C 000030B4 C=CODE     S=.text    G=(none)   M=IdAuthenticationSSPI ACBP=A9
 0001:0012AF00 0000102C C=CODE     S=.text    G=(none)   M=IdAuthenticationDigest ACBP=A9
 0001:0012BF2C 00006430 C=CODE     S=.text    G=(none)   M=IdHTTP   ACBP=A9
 0001:0013235C 00001340 C=CODE     S=.text    G=(none)   M=Gauges   ACBP=A9
 0001:0013369C 000000A8 C=CODE     S=.text    G=(none)   M=Buttons  ACBP=A9
 0001:00133744 000001D0 C=CODE     S=.text    G=(none)   M=About    ACBP=A9
 0001:00133914 000013A0 C=CODE     S=.text    G=(none)   M=Unit1    ACBP=A9
 0001:00134CB4 00006FFC C=CODE     S=.text    G=(none)   M=tmd      ACBP=A9
 0002:00000000 000000AC C=ICODE    S=.itext   G=(none)   M=System   ACBP=A9
 0002:000000AC 00000018 C=ICODE    S=.itext   G=(none)   M=Windows  ACBP=A9
 0002:000000C4 00000020 C=ICODE    S=.itext   G=(none)   M=ExcUtils ACBP=A9
 0002:000000E4 000000C4 C=ICODE    S=.itext   G=(none)   M=SysUtils ACBP=A9
 0002:000001A8 00000010 C=ICODE    S=.itext   G=(none)   M=VarUtils ACBP=A9
 0002:000001B8 000000AC C=ICODE    S=.itext   G=(none)   M=Variants ACBP=A9
 0002:00000264 00000008 C=ICODE    S=.itext   G=(none)   M=TypInfo  ACBP=A9
 0002:0000026C 000000AC C=ICODE    S=.itext   G=(none)   M=Classes  ACBP=A9
 0002:00000318 00000034 C=ICODE    S=.itext   G=(none)   M=TimeSpan ACBP=A9
 0002:0000034C 00000010 C=ICODE    S=.itext   G=(none)   M=SyncObjs ACBP=A9
 0002:0000035C 00000460 C=ICODE    S=.itext   G=(none)   M=IOUtils  ACBP=A9
 0002:000007BC 00000008 C=ICODE    S=.itext   G=(none)   M=IniFiles ACBP=A9
 0002:000007C4 00000008 C=ICODE    S=.itext   G=(none)   M=Registry ACBP=A9
 0002:000007CC 000000FC C=ICODE    S=.itext   G=(none)   M=Graphics ACBP=A9
 0002:000008C8 0000001C C=ICODE    S=.itext   G=(none)   M=UxTheme  ACBP=A9
 0002:000008E4 0000002C C=ICODE    S=.itext   G=(none)   M=ActnList ACBP=A9
 0002:00000910 00000088 C=ICODE    S=.itext   G=(none)   M=Controls ACBP=A9
 0002:00000998 00000008 C=ICODE    S=.itext   G=(none)   M=Themes   ACBP=A9
 0002:000009A0 00000088 C=ICODE    S=.itext   G=(none)   M=Menus    ACBP=A9
 0002:00000A28 00000008 C=ICODE    S=.itext   G=(none)   M=HelpIntfs ACBP=A9
 0002:00000A30 00000010 C=ICODE    S=.itext   G=(none)   M=FlatSB   ACBP=A9
 0002:00000A40 00000008 C=ICODE    S=.itext   G=(none)   M=Printers ACBP=A9
 0002:00000A48 00000088 C=ICODE    S=.itext   G=(none)   M=GraphUtil ACBP=A9
 0002:00000AD0 00000054 C=ICODE    S=.itext   G=(none)   M=ExtCtrls ACBP=A9
 0002:00000B24 0000003C C=ICODE    S=.itext   G=(none)   M=ComCtrls ACBP=A9
 0002:00000B60 00000040 C=ICODE    S=.itext   G=(none)   M=Dialogs  ACBP=A9
 0002:00000BA0 00000078 C=ICODE    S=.itext   G=(none)   M=Clipbrd  ACBP=A9
 0002:00000C18 0000005C C=ICODE    S=.itext   G=(none)   M=Forms    ACBP=A9
 0002:00000C74 00000054 C=ICODE    S=.itext   G=(none)   M=IdGlobal ACBP=A9
 0002:00000CC8 00000058 C=ICODE    S=.itext   G=(none)   M=IdWinsock2 ACBP=A9
 0002:00000D20 00000008 C=ICODE    S=.itext   G=(none)   M=IdWship6 ACBP=A9
 0002:00000D28 00000088 C=ICODE    S=.itext   G=(none)   M=IdStackWindows ACBP=A9
 0002:00000DB0 00000030 C=ICODE    S=.itext   G=(none)   M=IdStack  ACBP=A9
 0002:00000DE0 00000014 C=ICODE    S=.itext   G=(none)   M=IdComponent ACBP=A9
 0002:00000DF4 00000008 C=ICODE    S=.itext   G=(none)   M=IdIOHandler ACBP=A9
 0002:00000DFC 00000014 C=ICODE    S=.itext   G=(none)   M=IdIOHandlerStack ACBP=A9
 0002:00000E10 00000008 C=ICODE    S=.itext   G=(none)   M=IdCharsets ACBP=A9
 0002:00000E18 000000D4 C=ICODE    S=.itext   G=(none)   M=IdGlobalProtocols ACBP=A9
 0002:00000EEC 00000020 C=ICODE    S=.itext   G=(none)   M=IdCoderMIME ACBP=A9
 0002:00000F0C 00000034 C=ICODE    S=.itext   G=(none)   M=IdAuthentication ACBP=A9
 0002:00000F40 00000034 C=ICODE    S=.itext   G=(none)   M=IdThread ACBP=A9
 0002:00000F74 0000001C C=ICODE    S=.itext   G=(none)   M=IdSSL    ACBP=A9
 0002:00000F90 00000008 C=ICODE    S=.itext   G=(none)   M=IdURI    ACBP=A9
 0002:00000F98 00000008 C=ICODE    S=.itext   G=(none)   M=IdEMailAddress ACBP=A9
 0002:00000FA0 0000001C C=ICODE    S=.itext   G=(none)   M=IdHeaderCoderBase ACBP=A9
 0002:00000FBC 00000014 C=ICODE    S=.itext   G=(none)   M=IdHeaderCoderPlain ACBP=A9
 0002:00000FD0 00000014 C=ICODE    S=.itext   G=(none)   M=IdHeaderCoder2022JP ACBP=A9
 0002:00000FE4 00000014 C=ICODE    S=.itext   G=(none)   M=IdHeaderCoderUTF ACBP=A9
 0002:00000FF8 00000014 C=ICODE    S=.itext   G=(none)   M=IdHeaderCoderIndy ACBP=A9
 0002:0000100C 00000008 C=ICODE    S=.itext   G=(none)   M=IdCoderHeader ACBP=A9
 0002:00001014 00000178 C=ICODE    S=.itext   G=(none)   M=IdFIPS   ACBP=A9
 0002:0000118C 000001AC C=ICODE    S=.itext   G=(none)   M=IdSSLOpenSSLHeaders ACBP=A9
 0002:00001338 00000314 C=ICODE    S=.itext   G=(none)   M=IdSSLOpenSSL ACBP=A9
 0002:0000164C 00000008 C=ICODE    S=.itext   G=(none)   M=IdNTLM   ACBP=A9
 0002:00001654 00000034 C=ICODE    S=.itext   G=(none)   M=IdAuthenticationNTLM ACBP=A9
 0002:00001688 00000088 C=ICODE    S=.itext   G=(none)   M=IdAuthenticationSSPI ACBP=A9
 0002:00001710 00000038 C=ICODE    S=.itext   G=(none)   M=IdAuthenticationDigest ACBP=A9
 0002:00001748 00000008 C=ICODE    S=.itext   G=(none)   M=IdHTTP   ACBP=A9
 0002:00001750 00000028 C=ICODE    S=.itext   G=(none)   M=Buttons  ACBP=A9
 0002:00001778 00000098 C=ICODE    S=.itext   G=(none)   M=tmd      ACBP=A9
 0003:00000000 000009F4 C=DATA     S=.data    G=DGROUP   M=System   ACBP=A9
 0003:000009F4 00000024 C=DATA     S=.data    G=DGROUP   M=SysInit  ACBP=A9
 0003:00000A18 0000000C C=DATA     S=.data    G=DGROUP   M=Windows  ACBP=A9
 0003:00000A24 00000100 C=DATA     S=.data    G=DGROUP   M=Character ACBP=A9
 0003:00000B24 00000118 C=DATA     S=.data    G=DGROUP   M=ExcUtils ACBP=A9
 0003:00000C3C 000001E4 C=DATA     S=.data    G=DGROUP   M=SysUtils ACBP=A9
 0003:00000E20 00000008 C=DATA     S=.data    G=DGROUP   M=VarUtils ACBP=A9
 0003:00000E28 00000144 C=DATA     S=.data    G=DGROUP   M=Variants ACBP=A9
 0003:00000F6C 0000000C C=DATA     S=.data    G=DGROUP   M=TypInfo  ACBP=A9
 0003:00000F78 000000A8 C=DATA     S=.data    G=DGROUP   M=Classes  ACBP=A9
 0003:00001020 00000010 C=DATA     S=.data    G=DGROUP   M=IOUtils  ACBP=A9
 0003:00001030 0000000C C=DATA     S=.data    G=DGROUP   M=IniFiles ACBP=A9
 0003:0000103C 00000024 C=DATA     S=.data    G=DGROUP   M=Registry ACBP=A9
 0003:00001060 000003C4 C=DATA     S=.data    G=DGROUP   M=Graphics ACBP=A9
 0003:00001424 000001B8 C=DATA     S=.data    G=DGROUP   M=Controls ACBP=A9
 0003:000015DC 00000068 C=DATA     S=.data    G=DGROUP   M=Themes   ACBP=A9
 0003:00001644 00000050 C=DATA     S=.data    G=DGROUP   M=ImgList  ACBP=A9
 0003:00001694 00000140 C=DATA     S=.data    G=DGROUP   M=Menus    ACBP=A9
 0003:000017D4 0000000C C=DATA     S=.data    G=DGROUP   M=Printers ACBP=A9
 0003:000017E0 000000D8 C=DATA     S=.data    G=DGROUP   M=StdCtrls ACBP=A9
 0003:000018B8 00000450 C=DATA     S=.data    G=DGROUP   M=GraphUtil ACBP=A9
 0003:00001D08 0000005C C=DATA     S=.data    G=DGROUP   M=ComCtrls ACBP=A9
 0003:00001D64 0000007C C=DATA     S=.data    G=DGROUP   M=Dialogs  ACBP=A9
 0003:00001DE0 00000144 C=DATA     S=.data    G=DGROUP   M=Forms    ACBP=A9
 0003:00001F24 00000078 C=DATA     S=.data    G=DGROUP   M=IdGlobal ACBP=A9
 0003:00001F9C 00000278 C=DATA     S=.data    G=DGROUP   M=IdWinsock2 ACBP=A9
 0003:00002214 00000044 C=DATA     S=.data    G=DGROUP   M=IdWship6 ACBP=A9
 0003:00002258 00000004 C=DATA     S=.data    G=DGROUP   M=IdStackConsts ACBP=A9
 0003:0000225C 0000000C C=DATA     S=.data    G=DGROUP   M=IdStackBSDBase ACBP=A9
 0003:00002268 0000000C C=DATA     S=.data    G=DGROUP   M=IdStackWindows ACBP=A9
 0003:00002274 00000014 C=DATA     S=.data    G=DGROUP   M=IdStack  ACBP=A9
 0003:00002288 00000024 C=DATA     S=.data    G=DGROUP   M=IdComponent ACBP=A9
 0003:000022AC 00000004 C=DATA     S=.data    G=DGROUP   M=IdAntiFreezeBase ACBP=A9
 0003:000022B0 00000008 C=DATA     S=.data    G=DGROUP   M=IdIOHandler ACBP=A9
 0003:000022B8 00001560 C=DATA     S=.data    G=DGROUP   M=IdCharsets ACBP=A9
 0003:00003818 000004D4 C=DATA     S=.data    G=DGROUP   M=IdGlobalProtocols ACBP=A9
 0003:00003CEC 00000004 C=DATA     S=.data    G=DGROUP   M=IdCoderMIME ACBP=A9
 0003:00003CF0 00000004 C=DATA     S=.data    G=DGROUP   M=IdAuthentication ACBP=A9
 0003:00003CF4 00000004 C=DATA     S=.data    G=DGROUP   M=IdThread ACBP=A9
 0003:00003CF8 00000004 C=DATA     S=.data    G=DGROUP   M=IdURI    ACBP=A9
 0003:00003CFC 0000000C C=DATA     S=.data    G=DGROUP   M=IdEMailAddress ACBP=A9
 0003:00003D08 00000014 C=DATA     S=.data    G=DGROUP   M=IdHeaderCoderBase ACBP=A9
 0003:00003D1C 0000037C C=DATA     S=.data    G=DGROUP   M=IdHeaderCoder2022JP ACBP=A9
 0003:00004098 00000084 C=DATA     S=.data    G=DGROUP   M=IdCoderHeader ACBP=A9
 0003:0000411C 00000450 C=DATA     S=.data    G=DGROUP   M=IdSSLOpenSSLHeaders ACBP=A9
 0003:0000456C 0000003C C=DATA     S=.data    G=DGROUP   M=IdSSLOpenSSL ACBP=A9
 0003:000045A8 00000110 C=DATA     S=.data    G=DGROUP   M=IdHashMessageDigest ACBP=A9
 0003:000046B8 00000014 C=DATA     S=.data    G=DGROUP   M=IdNTLM   ACBP=A9
 0003:000046CC 00000008 C=DATA     S=.data    G=DGROUP   M=IdAuthenticationSSPI ACBP=A9
 0003:000046D4 00000008 C=DATA     S=.data    G=DGROUP   M=IdHTTP   ACBP=A9
 0003:000046DC 0000002C C=DATA     S=.data    G=DGROUP   M=Buttons  ACBP=A9
 0004:00000000 00002C30 C=BSS      S=.bss     G=DGROUP   M=System   ACBP=A9
 0004:00002C30 0000000C C=BSS      S=.bss     G=DGROUP   M=SysInit  ACBP=A9
 0004:00002C3C 00000008 C=BSS      S=.bss     G=DGROUP   M=Windows  ACBP=A9
 0004:00002C44 0000001C C=BSS      S=.bss     G=DGROUP   M=Character ACBP=A9
 0004:00002C60 00000004 C=BSS      S=.bss     G=DGROUP   M=ExcUtils ACBP=A9
 0004:00002C64 00002250 C=BSS      S=.bss     G=DGROUP   M=SysUtils ACBP=A9
 0004:00004EB4 0000005C C=BSS      S=.bss     G=DGROUP   M=VarUtils ACBP=A9
 0004:00004F10 00000040 C=BSS      S=.bss     G=DGROUP   M=Variants ACBP=A9
 0004:00004F50 00000004 C=BSS      S=.bss     G=DGROUP   M=TypInfo  ACBP=A9
 0004:00004F54 00000038 C=BSS      S=.bss     G=DGROUP   M=Classes  ACBP=A9
 0004:00004F8C 00000014 C=BSS      S=.bss     G=DGROUP   M=TimeSpan ACBP=A9
 0004:00004FA0 00000018 C=BSS      S=.bss     G=DGROUP   M=SyncObjs ACBP=A9
 0004:00004FB8 00000024 C=BSS      S=.bss     G=DGROUP   M=IOUtils  ACBP=A9
 0004:00004FDC 00000004 C=BSS      S=.bss     G=DGROUP   M=IniFiles ACBP=A9
 0004:00004FE0 00000004 C=BSS      S=.bss     G=DGROUP   M=Registry ACBP=A9
 0004:00004FE4 00000064 C=BSS      S=.bss     G=DGROUP   M=Graphics ACBP=A9
 0004:00005048 00000008 C=BSS      S=.bss     G=DGROUP   M=CommCtrl ACBP=A9
 0004:00005050 000000CC C=BSS      S=.bss     G=DGROUP   M=UxTheme  ACBP=A9
 0004:0000511C 00000004 C=BSS      S=.bss     G=DGROUP   M=ActnList ACBP=A9
 0004:00005120 00000090 C=BSS      S=.bss     G=DGROUP   M=Controls ACBP=A9
 0004:000051B0 0000000C C=BSS      S=.bss     G=DGROUP   M=Themes   ACBP=A9
 0004:000051BC 00000008 C=BSS      S=.bss     G=DGROUP   M=ImgList  ACBP=A9
 0004:000051C4 00000010 C=BSS      S=.bss     G=DGROUP   M=Menus    ACBP=A9
 0004:000051D4 00000008 C=BSS      S=.bss     G=DGROUP   M=HelpIntfs ACBP=A9
 0004:000051DC 00000034 C=BSS      S=.bss     G=DGROUP   M=FlatSB   ACBP=A9
 0004:00005210 00000004 C=BSS      S=.bss     G=DGROUP   M=Printers ACBP=A9
 0004:00005214 00000010 C=BSS      S=.bss     G=DGROUP   M=GraphUtil ACBP=A9
 0004:00005224 00000008 C=BSS      S=.bss     G=DGROUP   M=ExtCtrls ACBP=A9
 0004:0000522C 00000010 C=BSS      S=.bss     G=DGROUP   M=ComCtrls ACBP=A9
 0004:0000523C 0000000C C=BSS      S=.bss     G=DGROUP   M=Dialogs  ACBP=A9
 0004:00005248 0000000C C=BSS      S=.bss     G=DGROUP   M=Clipbrd  ACBP=A9
 0004:00005254 00000028 C=BSS      S=.bss     G=DGROUP   M=Forms    ACBP=A9
 0004:0000527C 00000004 C=BSS      S=.bss     G=DGROUP   M=IdGlobal ACBP=A9
 0004:00005280 00000024 C=BSS      S=.bss     G=DGROUP   M=IdWinsock2 ACBP=A9
 0004:000052A4 00000004 C=BSS      S=.bss     G=DGROUP   M=IdWship6 ACBP=A9
 0004:000052A8 00000004 C=BSS      S=.bss     G=DGROUP   M=IdStackWindows ACBP=A9
 0004:000052AC 00000008 C=BSS      S=.bss     G=DGROUP   M=IdStack  ACBP=A9
 0004:000052B4 00000004 C=BSS      S=.bss     G=DGROUP   M=IdComponent ACBP=A9
 0004:000052B8 00000004 C=BSS      S=.bss     G=DGROUP   M=IdIOHandler ACBP=A9
 0004:000052BC 00000004 C=BSS      S=.bss     G=DGROUP   M=IdIOHandlerStack ACBP=A9
 0004:000052C0 00000004 C=BSS      S=.bss     G=DGROUP   M=IdCharsets ACBP=A9
 0004:000052C4 00000010 C=BSS      S=.bss     G=DGROUP   M=IdGlobalProtocols ACBP=A9
 0004:000052D4 00000084 C=BSS      S=.bss     G=DGROUP   M=IdCoderMIME ACBP=A9
 0004:00005358 00000004 C=BSS      S=.bss     G=DGROUP   M=IdAuthentication ACBP=A9
 0004:0000535C 00000004 C=BSS      S=.bss     G=DGROUP   M=IdThread ACBP=A9
 0004:00005360 00000008 C=BSS      S=.bss     G=DGROUP   M=IdSSL    ACBP=A9
 0004:00005368 00000004 C=BSS      S=.bss     G=DGROUP   M=IdURI    ACBP=A9
 0004:0000536C 00000004 C=BSS      S=.bss     G=DGROUP   M=IdEMailAddress ACBP=A9
 0004:00005370 00000004 C=BSS      S=.bss     G=DGROUP   M=IdHeaderCoderBase ACBP=A9
 0004:00005374 00000004 C=BSS      S=.bss     G=DGROUP   M=IdHeaderCoderPlain ACBP=A9
 0004:00005378 00000004 C=BSS      S=.bss     G=DGROUP   M=IdHeaderCoder2022JP ACBP=A9
 0004:0000537C 00000004 C=BSS      S=.bss     G=DGROUP   M=IdHeaderCoderUTF ACBP=A9
 0004:00005380 00000004 C=BSS      S=.bss     G=DGROUP   M=IdHeaderCoderIndy ACBP=A9
 0004:00005384 00000004 C=BSS      S=.bss     G=DGROUP   M=IdCoderHeader ACBP=A9
 0004:00005388 00000094 C=BSS      S=.bss     G=DGROUP   M=IdFIPS   ACBP=A9
 0004:0000541C 0000000C C=BSS      S=.bss     G=DGROUP   M=IdSSLOpenSSLHeaders ACBP=A9
 0004:00005428 00000004 C=BSS      S=.bss     G=DGROUP   M=IdSSLOpenSSL ACBP=A9
 0004:0000542C 00000004 C=BSS      S=.bss     G=DGROUP   M=IdNTLM   ACBP=A9
 0004:00005430 00000004 C=BSS      S=.bss     G=DGROUP   M=IdAuthenticationNTLM ACBP=A9
 0004:00005434 00000004 C=BSS      S=.bss     G=DGROUP   M=IdAuthenticationSSPI ACBP=A9
 0004:00005438 00000004 C=BSS      S=.bss     G=DGROUP   M=IdAuthenticationDigest ACBP=A9
 0004:0000543C 00000004 C=BSS      S=.bss     G=DGROUP   M=IdHTTP   ACBP=A9
 0004:00005440 00000030 C=BSS      S=.bss     G=DGROUP   M=Buttons  ACBP=A9
 0004:00005470 00000004 C=BSS      S=.bss     G=DGROUP   M=About    ACBP=A9
 0004:00005474 00000010 C=BSS      S=.bss     G=DGROUP   M=Unit1    ACBP=A9
 0005:00000000 00000008 C=TLS      S=.tls     G=(none)   M=System   ACBP=A9
 0005:00000008 0000000C C=TLS      S=.tls     G=(none)   M=Classes  ACBP=A9
 0005:00000014 00000004 C=TLS      S=.tls     G=(none)   M=SyncObjs ACBP=A9
 0005:00000018 00000024 C=TLS      S=.tls     G=(none)   M=GraphUtil ACBP=A9


  Address             Publics by Name

 0001:00133744       About..TAboutBox
 0004:00005470       About.AboutBox
 0001:0002359C       ActiveX.OleInitialize
 0001:000235A4       ActiveX.OleUninitialize
 0004:0000511C       ActnList..9
 0001:0005C930       ActnList..TActionLink
 0001:0005BA50       ActnList..TActionListEnumerator
 0001:0005B748       ActnList..TContainedAction
 0001:0005C2FC       ActnList..TCustomAction
 0001:0005BCC0       ActnList..TCustomActionList
 0001:0005C0D4       ActnList..TShortCutList
 0002:000008E4       ActnList.ActnList
 0001:0005DAA0       ActnList.Finalization
 0001:0005D0E8       ActnList.TActionLink.IsCaptionLinked
 0001:0005D0FC       ActnList.TActionLink.IsCheckedLinked
 0001:0005D110       ActnList.TActionLink.IsEnabledLinked
 0001:0005D124       ActnList.TActionLink.IsGroupIndexLinked
 0001:0005D138       ActnList.TActionLink.IsHelpContextLinked
 0001:0005D14C       ActnList.TActionLink.IsHelpLinked
 0001:0005D160       ActnList.TActionLink.IsHintLinked
 0001:0005D174       ActnList.TActionLink.IsImageIndexLinked
 0001:0005D188       ActnList.TActionLink.IsShortCutLinked
 0001:0005D19C       ActnList.TActionLink.IsVisibleLinked
 0001:0005D1B0       ActnList.TActionLink.SetAutoCheck
 0001:0005D1B4       ActnList.TActionLink.SetCaption
 0001:0005D1B8       ActnList.TActionLink.SetChecked
 0001:0005D1BC       ActnList.TActionLink.SetEnabled
 0001:0005D1C0       ActnList.TActionLink.SetGroupIndex
 0001:0005D1C4       ActnList.TActionLink.SetHelpContext
 0001:0005D1C8       ActnList.TActionLink.SetHelpKeyword
 0001:0005D1CC       ActnList.TActionLink.SetHelpType
 0001:0005D1D0       ActnList.TActionLink.SetHint
 0001:0005D1D4       ActnList.TActionLink.SetImageIndex
 0001:0005D1D8       ActnList.TActionLink.SetShortCut
 0001:0005D1DC       ActnList.TActionLink.SetVisible
 0001:0005CC4C       ActnList.TActionListEnumerator.Create
 0001:0005CC90       ActnList.TActionListEnumerator.GetCurrent
 0001:0005CC9C       ActnList.TActionListEnumerator.MoveNext
 0001:0005CA38       ActnList.TContainedAction.Destroy
 0001:0005CBA4       ActnList.TContainedAction.Execute
 0001:0005CA6C       ActnList.TContainedAction.GetIndex
 0001:0005CA88       ActnList.TContainedAction.GetParentComponent
 0001:0005CA98       ActnList.TContainedAction.HasParent
 0001:0005CA84       ActnList.TContainedAction.IsCategoryStored
 0001:0005CAA8       ActnList.TContainedAction.ReadState
 0001:0005CB50       ActnList.TContainedAction.SetActionList
 0001:0005CB24       ActnList.TContainedAction.SetCategory
 0001:0005CADC       ActnList.TContainedAction.SetIndex
 0001:0005CB78       ActnList.TContainedAction.SetParentComponent
 0001:0005CBFC       ActnList.TContainedAction.Update
 0001:0005D28C       ActnList.TCustomAction.AssignTo
 0001:0005D1E0       ActnList.TCustomAction.Create
 0001:0005D234       ActnList.TCustomAction.Destroy
 0001:0005D918       ActnList.TCustomAction.DoHint
 0001:0005D940       ActnList.TCustomAction.Execute
 0001:0005D9A4       ActnList.TCustomAction.GetSecondaryShortCuts
 0001:0005DA24       ActnList.TCustomAction.HandleShortCut
 0001:0005DA00       ActnList.TCustomAction.IsSecondaryShortCutsStored
 0001:0005D398       ActnList.TCustomAction.SetAutoCheck
 0001:0005D3F8       ActnList.TCustomAction.SetCaption
 0001:0005D458       ActnList.TCustomAction.SetChecked
 0001:0005D560       ActnList.TCustomAction.SetEnabled
 0001:0005D5DC       ActnList.TCustomAction.SetGroupIndex
 0001:0005D6F4       ActnList.TCustomAction.SetHelpContext
 0001:0005D68C       ActnList.TCustomAction.SetHelpKeyword
 0001:0005D634       ActnList.TCustomAction.SetHelpType
 0001:0005D74C       ActnList.TCustomAction.SetHint
 0001:0005D7AC       ActnList.TCustomAction.SetImageIndex
 0001:0005D8CC       ActnList.TCustomAction.SetName
 0001:0005D9CC       ActnList.TCustomAction.SetSecondaryShortCuts
 0001:0005D808       ActnList.TCustomAction.SetShortCut
 0001:0005D86C       ActnList.TCustomAction.SetVisible
 0001:0005CEB0       ActnList.TCustomActionList.AddAction
 0001:0005CEF8       ActnList.TCustomActionList.Change
 0001:0005CCB8       ActnList.TCustomActionList.Create
 0001:0005CD24       ActnList.TCustomActionList.Destroy
 0001:0005D004       ActnList.TCustomActionList.ExecuteAction
 0001:0005CDF4       ActnList.TCustomActionList.GetAction
 0001:0005CE08       ActnList.TCustomActionList.GetActionCount
 0001:0005CD7C       ActnList.TCustomActionList.GetChildren
 0001:0005CE10       ActnList.TCustomActionList.GetEnumerator
 0001:0005CE54       ActnList.TCustomActionList.ImageListChange
 0001:0005CF60       ActnList.TCustomActionList.IsShortCut
 0001:0005CE60       ActnList.TCustomActionList.Notification
 0001:0005CED0       ActnList.TCustomActionList.RemoveAction
 0001:0005CDC4       ActnList.TCustomActionList.SetChildOrder
 0001:0005CE20       ActnList.TCustomActionList.SetImages
 0001:0005D044       ActnList.TCustomActionList.SetState
 0001:0005D024       ActnList.TCustomActionList.UpdateAction
 0001:0005DA30       ActnList.TShortCutList.Add
 0001:0005DA5C       ActnList.TShortCutList.IndexOfShortCut
 0004:00005440       Buttons..5
 0003:000046DC       Buttons.BitBtnCaptions
 0004:00005444       Buttons.BitBtnGlyphs
 0002:00001750       Buttons.Buttons
 0001:0013369C       Buttons.DestroyLocals
 0001:00133734       Buttons.Finalization
 0001:0000BE3C       Character.bin_data
 0004:00002C50       Character.CategoryTable
 0004:00002C48       Character.CatIndexPrimary
 0004:00002C4C       Character.CatIndexSecondary
 0004:00002C44       Character.DataTable
 0003:00000A24       Character.Latin1Categories
 0004:00002C5C       Character.NumericValueTable
 0004:00002C54       Character.NumIndexPrimary
 0004:00002C58       Character.NumIndexSecondary
 0001:0000BB7C       Character.TCharacter.CheckLetter
 0001:0000BB88       Character.TCharacter.CheckLetterOrDigit
 0001:0000BD04       Character.TCharacter.ConvertToUtf32
 0001:0000BCA4       Character.TCharacter.GetUnicodeCategory
 0001:00014D78       Character.TCharacter.Initialize
 0001:0000BC98       Character.TCharacter.IsAscii
 0001:0000BB98       Character.TCharacter.IsLatin1
 0001:0000BBA4       Character.TCharacter.IsLetter
 0001:0000BC30       Character.TCharacter.IsLetterOrDigit
 0004:00004F68       Classes..96
 0001:0002E17C       Classes..EBitsError
 0001:0002DF14       Classes..EClassNotFound
 0001:0002E2B4       Classes..EComponentError
 0001:0002DC1C       Classes..EFCreateError
 0001:0002DD50       Classes..EFilerError
 0001:0002DB20       Classes..EFileStreamError
 0001:0002DCB8       Classes..EFOpenError
 0001:0002DFB0       Classes..EInvalidImage
 0001:0002E3F4       Classes..EInvalidOperation
 0001:0002E0E8       Classes..EListError
 0001:0002E354       Classes..EOutOfResources
 0001:0002DDE8       Classes..EReadError
 0001:0002E04C       Classes..EResNotFound
 0001:0002DA84       Classes..EStreamError
 0001:0002E210       Classes..EStringListError
 0001:00035730       Classes..EThread
 0001:000357C0       Classes..EThreadExternalException
 0001:0002DE7C       Classes..EWriteError
 0001:00044EA8       Classes..TAnonymousThread
 0001:000372B4       Classes..TBasicAction
 0001:00037098       Classes..TBasicActionLink
 0001:0002F19C       Classes..TBits
 0001:00032F9C       Classes..TClassFinder
 0001:0002FA24       Classes..TCollection
 0001:0002F880       Classes..TCollectionEnumerator
 0001:0002F614       Classes..TCollectionItem
 0001:00036750       Classes..TComponent
 0001:00046BB8       Classes..TComponent.FindComponent$1499$ActRec
 0001:000362F0       Classes..TComponentEnumerator
 0001:000321DC       Classes..TCustomMemoryStream
 0001:00044DD4       Classes..TExternalThread
 0001:000333B8       Classes..TFiler
 0001:00031FF8       Classes..TFileStream
 0001:00031DE0       Classes..THandleStream
 0001:000391CC       Classes..TIntConst
 0001:0002F4A0       Classes..TInterfacedPersistent
 0001:0002E7D0       Classes..TList
 0001:0003A174       Classes..TList.Sort$876$ActRec
 0001:0002E5FC       Classes..TListEnumerator
 0001:00032424       Classes..TMemoryStream
 0001:0002FEBC       Classes..TOwnedCollection
 0001:0002F2D4       Classes..TPersistent
 0001:0003ED0C       Classes..TPropFixup
 0001:0003EF38       Classes..TPropIntfFixup
 0001:00033DD0       Classes..TReader
 0001:000378AC       Classes..TRegGroup
 0001:00037D0C       Classes..TRegGroups
 0001:0003266C       Classes..TResourceStream
 0001:0003179C       Classes..TStream
 0001:000329F0       Classes..TStreamAdapter
 0001:000310E4       Classes..TStringList
 0001:0003025C       Classes..TStrings
 0001:000300B4       Classes..TStringsEnumerator
 0001:000359D8       Classes..TThread
 0001:0002EEE4       Classes..TThreadList
 0001:00034CD8       Classes..TWriter
 0001:00039158       Classes.ActivateClassGroup
 0003:00000F78       Classes.AddDataModule
 0001:0003F264       Classes.AddFinished
 0001:0003F29C       Classes.AddNotFinished
 0001:0003FEC4       Classes.AddSubComponentsToLoaded
 0001:00047D28       Classes.AllocateHWnd
 0001:00043430       Classes.AncestorIsValid
 0003:00000F88       Classes.ApplicationHandleException
 0003:00000F90       Classes.ApplicationShowException
 0001:00039634       Classes.BeginGlobalLoading
 0003:00000FF4       Classes.BlockCode
 0001:00037854       Classes.Bounds
 0001:00047B88       Classes.CalcJmpOffset
 0001:0003FF00       Classes.CheckSubComponents
 0001:00045158       Classes.CheckSynchronize
 0002:00000288       Classes.Classes
 0001:00038E9C       Classes.ClassNotFound
 0001:00047C3C       Classes.CleanupInstFreeList
 0001:000398D4       Classes.CollectionsEqual
 0001:0003FFE0       Classes.ComponentCreated
 0001:00041ED0       Classes.CopyBinary
 0001:00041E40       Classes.CopyBytes
 0001:00041DF4       Classes.CopyList
 0001:00041D6C       Classes.CopySetBody
 0001:00040060       Classes.CreateComponent
 0003:00000F98       Classes.CreateVCLComObjectProc
 0001:00047DDC       Classes.DeallocateHWnd
 0001:0004508C       Classes.DoneThreadSynchronization
 0001:0003B9C0       Classes.DoWrite
 0003:00000FAC       Classes.Dummy32bitResHeader
 0001:00047E04       Classes.EFileStreamError.Create
 0001:000396BC       Classes.EndGlobalLoading
 0001:0003EB44       Classes.Error
 0001:00038940       Classes.Error
 0004:00004F80       Classes.ExternalThreads
 0003:00000FA8       Classes.FilerSignature
 0001:00047EB4       Classes.Finalization
 0001:00042B20       Classes.FindAncestor
 0001:00038F74       Classes.FindClass
 0001:00040210       Classes.FindExistingComponent
 0001:0003954C       Classes.FindGlobalComponent
 0004:00004F74       Classes.FindGlobalComponentProcs
 0001:000393F4       Classes.FindIdentToInt
 0001:00039378       Classes.FindIntToIdent
 0001:000438A4       Classes.FindMethodName
 0001:0003F16C       Classes.FindNestedComponent
 0001:0004125C       Classes.FindUniqueName
 0001:000450A4       Classes.FreeExternalThreads
 0001:00047AF0       Classes.FreeIntConstList
 0001:00047C28       Classes.FreeObjectInstance
 0001:00038F08       Classes.GetClass
 0001:00043F98       Classes.GetComponentValue
 0001:0003AC2C       Classes.GetDesigner
 0001:00038E90       Classes.GetFieldClassTable
 0001:00047C78       Classes.GetFreeInstBlockItemCount
 0004:00004F78       Classes.GlobalFixupList
 0001:0003F2E4       Classes.GlobalFixupReferences
 0005:00000010       Classes.GlobalLists
 0005:0000000C       Classes.GlobalLoaded
 0004:00004F5C       Classes.GlobalNameSpace
 0001:000390EC       Classes.GroupDescendentsWith
 0001:000409FC       Classes.HandleException
 0001:00039470       Classes.IdentToInt
 0001:00039718       Classes.InitComponent
 0001:000397A4       Classes.InitInheritedComponent
 0001:00045050       Classes.InitThreadSynchronization
 0004:00004F84       Classes.InstBlockList
 0004:00004F88       Classes.InstFreeList
 0004:00004F6C       Classes.IntConstList
 0001:00037890       Classes.InterlockedCompareExchangePointer
 0001:00037898       Classes.InterlockedExchange
 0001:000378A4       Classes.InterlockedExchangePointer
 0001:000395B0       Classes.InternalReadComponentRes
 0001:000394B0       Classes.IntToIdent
 0001:0003787C       Classes.InvalidPoint
 0001:00043624       Classes.IsDefault
 0001:000434A0       Classes.IsDefaultFloatProp
 0001:000434FC       Classes.IsDefaultInt64Prop
 0001:000437C8       Classes.IsDefaultInterfaceProp
 0001:000438FC       Classes.IsDefaultMethodProp
 0001:0004367C       Classes.IsDefaultObjectProp
 0001:00043448       Classes.IsDefaultOrdProp
 0001:00043A34       Classes.IsDefaultPropertyValue
 0001:00043554       Classes.IsDefaultStrProp
 0001:000436FC       Classes.IsDefaultValue
 0001:0004399C       Classes.IsDefaultVariantProp
 0001:0003958C       Classes.IsUniqueGlobalComponentName
 0004:00004F60       Classes.IsUniqueGlobalComponentNameProc
 0001:00047B90       Classes.MakeObjectInstance
 0001:0003A87C       Classes.Min
 0001:00047B60       Classes.ModuleUnload
 0003:00000FCC       Classes.NilMethod
 0001:0003ACCC       Classes.NotifyDesigner
 0001:0003968C       Classes.NotifyGlobalLoading
 0001:000435E4       Classes.ObjectAncestorMatch
 0001:00043F80       Classes.OwnedBy
 0003:00000FD8       Classes.Priorities
 0001:0003F60C       Classes.PropertyNotFound
 0001:00040ACC       Classes.PropPathError
 0001:0003F600       Classes.PropValueError
 0001:00039FF8       Classes.QuickSort
 0001:0003DCD4       Classes.RaiseException
 0001:000423B8       Classes.ReadCustomVariant
 0001:0003F5E8       Classes.ReadError
 0001:00040000       Classes.Recover
 0001:00037838       Classes.Rect
 0004:00004F70       Classes.RegGroups
 0001:00038F94       Classes.RegisterClass
 0001:000394F4       Classes.RegisterFindGlobalComponentProc
 0001:0003934C       Classes.RegisterIntegerConsts
 0001:00047CA8       Classes.ReleaseObjectInstanceBlocks
 0003:00000F80       Classes.RemoveDataModule
 0001:0003F4B4       Classes.RemoveFixupReferences
 0001:0003F560       Classes.RemoveFixups
 0001:0003F950       Classes.RemoveGlobalFixup
 0001:00045124       Classes.ResetSyncEvent
 0001:00040170       Classes.SetCompName
 0001:0003F638       Classes.SetElementValue
 0001:00040E24       Classes.SetInterfaceReference
 0001:00040D40       Classes.SetIntIdent
 0001:00040D88       Classes.SetObjectIdent
 0001:0003FF78       Classes.SetSubComponentState
 0001:00040DC8       Classes.SetVariantReference
 0001:0004514C       Classes.SignalSyncEvent
 0001:00041B28       Classes.SkipBinary
 0001:00041B58       Classes.SkipCollection
 0001:00041AFC       Classes.SkipList
 0001:00039084       Classes.StartClassGroup
 0001:00047B68       Classes.StdWndProc
 0001:0003DAC0       Classes.StringListCompareStrings
 0004:00004F64       Classes.SyncEvent
 0003:00000FD4       Classes.SyncList
 0001:00044FF8       Classes.TAnonymousThread.Create
 0001:00045044       Classes.TAnonymousThread.Execute
 0001:0004755C       Classes.TBasicAction.Change
 0001:000473E8       Classes.TBasicAction.Create
 0001:0004742C       Classes.TBasicAction.Destroy
 0001:000474C8       Classes.TBasicAction.Execute
 0001:00047498       Classes.TBasicAction.ExecuteTarget
 0001:00047494       Classes.TBasicAction.HandlesTarget
 0001:0004749C       Classes.TBasicAction.Notification
 0001:00047570       Classes.TBasicAction.RegisterChanges
 0001:000475BC       Classes.TBasicAction.SetActionComponent
 0001:00047500       Classes.TBasicAction.SetOnExecute
 0001:0004757C       Classes.TBasicAction.UnRegisterChanges
 0001:000474E4       Classes.TBasicAction.Update
 0001:000474C4       Classes.TBasicAction.UpdateTarget
 0001:00047338       Classes.TBasicActionLink.AssignClient
 0001:00047370       Classes.TBasicActionLink.Change
 0001:000472F4       Classes.TBasicActionLink.Create
 0001:0004733C       Classes.TBasicActionLink.Destroy
 0001:00047388       Classes.TBasicActionLink.Execute
 0001:000473D0       Classes.TBasicActionLink.IsOnExecuteLinked
 0001:000473A4       Classes.TBasicActionLink.SetAction
 0001:000473D4       Classes.TBasicActionLink.SetOnExecute
 0001:000473DC       Classes.TBasicActionLink.Update
 0001:0003A834       Classes.TBits.Destroy
 0001:0003A864       Classes.TBits.Error
 0001:0003A958       Classes.TBits.OpenBit
 0001:0003A92C       Classes.TBits.SetBit
 0001:0003A888       Classes.TBits.SetSize
 0001:00038BFC       Classes.TClassFinder.Create
 0001:00038D3C       Classes.TClassFinder.Destroy
 0001:00038D6C       Classes.TClassFinder.GetClass
 0001:00038E08       Classes.TClassFinder.GetClasses
 0001:0003AFFC       Classes.TCollection.Add
 0001:0003B514       Classes.TCollection.Added
 0001:0003B01C       Classes.TCollection.Assign
 0001:0003B0C4       Classes.TCollection.BeginUpdate
 0001:0003B0C8       Classes.TCollection.Changed
 0001:0003B0D8       Classes.TCollection.Clear
 0001:0003AF64       Classes.TCollection.Create
 0001:0003B4D8       Classes.TCollection.Delete
 0001:0003B518       Classes.TCollection.Deleting
 0001:0003AFB0       Classes.TCollection.Destroy
 0001:0003B140       Classes.TCollection.EndUpdate
 0001:0003B14C       Classes.TCollection.FindItemID
 0001:0003B180       Classes.TCollection.GetAttr
 0001:0003B17C       Classes.TCollection.GetAttrCount
 0001:0003B19C       Classes.TCollection.GetCapacity
 0001:0003B1C4       Classes.TCollection.GetCount
 0001:0003B18C       Classes.TCollection.GetEnumerator
 0001:0003B1CC       Classes.TCollection.GetItem
 0001:0003B1A4       Classes.TCollection.GetItemAttr
 0001:0003B1E0       Classes.TCollection.GetNamePath
 0001:0003B294       Classes.TCollection.GetPropName
 0001:0003B3E8       Classes.TCollection.Insert
 0001:0003B404       Classes.TCollection.InsertItem
 0001:0003B51C       Classes.TCollection.Notify
 0001:0003B508       Classes.TCollection.Owner
 0001:0003B46C       Classes.TCollection.RemoveItem
 0001:0003B4C0       Classes.TCollection.SetCapacity
 0001:0003B4D0       Classes.TCollection.SetItemName
 0001:0003B4D4       Classes.TCollection.Update
 0001:0003AEF8       Classes.TCollectionEnumerator.Create
 0001:0003AF3C       Classes.TCollectionEnumerator.GetCurrent
 0001:0003AF48       Classes.TCollectionEnumerator.MoveNext
 0001:0003AD98       Classes.TCollectionItem.Changed
 0001:0003AD30       Classes.TCollectionItem.Create
 0001:0003AD68       Classes.TCollectionItem.Destroy
 0001:0003ADD4       Classes.TCollectionItem.GetDisplayName
 0001:0003ADBC       Classes.TCollectionItem.GetIndex
 0001:0003ADE8       Classes.TCollectionItem.GetNamePath
 0001:0003AE94       Classes.TCollectionItem.GetOwner
 0001:0003AE98       Classes.TCollectionItem.SetCollection
 0001:0003AEC0       Classes.TCollectionItem.SetDisplayName
 0001:0003AEC8       Classes.TCollectionItem.SetIndex
 0001:00046DEC       Classes.TComponent.AddSortedComponent
 0001:00046468       Classes.TComponent.BeforeDestruction
 0001:00046EA0       Classes.TComponent.ChangeName
 0001:000463D4       Classes.TComponent.Create
 0001:00046954       Classes.TComponent.DefineProperties
 0001:00046420       Classes.TComponent.Destroy
 0001:000467D8       Classes.TComponent.DestroyComponents
 0001:00046844       Classes.TComponent.Destroying
 0001:00046FFC       Classes.TComponent.ExecuteAction
 0001:00046C88       Classes.TComponent.FindComponent
 0001:00046C7C       Classes.TComponent.FindComponent$1499$ActRec.$0$Body
 0001:00046D74       Classes.TComponent.FindSortedComponent
 0001:000464B4       Classes.TComponent.FreeNotification
 0001:00047130       Classes.TComponent.FreeOnRelease
 0001:000469F8       Classes.TComponent.GetChildOwner
 0001:000469FC       Classes.TComponent.GetChildParent
 0001:000469F0       Classes.TComponent.GetChildren
 0001:00047060       Classes.TComponent.GetComObject
 0001:00046EF4       Classes.TComponent.GetComponent
 0001:00046F20       Classes.TComponent.GetComponentCount
 0001:00046ED8       Classes.TComponent.GetComponentIndex
 0001:00046A00       Classes.TComponent.GetEnumerator
 0001:00046A10       Classes.TComponent.GetNamePath
 0001:00046A24       Classes.TComponent.GetOwner
 0001:00046A2C       Classes.TComponent.GetParentComponent
 0001:000469EC       Classes.TComponent.HasParent
 0001:00046688       Classes.TComponent.Insert
 0001:0004673C       Classes.TComponent.InsertComponent
 0001:000471C8       Classes.TComponent.IntfGetComponent
 0001:000471CC       Classes.TComponent.IsImplementorOf
 0001:00046A4C       Classes.TComponent.Loaded
 0001:000468F4       Classes.TComponent.Notification
 0001:00046A58       Classes.TComponent.PaletteCreated
 0001:00047148       Classes.TComponent.QueryInterface
 0001:00046648       Classes.TComponent.ReadLeft
 0001:00046A5C       Classes.TComponent.ReadState
 0001:0004665C       Classes.TComponent.ReadTop
 0001:0004724C       Classes.TComponent.ReferenceInterface
 0001:000466C4       Classes.TComponent.Remove
 0001:000467A0       Classes.TComponent.RemoveComponent
 0001:000468D8       Classes.TComponent.RemoveFreeNotification
 0001:00046474       Classes.TComponent.RemoveFreeNotifications
 0001:00046880       Classes.TComponent.RemoveNotification
 0001:00047118       Classes.TComponent.SafeCallException
 0001:00046A28       Classes.TComponent.SetChildOrder
 0001:00046F30       Classes.TComponent.SetComponentIndex
 0001:00046F84       Classes.TComponent.SetDesigning
 0001:00046E10       Classes.TComponent.SetName
 0001:00046A30       Classes.TComponent.SetParentComponent
 0001:00046FD4       Classes.TComponent.SetReference
 0001:0004704C       Classes.TComponent.SetSubComponent
 0001:00047024       Classes.TComponent.UpdateAction
 0001:00046A40       Classes.TComponent.Updated
 0001:00047140       Classes.TComponent.UpdateRegistry
 0001:00046A34       Classes.TComponent.Updating
 0001:00046AF4       Classes.TComponent.ValidateContainer
 0001:00046B08       Classes.TComponent.ValidateInsert
 0001:00046A6C       Classes.TComponent.ValidateRename
 0001:00046670       Classes.TComponent.WriteLeft
 0001:00046A64       Classes.TComponent.WriteState
 0001:0004667C       Classes.TComponent.WriteTop
 0001:00047188       Classes.TComponent._AddRef
 0001:000471A8       Classes.TComponent._Release
 0001:00046368       Classes.TComponentEnumerator.Create
 0001:000463AC       Classes.TComponentEnumerator.GetCurrent
 0001:000463B8       Classes.TComponentEnumerator.MoveNext
 0001:0003E7D8       Classes.TCustomMemoryStream.Read
 0001:0003E84C       Classes.TCustomMemoryStream.SaveToFile
 0001:0003E834       Classes.TCustomMemoryStream.SaveToStream
 0001:0003E810       Classes.TCustomMemoryStream.Seek
 0001:0003E7D0       Classes.TCustomMemoryStream.SetPointer
 0001:00044FB8       Classes.TExternalThread.Create
 0001:00044FF4       Classes.TExternalThread.Execute
 0001:0003EC98       Classes.TFiler.Create
 0001:00033770       Classes.TFiler.DefineBinaryProperty
 0001:00033768       Classes.TFiler.DefineProperty
 0001:0003ECE0       Classes.TFiler.Destroy
 0001:00033778       Classes.TFiler.FlushBuffer
 0001:0003ED08       Classes.TFiler.SetRoot
 0001:0003E5E4       Classes.TFileStream.Create
 0001:0003E628       Classes.TFileStream.Create
 0001:0003E79C       Classes.TFileStream.Destroy
 0001:0003E520       Classes.THandleStream.Create
 0001:0003E55C       Classes.THandleStream.Read
 0001:0003E57C       Classes.THandleStream.Seek
 0001:0003E5A8       Classes.THandleStream.SetSize
 0001:0003E5BC       Classes.THandleStream.SetSize
 0001:0003E56C       Classes.THandleStream.Write
 0004:00004F7C       Classes.ThreadLock
 0001:00045384       Classes.ThreadProc
 0001:00039314       Classes.TIntConst.Create
 0001:0003AB74       Classes.TInterfacedPersistent.AfterConstruction
 0001:0003AC04       Classes.TInterfacedPersistent.QueryInterface
 0001:0003ABC4       Classes.TInterfacedPersistent._AddRef
 0001:0003ABE4       Classes.TInterfacedPersistent._Release
 0001:00039A78       Classes.TList.Add
 0001:0003A33C       Classes.TList.Assign
 0001:00039AB8       Classes.TList.Clear
 0001:00039AD0       Classes.TList.Delete
 0001:00039A58       Classes.TList.Destroy
 0001:00039B38       Classes.TList.Error
 0001:00039B80       Classes.TList.Error
 0001:00039C04       Classes.TList.Exchange
 0001:00039C54       Classes.TList.Expand
 0001:0003A2E0       Classes.TList.Extract
 0001:0003A2E8       Classes.TList.ExtractItem
 0001:00039C6C       Classes.TList.First
 0001:00039C74       Classes.TList.Get
 0001:00039C98       Classes.TList.GetEnumerator
 0001:00039CA8       Classes.TList.Grow
 0001:00039CDC       Classes.TList.IndexOf
 0001:00039D00       Classes.TList.IndexOfItem
 0001:00039D2C       Classes.TList.Insert
 0001:00039DA4       Classes.TList.Last
 0001:00039DC8       Classes.TList.Move
 0001:0003A338       Classes.TList.Notify
 0001:00039EA4       Classes.TList.Pack
 0001:00039E20       Classes.TList.Put
 0001:00039E7C       Classes.TList.Remove
 0001:00039E84       Classes.TList.RemoveItem
 0001:00039F18       Classes.TList.SetCapacity
 0001:00039F54       Classes.TList.SetCount
 0001:0003A240       Classes.TList.Sort
 0001:0003A234       Classes.TList.Sort$876$ActRec.$0$Body
 0001:0003A2C0       Classes.TList.SortList
 0001:000399F0       Classes.TListEnumerator.Create
 0001:00039A34       Classes.TListEnumerator.GetCurrent
 0001:00039A40       Classes.TListEnumerator.MoveNext
 0001:0003E8D0       Classes.TMemoryStream.Clear
 0001:0003E8A4       Classes.TMemoryStream.Destroy
 0001:0003E920       Classes.TMemoryStream.LoadFromFile
 0001:0003E8E8       Classes.TMemoryStream.LoadFromStream
 0001:0003E9C8       Classes.TMemoryStream.Realloc
 0001:0003E974       Classes.TMemoryStream.SetCapacity
 0001:0003E99C       Classes.TMemoryStream.SetSize
 0001:0003EA48       Classes.TMemoryStream.Write
 0001:0003B540       Classes.TOwnedCollection.Create
 0001:0003B584       Classes.TOwnedCollection.GetOwner
 0001:0003A9FC       Classes.TPersistent.Assign
 0001:0003AA10       Classes.TPersistent.AssignError
 0001:0003AACC       Classes.TPersistent.AssignTo
 0001:0003AAD4       Classes.TPersistent.DefineProperties
 0001:0003A9D0       Classes.TPersistent.Destroy
 0001:0003AAD8       Classes.TPersistent.GetNamePath
 0001:0003AB70       Classes.TPersistent.GetOwner
 0001:0003F020       Classes.TPropFixup.Create
 0001:0003F078       Classes.TPropFixup.MakeGlobalReference
 0001:0003F0D8       Classes.TPropFixup.ResolveReference
 0001:0003F0E8       Classes.TPropIntfFixup.ResolveReference
 0001:0003F68C       Classes.TReader.BeginReferences
 0001:0003F6F4       Classes.TReader.CheckValue
 0001:00041F28       Classes.TReader.CopyValue
 0001:0003F754       Classes.TReader.DefineBinaryProperty
 0001:0003F718       Classes.TReader.DefineProperty
 0001:0003F650       Classes.TReader.Destroy
 0001:0003F9D0       Classes.TReader.DoFixupReferences
 0001:0003F83C       Classes.TReader.EndOfList
 0001:0003F850       Classes.TReader.EndReferences
 0001:0003F86C       Classes.TReader.Error
 0001:00042204       Classes.TReader.FindAncestorComponent
 0001:000422FC       Classes.TReader.FindComponentClass
 0001:0003F900       Classes.TReader.FindMethod
 0001:0003F890       Classes.TReader.FindMethodInstance
 0001:0003FB14       Classes.TReader.FixupReferences
 0001:0003FB4C       Classes.TReader.FlushBuffer
 0001:0003FB70       Classes.TReader.FreeFixups
 0001:0003FBAC       Classes.TReader.GetFieldClass
 0001:0003FC40       Classes.TReader.GetPosition
 0001:0003FC58       Classes.TReader.NextValue
 0001:0003FC68       Classes.TReader.PropertyError
 0001:0003FC7C       Classes.TReader.Read
 0001:0003FD04       Classes.TReader.ReadBoolean
 0001:0003FCC8       Classes.TReader.ReadBuffer
 0001:0003FD28       Classes.TReader.ReadChar
 0001:0003FDE8       Classes.TReader.ReadCollection
 0001:000402B4       Classes.TReader.ReadComponent
 0001:000415F8       Classes.TReader.ReadComponents
 0001:000406F4       Classes.TReader.ReadCurrency
 0001:000404F4       Classes.TReader.ReadData
 0001:00040564       Classes.TReader.ReadDataInner
 0001:00040744       Classes.TReader.ReadDate
 0001:0004066C       Classes.TReader.ReadDouble
 0001:00040634       Classes.TReader.ReadFloat
 0001:00040788       Classes.TReader.ReadIdent
 0001:00040968       Classes.TReader.ReadInt64
 0001:000408FC       Classes.TReader.ReadInteger
 0001:000409AC       Classes.TReader.ReadListBegin
 0001:000409B4       Classes.TReader.ReadListEnd
 0001:000409BC       Classes.TReader.ReadPrefix
 0001:00040AE8       Classes.TReader.ReadProperty
 0001:00040EE4       Classes.TReader.ReadPropValue
 0001:000412C4       Classes.TReader.ReadRootComponent
 0001:000416E8       Classes.TReader.ReadSet
 0001:000417A4       Classes.TReader.ReadSignature
 0001:000406B0       Classes.TReader.ReadSingle
 0001:000417C8       Classes.TReader.ReadStr
 0001:00041858       Classes.TReader.ReadString
 0001:00041A80       Classes.TReader.ReadValue
 0001:00042580       Classes.TReader.ReadVariant
 0001:0003FD88       Classes.TReader.ReadWideChar
 0001:00041940       Classes.TReader.ReadWideString
 0001:000422BC       Classes.TReader.ReferenceName
 0001:000422D4       Classes.TReader.SetName
 0001:00041A94       Classes.TReader.SetPosition
 0001:00042370       Classes.TReader.SkipBytes
 0001:00042158       Classes.TReader.SkipComponent
 0001:00042110       Classes.TReader.SkipProperty
 0001:00041AB4       Classes.TReader.SkipSetBody
 0001:00041BBC       Classes.TReader.SkipValue
 0001:000381E8       Classes.TRegGroup.AddClass
 0001:000381F4       Classes.TRegGroup.BestClass
 0001:00038254       Classes.TRegGroup.BestGroup
 0001:000382C4       Classes.TRegGroup.Create
 0001:00038320       Classes.TRegGroup.Destroy
 0001:00038360       Classes.TRegGroup.GetClass
 0001:000383B0       Classes.TRegGroup.GetClasses
 0001:000383F8       Classes.TRegGroup.IndexOfClass
 0001:00038470       Classes.TRegGroup.InGroup
 0001:000384B4       Classes.TRegGroup.RegisterClass
 0001:00038568       Classes.TRegGroup.RegisterClassAlias
 0001:000385A0       Classes.TRegGroup.Registered
 0001:000385B8       Classes.TRegGroup.UnregisterClass
 0001:00038618       Classes.TRegGroup.UnregisterModuleClasses
 0001:00038758       Classes.TRegGroups.Activate
 0001:000387A4       Classes.TRegGroups.AddClass
 0001:000387C4       Classes.TRegGroups.Create
 0001:00038838       Classes.TRegGroups.Destroy
 0001:00038898       Classes.TRegGroups.FindGroup
 0001:000388DC       Classes.TRegGroups.GetClass
 0001:00038920       Classes.TRegGroups.GroupedWith
 0001:000389C4       Classes.TRegGroups.GroupWith
 0001:00038A98       Classes.TRegGroups.Lock
 0001:00038AA4       Classes.TRegGroups.RegisterClass
 0001:00038ABC       Classes.TRegGroups.RegisterClassAlias
 0001:00038ADC       Classes.TRegGroups.Registered
 0001:00038B20       Classes.TRegGroups.StartGroup
 0001:00038B70       Classes.TRegGroups.Unlock
 0001:00038B7C       Classes.TRegGroups.UnregisterClass
 0001:00038BAC       Classes.TRegGroups.UnregisterModuleClasses
 0001:0003EA98       Classes.TResourceStream.Create
 0001:0003EAF0       Classes.TResourceStream.CreateFromID
 0001:0003EC50       Classes.TResourceStream.Destroy
 0001:0003EBE4       Classes.TResourceStream.Initialize
 0001:0003EC80       Classes.TResourceStream.Write
 0001:0003DEFC       Classes.TStream.CopyFrom
 0001:0003E33C       Classes.TStream.FixupResourceHeader
 0001:0003DBE8       Classes.TStream.GetPosition
 0001:0003DC1C       Classes.TStream.GetSize
 0001:00031D98       Classes.TStream.Read
 0001:0003DE3C       Classes.TStream.ReadBuffer
 0001:0003DFF0       Classes.TStream.ReadComponent
 0001:0003E0B4       Classes.TStream.ReadComponentRes
 0001:0003E434       Classes.TStream.ReadResHeader
 0001:0003DD48       Classes.TStream.Seek
 0001:0003DDCC       Classes.TStream.Seek
 0001:0003DC08       Classes.TStream.SetPosition
 0001:0003DC80       Classes.TStream.SetSize
 0001:0003DC68       Classes.TStream.SetSize
 0001:0003DC6C       Classes.TStream.SetSize64
 0001:00031DA0       Classes.TStream.Write
 0001:0003DE9C       Classes.TStream.WriteBuffer
 0001:0003E050       Classes.TStream.WriteComponent
 0001:0003E0D0       Classes.TStream.WriteComponentRes
 0001:0003E058       Classes.TStream.WriteDescendent
 0001:0003E400       Classes.TStream.WriteDescendentRes
 0001:0003E0D8       Classes.TStream.WriteResourceHeader
 0001:00047AD8       Classes.TStreamAdapter.Clone
 0001:00047A2C       Classes.TStreamAdapter.Commit
 0001:00047824       Classes.TStreamAdapter.CopyTo
 0001:000475E8       Classes.TStreamAdapter.Create
 0001:00047634       Classes.TStreamAdapter.Destroy
 0001:00047A44       Classes.TStreamAdapter.LockRegion
 0001:0004766C       Classes.TStreamAdapter.Read
 0001:00047A38       Classes.TStreamAdapter.Revert
 0001:0004773C       Classes.TStreamAdapter.Seek
 0001:000477C0       Classes.TStreamAdapter.SetSize
 0001:00047A5C       Classes.TStreamAdapter.Stat
 0001:00047A50       Classes.TStreamAdapter.UnlockRegion
 0001:000476D4       Classes.TStreamAdapter.Write
 0001:0003D408       Classes.TStringList.Add
 0001:0003D418       Classes.TStringList.AddObject
 0001:0003D47C       Classes.TStringList.Assign
 0001:0003D4B8       Classes.TStringList.Changed
 0001:0003D4D4       Classes.TStringList.Changing
 0001:0003D4F0       Classes.TStringList.Clear
 0001:0003DB28       Classes.TStringList.CompareStrings
 0001:0003DB7C       Classes.TStringList.Create
 0001:0003DB44       Classes.TStringList.Create
 0001:0003DAF0       Classes.TStringList.CustomSort
 0001:0003D5D8       Classes.TStringList.Delete
 0001:0003D2FC       Classes.TStringList.Destroy
 0001:0003D664       Classes.TStringList.Exchange
 0001:0003D6C0       Classes.TStringList.ExchangeItems
 0001:0003D6E4       Classes.TStringList.Find
 0001:0003D768       Classes.TStringList.Get
 0001:0003D798       Classes.TStringList.GetCapacity
 0001:0003D79C       Classes.TStringList.GetCount
 0001:0003D7A0       Classes.TStringList.GetObject
 0001:0003D7C4       Classes.TStringList.Grow
 0001:0003D7F8       Classes.TStringList.IndexOf
 0001:0003D834       Classes.TStringList.Insert
 0001:0003D898       Classes.TStringList.InsertItem
 0001:0003D844       Classes.TStringList.InsertObject
 0001:0003D914       Classes.TStringList.Put
 0001:0003D96C       Classes.TStringList.PutObject
 0001:0003D9A8       Classes.TStringList.QuickSort
 0001:0003DA40       Classes.TStringList.SetCapacity
 0001:0003DBC0       Classes.TStringList.SetCaseSensitive
 0001:0003DA80       Classes.TStringList.SetSorted
 0001:0003DAA0       Classes.TStringList.SetUpdateState
 0001:0003DAE0       Classes.TStringList.Sort
 0001:0003B6B8       Classes.TStrings.Add
 0001:0003B6DC       Classes.TStrings.AddObject
 0001:0003B828       Classes.TStrings.AddStrings
 0001:0003B70C       Classes.TStrings.AddStrings
 0001:0003B7C4       Classes.TStrings.AddStrings
 0001:0003B700       Classes.TStrings.Append
 0001:0003B8CC       Classes.TStrings.Assign
 0001:0003B9A8       Classes.TStrings.BeginUpdate
 0001:00030FE4       Classes.TStrings.Clear
 0001:0003D080       Classes.TStrings.CompareStrings
 0001:0003B600       Classes.TStrings.Create
 0001:0003BA18       Classes.TStrings.DefineProperties
 0001:00030FEC       Classes.TStrings.Delete
 0001:0003B648       Classes.TStrings.Destroy
 0001:0003BA70       Classes.TStrings.EndUpdate
 0001:0003BA84       Classes.TStrings.Equals
 0001:0003BB2C       Classes.TStrings.Error
 0001:0003BBB0       Classes.TStrings.Exchange
 0001:0003BC9C       Classes.TStrings.ExtractName
 0001:0003BD18       Classes.TStrings.GetCapacity
 0001:0003BD20       Classes.TStrings.GetCommaText
 0001:0003BDB8       Classes.TStrings.GetDelimitedText
 0001:0003CEDC       Classes.TStrings.GetDelimiter
 0001:0003C028       Classes.TStrings.GetEnumerator
 0001:0003CEF8       Classes.TStrings.GetLineBreak
 0001:0003C038       Classes.TStrings.GetName
 0001:0003D08C       Classes.TStrings.GetNameValueSeparator
 0001:0003C098       Classes.TStrings.GetObject
 0001:0003CF34       Classes.TStrings.GetQuoteChar
 0001:0003CF50       Classes.TStrings.GetStrictDelimiter
 0001:0003C09C       Classes.TStrings.GetText
 0001:0003C0F0       Classes.TStrings.GetTextStr
 0001:0003C234       Classes.TStrings.GetValue
 0001:0003D0C8       Classes.TStrings.GetValueFromIndex
 0001:0003C2C0       Classes.TStrings.IndexOf
 0001:0003C34C       Classes.TStrings.IndexOfName
 0001:0003C420       Classes.TStrings.IndexOfObject
 0001:00030FF4       Classes.TStrings.Insert
 0001:0003C454       Classes.TStrings.InsertObject
 0001:0003C4D8       Classes.TStrings.LoadFromFile
 0001:0003C484       Classes.TStrings.LoadFromFile
 0001:0003C534       Classes.TStrings.LoadFromStream
 0001:0003C540       Classes.TStrings.LoadFromStream
 0001:0003C644       Classes.TStrings.Move
 0001:0003C704       Classes.TStrings.Put
 0001:0003C734       Classes.TStrings.PutObject
 0001:0003C738       Classes.TStrings.ReadData
 0001:0003C7F8       Classes.TStrings.SaveToFile
 0001:0003C7E8       Classes.TStrings.SaveToFile
 0001:0003C858       Classes.TStrings.SaveToStream
 0001:0003C868       Classes.TStrings.SaveToStream
 0001:0003C924       Classes.TStrings.SetCapacity
 0001:0003C928       Classes.TStrings.SetCommaText
 0001:0003CF68       Classes.TStrings.SetDefaultEncoding
 0001:0003CD2C       Classes.TStrings.SetDelimitedText
 0001:0003CFB0       Classes.TStrings.SetDelimiter
 0001:0003CFD0       Classes.TStrings.SetEncoding
 0001:0003D018       Classes.TStrings.SetLineBreak
 0001:0003D0A8       Classes.TStrings.SetNameValueSeparator
 0001:0003D044       Classes.TStrings.SetQuoteChar
 0001:0003D064       Classes.TStrings.SetStrictDelimiter
 0001:0003C9C0       Classes.TStrings.SetStringsAdapter
 0001:0003C9F4       Classes.TStrings.SetText
 0001:0003CA44       Classes.TStrings.SetTextStr
 0001:0003CBF0       Classes.TStrings.SetUpdateState
 0001:0003CBF4       Classes.TStrings.SetValue
 0001:0003D164       Classes.TStrings.SetValueFromIndex
 0001:0003D2AC       Classes.TStrings.ToObjectArray
 0001:0003D214       Classes.TStrings.ToStringArray
 0001:0003CCA8       Classes.TStrings.WriteData
 0001:0003B588       Classes.TStringsEnumerator.Create
 0001:0003B5CC       Classes.TStringsEnumerator.GetCurrent
 0001:0003B5E4       Classes.TStringsEnumerator.MoveNext
 0004:00004F58       Classes.TThread.$ClassInitFlag
 0001:00045620       Classes.TThread.AfterConstruction
 0001:00045700       Classes.TThread.CallOnTerminate
 0001:00045634       Classes.TThread.CheckTerminated
 0001:000456E8       Classes.TThread.CheckThreadError
 0001:0004566C       Classes.TThread.CheckThreadError
 0001:00045438       Classes.TThread.Create
 0001:00045470       Classes.TThread.Create
 0002:0000026C       Classes.TThread.Create@
 0001:00045574       Classes.TThread.CreateAnonymousThread
 0001:00045584       Classes.TThread.Destroy
 0001:000455F8       Classes.TThread.Destroy@
 0001:00045714       Classes.TThread.DoTerminate
 0005:00000008       Classes.TThread.FCurrentThread
 0004:00004F54       Classes.TThread.FProcessorCount
 0001:00045728       Classes.TThread.GetCurrentThread
 0001:00045848       Classes.TThread.GetPriority
 0001:0004579C       Classes.TThread.InternalStart
 0001:000462C8       Classes.TThread.NameThreadForDebugging
 0001:0004593C       Classes.TThread.Queue
 0001:00045A08       Classes.TThread.Queue
 0001:00045EA0       Classes.TThread.Queue
 0001:000458B0       Classes.TThread.Queue
 0001:00045AA8       Classes.TThread.RemoveQueuedEvents
 0001:00046034       Classes.TThread.RemoveQueuedEvents
 0001:000460E8       Classes.TThread.RemoveQueuedEvents
 0001:000461B8       Classes.TThread.Resume
 0001:00045884       Classes.TThread.SetPriority
 0001:00045B7C       Classes.TThread.SetReturnValue
 0001:000460FC       Classes.TThread.SetSuspended
 0001:00046130       Classes.TThread.Sleep
 0001:00046114       Classes.TThread.SpinWait
 0001:00046140       Classes.TThread.Start
 0001:00045BB8       Classes.TThread.StaticQueue
 0001:00046020       Classes.TThread.StaticSynchronize
 0001:00046148       Classes.TThread.Suspend
 0001:00045BCC       Classes.TThread.Synchronize
 0001:00045D74       Classes.TThread.Synchronize
 0001:00045DA8       Classes.TThread.Synchronize
 0001:00045F84       Classes.TThread.Synchronize
 0001:00045E10       Classes.TThread.Synchronize
 0001:000461E0       Classes.TThread.Terminate
 0001:00046204       Classes.TThread.WaitFor
 0001:00046138       Classes.TThread.Yield
 0001:0003A6DC       Classes.TThreadList.Add
 0001:0003A764       Classes.TThreadList.Clear
 0001:0003A608       Classes.TThreadList.Create
 0001:0003A660       Classes.TThreadList.Destroy
 0001:0003A7AC       Classes.TThreadList.LockList
 0001:0003A7CC       Classes.TThreadList.Remove
 0001:0003A7D4       Classes.TThreadList.RemoveItem
 0001:0003A828       Classes.TThreadList.UnlockList
 0001:000427CC       Classes.TWriter.AddAncestor
 0001:00042800       Classes.TWriter.DefineBinaryProperty
 0001:000427D8       Classes.TWriter.DefineProperty
 0001:000427A0       Classes.TWriter.Destroy
 0001:0004283C       Classes.TWriter.FindMethodName
 0001:00042884       Classes.TWriter.FlushBuffer
 0001:00044DB0       Classes.TWriter.GetLookupInfo
 0001:0004282C       Classes.TWriter.GetPosition
 0001:0004288C       Classes.TWriter.SetPosition
 0001:000428C8       Classes.TWriter.SetRoot
 0001:000428E0       Classes.TWriter.Write
 0001:0004292C       Classes.TWriter.WriteBinary
 0001:000429CC       Classes.TWriter.WriteBoolean
 0001:000429B4       Classes.TWriter.WriteBuffer
 0001:000429E0       Classes.TWriter.WriteChar
 0001:00042A80       Classes.TWriter.WriteCollection
 0001:00042B70       Classes.TWriter.WriteComponent
 0001:00043118       Classes.TWriter.WriteCurrency
 0001:00042CC4       Classes.TWriter.WriteData
 0001:0004313C       Classes.TWriter.WriteDate
 0001:00043084       Classes.TWriter.WriteDescendent
 0001:000430F4       Classes.TWriter.WriteDouble
 0001:000430AC       Classes.TWriter.WriteFloat
 0001:00043160       Classes.TWriter.WriteIdent
 0001:000432B8       Classes.TWriter.WriteInteger
 0001:00043244       Classes.TWriter.WriteInteger
 0001:00043310       Classes.TWriter.WriteListBegin
 0001:00043318       Classes.TWriter.WriteListEnd
 0001:00044B88       Classes.TWriter.WriteMinStr
 0001:00043320       Classes.TWriter.WritePrefix
 0001:00043368       Classes.TWriter.WriteProperties
 0001:0004459C       Classes.TWriter.WriteProperty
 0001:00044AD0       Classes.TWriter.WritePropName
 0001:00044B24       Classes.TWriter.WriteRootComponent
 0001:00044B2C       Classes.TWriter.WriteSignature
 0001:000430D0       Classes.TWriter.WriteSingle
 0001:00044B3C       Classes.TWriter.WriteStr
 0001:00044C4C       Classes.TWriter.WriteString
 0001:00044D00       Classes.TWriter.WriteUTF8Str
 0001:00044D9C       Classes.TWriter.WriteValue
 0001:000446F0       Classes.TWriter.WriteVariant
 0001:00042A30       Classes.TWriter.WriteWideChar
 0001:00044D94       Classes.TWriter.WriteWideString
 0001:00039534       Classes.UnregisterFindGlobalComponentProc
 0001:0003901C       Classes.UnRegisterModuleClasses
 0003:00000FF8       Classes.UtilWindowClass
 0001:00045130       Classes.WaitForSyncEvent
 0003:00000FA0       Classes.WakeMainThread
 0001:00039868       Classes.WriteCollection
 0001:00043CF0       Classes.WriteCollectionProp
 0001:00043E8C       Classes.WriteFloatProp
 0001:00043ECC       Classes.WriteInt64Prop
 0001:000442EC       Classes.WriteInterfaceProp
 0001:00043C84       Classes.WriteIntProp
 0001:000444A8       Classes.WriteMethodProp
 0001:000440D8       Classes.WriteObjectProp
 0001:00043D94       Classes.WriteOrdProp
 0001:00043B98       Classes.WritePropPath
 0001:00043BF0       Classes.WriteSet
 0001:00043F08       Classes.WriteStrProp
 0001:00044538       Classes.WriteVariantProp
 0004:0000524C       Clipbrd..3
 0004:0000524A       Clipbrd.CF_COMPONENT
 0004:00005248       Clipbrd.CF_PICTURE
 0002:00000BA0       Clipbrd.Clipbrd
 0004:00005250       Clipbrd.FClipboard
 0001:000A4C90       Clipbrd.Finalization
 0004:0000522C       ComCtrls..96
 0001:000A1274       ComCtrls..TConversion
 0001:0009F4A8       ComCtrls..TCustomTabControl
 0001:000A0438       ComCtrls..TPageControl
 0001:0009FA9C       ComCtrls..TTabSheet
 0001:000A149C       ComCtrls..TTabStrings
 0003:00001D30       ComCtrls.AlignStyles
 0002:00000B24       ComCtrls.ComCtrls
 0004:00005230       ComCtrls.ConversionFormatList
 0001:000A4224       ComCtrls.Finalization
 0001:000A41C4       ComCtrls.FreeConversionFormatList
 0004:00005238       ComCtrls.FRichEditModule
 0001:000A1428       ComCtrls.InitCommonControl
 0003:00001D5C       ComCtrls.RRStyles
 0003:00001D08       ComCtrls.RTFConversionFormat
 0003:00001D18       ComCtrls.RTL
 0003:00001D28       ComCtrls.RTL
 0003:00001D20       ComCtrls.RTL
 0001:000A1454       ComCtrls.SetComCtlStyle
 0004:00005234       ComCtrls.ShellModule
 0001:000A1694       ComCtrls.TabControlError
 0003:00001D50       ComCtrls.TabStyles
 0001:000A410C       ComCtrls.TConversion.ConvertReadStream
 0001:000A4168       ComCtrls.TConversion.ConvertWriteStream
 0001:000A40D4       ComCtrls.TConversion.Create
 0001:000A2960       ComCtrls.TCustomTabControl.AdjustClientRect
 0001:000A1D54       ComCtrls.TCustomTabControl.CanChange
 0001:000A1D80       ComCtrls.TCustomTabControl.CanShowTab
 0001:000A1D84       ComCtrls.TCustomTabControl.Change
 0001:000A287C       ComCtrls.TCustomTabControl.CMDialogChar
 0001:000A27DC       ComCtrls.TCustomTabControl.CMFontChanged
 0001:000A2804       ComCtrls.TCustomTabControl.CMSysColorChange
 0001:000A282C       ComCtrls.TCustomTabControl.CMTabStopChanged
 0001:000A2614       ComCtrls.TCustomTabControl.CNDrawItem
 0001:000A2838       ComCtrls.TCustomTabControl.CNNotify
 0001:000A1C20       ComCtrls.TCustomTabControl.Create
 0001:000A1DA4       ComCtrls.TCustomTabControl.CreateParams
 0001:000A1EBC       ComCtrls.TCustomTabControl.CreateWnd
 0001:000A1CE0       ComCtrls.TCustomTabControl.Destroy
 0001:000A1F50       ComCtrls.TCustomTabControl.DrawTab
 0001:000A1F8C       ComCtrls.TCustomTabControl.GetDisplayRect
 0001:000A29F0       ComCtrls.TCustomTabControl.GetHitTestInfoAt
 0001:000A1FC4       ComCtrls.TCustomTabControl.GetImageIndex
 0001:000A1FEC       ComCtrls.TCustomTabControl.GetTabIndex
 0001:000A2C14       ComCtrls.TCustomTabControl.GetTabs
 0001:000A20D8       ComCtrls.TCustomTabControl.ImageListChange
 0001:000A2990       ComCtrls.TCustomTabControl.IndexOfTabAt
 0001:000A20F8       ComCtrls.TCustomTabControl.InternalSetMultiLine
 0001:000A2008       ComCtrls.TCustomTabControl.Loaded
 0001:000A2038       ComCtrls.TCustomTabControl.Notification
 0001:000A2ABC       ComCtrls.TCustomTabControl.RowCount
 0001:000A2AD4       ComCtrls.TCustomTabControl.ScrollTabs
 0001:000A2024       ComCtrls.TCustomTabControl.SetHotTrack
 0001:000A2068       ComCtrls.TCustomTabControl.SetImages
 0001:000A2188       ComCtrls.TCustomTabControl.SetMultiLine
 0001:000A21A8       ComCtrls.TCustomTabControl.SetOwnerDraw
 0001:000A21BC       ComCtrls.TCustomTabControl.SetRaggedRight
 0001:000A21D8       ComCtrls.TCustomTabControl.SetScrollOpposite
 0001:000A21F8       ComCtrls.TCustomTabControl.SetStyle
 0001:000A2288       ComCtrls.TCustomTabControl.SetTabHeight
 0001:000A2328       ComCtrls.TCustomTabControl.SetTabIndex
 0001:000A234C       ComCtrls.TCustomTabControl.SetTabPosition
 0001:000A23E4       ComCtrls.TCustomTabControl.SetTabWidth
 0001:000A2A9C       ComCtrls.TCustomTabControl.TabRect
 0001:000A249C       ComCtrls.TCustomTabControl.TabsChanged
 0001:000A2B90       ComCtrls.TCustomTabControl.TCMAdjustRect
 0001:000A2518       ComCtrls.TCustomTabControl.UpdateTabImages
 0001:000A24DC       ComCtrls.TCustomTabControl.UpdateTabSize
 0001:000A2708       ComCtrls.TCustomTabControl.WMDestroy
 0001:000A2798       ComCtrls.TCustomTabControl.WMNotifyFormat
 0001:000A27BC       ComCtrls.TCustomTabControl.WMSize
 0003:00001D10       ComCtrls.TextConversionFormat
 0001:000A33B8       ComCtrls.TPageControl.CanShowTab
 0001:000A33DC       ComCtrls.TPageControl.Change
 0001:000A3424       ComCtrls.TPageControl.ChangeActivePage
 0001:000A3AE0       ComCtrls.TPageControl.CMDesignHitTest
 0001:000A3B48       ComCtrls.TPageControl.CMDialogKey
 0001:000A3BB4       ComCtrls.TPageControl.CMDockClient
 0001:000A3D50       ComCtrls.TPageControl.CMDockNotification
 0001:000A3E68       ComCtrls.TPageControl.CMUnDockClient
 0001:000A32B0       ComCtrls.TPageControl.Create
 0001:000A352C       ComCtrls.TPageControl.DeleteTab
 0001:000A3304       ComCtrls.TPageControl.Destroy
 0001:000A3588       ComCtrls.TPageControl.DoAddDockClient
 0001:000A359C       ComCtrls.TPageControl.DockOver
 0001:000A35F0       ComCtrls.TPageControl.DoRemoveDockClient
 0001:000A3624       ComCtrls.TPageControl.FindNextPage
 0001:000A3FC4       ComCtrls.TPageControl.GetActivePageIndex
 0001:000A36AC       ComCtrls.TPageControl.GetChildren
 0001:000A3E94       ComCtrls.TPageControl.GetDockClientFromMousePos
 0001:000A36EC       ComCtrls.TPageControl.GetImageIndex
 0001:000A37B8       ComCtrls.TPageControl.GetPage
 0001:000A37D0       ComCtrls.TPageControl.GetPageCount
 0001:000A3768       ComCtrls.TPageControl.GetPageFromDockClient
 0001:000A37DC       ComCtrls.TPageControl.GetSiteInfo
 0001:000A3820       ComCtrls.TPageControl.InsertPage
 0001:000A3844       ComCtrls.TPageControl.InsertTab
 0001:000A33A4       ComCtrls.TPageControl.Loaded
 0001:000A38B0       ComCtrls.TPageControl.MoveTab
 0001:000A40A4       ComCtrls.TPageControl.PageIndexFromTabIndex
 0001:000A38D0       ComCtrls.TPageControl.RemovePage
 0001:000A3924       ComCtrls.TPageControl.SelectNextPage
 0001:000A3970       ComCtrls.TPageControl.SetActivePage
 0001:000A3FDC       ComCtrls.TPageControl.SetActivePageIndex
 0001:000A3A04       ComCtrls.TPageControl.SetChildOrder
 0001:000A4014       ComCtrls.TPageControl.SetTabIndex
 0001:000A3A10       ComCtrls.TPageControl.ShowControl
 0001:000A3AA4       ComCtrls.TPageControl.UpdateActivePage
 0001:000A3A44       ComCtrls.TPageControl.UpdateTab
 0001:000A3364       ComCtrls.TPageControl.UpdateTabHighlights
 0001:000A406C       ComCtrls.TPageControl.WMEraseBkGnd
 0001:000A3F78       ComCtrls.TPageControl.WMLButtonDblClk
 0001:000A3F24       ComCtrls.TPageControl.WMLButtonDown
 0001:000A2F88       ComCtrls.TTabSheet.CMShowingChanged
 0001:000A2F70       ComCtrls.TTabSheet.CMTextChanged
 0001:000A2C28       ComCtrls.TTabSheet.Create
 0001:000A2D88       ComCtrls.TTabSheet.CreateParams
 0001:000A2C90       ComCtrls.TTabSheet.Destroy
 0001:000A2CDC       ComCtrls.TTabSheet.DoHide
 0001:000A2CFC       ComCtrls.TTabSheet.DoShow
 0001:000A2D1C       ComCtrls.TTabSheet.GetPageIndex
 0001:000A2D38       ComCtrls.TTabSheet.GetTabIndex
 0001:000A2DA4       ComCtrls.TTabSheet.ReadState
 0001:000A3030       ComCtrls.TTabSheet.SetHighlighted
 0001:000A2DD8       ComCtrls.TTabSheet.SetImageIndex
 0001:000A2E00       ComCtrls.TTabSheet.SetPageControl
 0001:000A2E34       ComCtrls.TTabSheet.SetPageIndex
 0001:000A2EC8       ComCtrls.TTabSheet.SetTabShowing
 0001:000A2F0C       ComCtrls.TTabSheet.SetTabVisible
 0001:000A2F20       ComCtrls.TTabSheet.UpdateControlOriginalParentSize
 0001:000A2F50       ComCtrls.TTabSheet.UpdateTabShowing
 0001:000A31E4       ComCtrls.TTabSheet.WMEraseBkgnd
 0001:000A30CC       ComCtrls.TTabSheet.WMNCPaint
 0001:000A16AC       ComCtrls.TTabStrings.Clear
 0001:000A171C       ComCtrls.TTabStrings.Delete
 0001:000A17B8       ComCtrls.TTabStrings.Get
 0001:000A18BC       ComCtrls.TTabStrings.GetCount
 0001:000A18D8       ComCtrls.TTabStrings.GetObject
 0001:000A1AF8       ComCtrls.TTabStrings.Insert
 0001:000A1978       ComCtrls.TTabStrings.Put
 0001:000A1A58       ComCtrls.TTabStrings.PutObject
 0001:000A1BD8       ComCtrls.TTabStrings.SetUpdateState
 0004:00005048       CommCtrl.ComCtl32DLL
 0001:0005A97C       CommCtrl.FlatSB_GetScrollInfo
 0001:0005A984       CommCtrl.FlatSB_GetScrollPos
 0001:0005A98C       CommCtrl.FlatSB_SetScrollInfo
 0001:0005A994       CommCtrl.FlatSB_SetScrollPos
 0001:0005A99C       CommCtrl.FlatSB_SetScrollProp
 0001:0005A8B4       CommCtrl.ImageList_Add
 0001:0005A914       CommCtrl.ImageList_BeginDrag
 0001:0005A90C       CommCtrl.ImageList_Copy
 0001:0005A894       CommCtrl.ImageList_Create
 0001:0005A89C       CommCtrl.ImageList_Destroy
 0001:0005A924       CommCtrl.ImageList_DragEnter
 0001:0005A92C       CommCtrl.ImageList_DragLeave
 0001:0005A934       CommCtrl.ImageList_DragMove
 0001:0005A93C       CommCtrl.ImageList_DragShowNolock
 0001:0005A8DC       CommCtrl.ImageList_Draw
 0001:0005A8EC       CommCtrl.ImageList_DrawEx
 0001:0005A91C       CommCtrl.ImageList_EndDrag
 0001:0005A8CC       CommCtrl.ImageList_GetBkColor
 0001:0005A944       CommCtrl.ImageList_GetDragImage
 0001:0005A8FC       CommCtrl.ImageList_GetIcon
 0001:0005A95C       CommCtrl.ImageList_GetIconSize
 0001:0005A8A4       CommCtrl.ImageList_GetImageCount
 0001:0005A96C       CommCtrl.ImageList_GetImageInfo
 0001:0005A904       CommCtrl.ImageList_LoadImage
 0001:0005A94C       CommCtrl.ImageList_Read
 0001:0005A8F4       CommCtrl.ImageList_Remove
 0001:0005A8E4       CommCtrl.ImageList_Replace
 0001:0005A8BC       CommCtrl.ImageList_ReplaceIcon
 0001:0005A8C4       CommCtrl.ImageList_SetBkColor
 0001:0005A964       CommCtrl.ImageList_SetIconSize
 0001:0005A8AC       CommCtrl.ImageList_SetImageCount
 0001:0005A8D4       CommCtrl.ImageList_SetOverlayImage
 0001:0005A954       CommCtrl.ImageList_Write
 0001:0005A7E0       CommCtrl.InitComCtl
 0001:0005A7D8       CommCtrl.InitCommonControls
 0001:0005A860       CommCtrl.InitCommonControlsEx
 0001:0005A9A4       CommCtrl.InitializeFlatSB
 0004:0000504C       CommCtrl._InitCommonControlsEx
 0001:0005A974       CommCtrl._TrackMouseEvent
 0001:0005A448       Contnrs..TOrderedList
 0001:0005A660       Contnrs..TStack
 0001:0005A6F0       Contnrs.TOrderedList.AtLeast
 0001:0005A71C       Contnrs.TOrderedList.Count
 0001:0005A724       Contnrs.TOrderedList.Create
 0001:0005A768       Contnrs.TOrderedList.Destroy
 0001:0005A6FC       Contnrs.TOrderedList.Peek
 0001:0005A798       Contnrs.TOrderedList.PeekItem
 0001:0005A704       Contnrs.TOrderedList.Pop
 0001:0005A7AC       Contnrs.TOrderedList.PopItem
 0001:0005A70C       Contnrs.TOrderedList.Push
 0001:0005A7CC       Contnrs.TStack.PushItem
 0004:00005134       Controls..44
 0001:0005E3C0       Controls..TBaseDragControlObject
 0001:0006206C       Controls..TControl
 0001:0005EE80       Controls..TControlActionLink
 0001:0005EC34       Controls..TControlCanvas
 0001:00065ACC       Controls..TCustomControl
 0001:0006014C       Controls..TCustomGestureCollectionItem
 0001:0006098C       Controls..TCustomGestureEngine
 0001:000603AC       Controls..TCustomGestureManager
 0001:00068078       Controls..TCustomHint
 0001:00067E20       Controls..TCustomHintShowHideThread
 0001:000679E4       Controls..TCustomHintWindow
 0001:0006720C       Controls..TCustomPanningWindow
 0001:00060B60       Controls..TCustomTouchManager
 0001:00066E98       Controls..TDockTree
 0001:000668AC       Controls..TDockZone
 0001:0005E55C       Controls..TDragControlObject
 0001:0005E698       Controls..TDragControlObjectEx
 0001:0005E7A4       Controls..TDragDockObject
 0001:0005EB1C       Controls..TDragDockObjectEx
 0001:000661A8       Controls..TDragImageList
 0001:0005DEBC       Controls..TDragObject
 0001:000658FC       Controls..TGraphicControl
 0001:00065CE8       Controls..THintWindow
 0001:00066604       Controls..TImageList
 0001:0005F784       Controls..TMargins
 0001:000674BC       Controls..TMouse
 0001:0005FC68       Controls..TPadding
 0001:00068D84       Controls..TSiteList
 0001:0005F51C       Controls..TSizeConstraints
 0001:00061114       Controls..TTouchManager
 0001:000643E8       Controls..TWinControl
 0001:00063E2C       Controls..TWinControlActionLink
 0001:00069538       Controls.AbsMin
 0004:00005168       Controls.ActiveDrag
 0001:00070290       Controls.AlignNestedControls
 0001:0007023C       Controls.AlignWork
 0003:00001430       Controls.AnchorAlign
 0003:00001424       Controls.AnimateWindowProc
 0003:000015A8       Controls.AnimationStyle
[...]
 0004:00002B48       System.SetThreadPreferredUILanguages
 0004:00002B4C       System.GetThreadUILanguage
 0004:00002B50       System.UseThreadUILanguageAPI
 0004:00002B51       System.CrSec
 0004:00002B6A       System.CachedLangID
 0004:00002B6C       System.CachedLanguageNames
 0004:00002C18       System...
 0004:00002C30       SysInit.ModuleIsLib
 0004:00002C31       SysInit.ModuleIsCpp
 0004:00002C34       SysInit.HInstance
 0004:00002C38       SysInit.tlsBuffer
 0004:00002C3C       Windows..2
 0004:00002C40       Windows.HtmlHelpModule
 0004:00002C44       Character.DataTable
 0004:00002C48       Character.CatIndexPrimary
 0004:00002C4C       Character.CatIndexSecondary
 0004:00002C50       Character.CategoryTable
 0004:00002C54       Character.NumIndexPrimary
 0004:00002C58       Character.NumIndexSecondary
 0004:00002C5C       Character.NumericValueTable
 0004:00002C60       ExcUtils..2
 0004:00002C64       SysUtils.TLanguages.$ClassInitFlag
 0004:00002C68       SysUtils.Exception.$ClassInitFlag
 0004:00002C6C       SysUtils.Exception.GetExceptionStackInfoProc
 0004:00002C70       SysUtils.Exception.GetStackInfoStringProc
 0004:00002C74       SysUtils.Exception.CleanUpStackInfoProc
 0004:00002C78       SysUtils.CurrencyString
 0004:00002C7C       SysUtils.CurrencyFormat
 0004:00002C7D       SysUtils.CurrencyDecimals
 0004:00002C7E       SysUtils.DateSeparator
 0004:00002C80       SysUtils.TimeSeparator
 0004:00002C82       SysUtils.ListSeparator
 0004:00002C84       SysUtils.ShortDateFormat
 0004:00002C88       SysUtils.LongDateFormat
 0004:00002C8C       SysUtils.TimeAMString
 0004:00002C90       SysUtils.TimePMString
 0004:00002C94       SysUtils.ShortTimeFormat
 0004:00002C98       SysUtils.LongTimeFormat
 0004:00002C9C       SysUtils.ShortMonthNames
 0004:00002CCC       SysUtils.LongMonthNames
 0004:00002CFC       SysUtils.ShortDayNames
 0004:00002D18       SysUtils.LongDayNames
 0004:00002D34       SysUtils.ThousandSeparator
 0004:00002D36       SysUtils.DecimalSeparator
 0004:00002D38       SysUtils.TwoDigitYearCenturyWindow
 0004:00002D3A       SysUtils.NegCurrFormat
 0004:00002D3B       SysUtils.SysLocale
 0004:00002D4C       SysUtils.EraNames
 0004:00002D68       SysUtils.EraYearOffsets
 0004:00002D84       SysUtils.TrueBoolStrs
 0004:00002D88       SysUtils.FalseBoolStrs
 0004:00002D8C       SysUtils.TEncoding.FASCIIEncoding
 0004:00002D90       SysUtils.TEncoding.FBigEndianUnicodeEncoding
 0004:00002D94       SysUtils.TEncoding.FDefaultEncoding
 0004:00002D98       SysUtils.TEncoding.FUnicodeEncoding
 0004:00002D9C       SysUtils.TEncoding.FUTF7Encoding
 0004:00002DA0       SysUtils.TEncoding.FUTF8Encoding
 0004:00002DA4       SysUtils.TEncoding.$ClassInitFlag
 0004:00002DA8       SysUtils..07
 0004:00002DAC       SysUtils.NTQueryObject
 0004:00002DB0       SysUtils.OutOfMemory
 0004:00002DB4       SysUtils.InvalidPointer
 0004:00002DB8       SysUtils.SyncEventCache
 0004:00002EB8       SysUtils.EventCache
 0004:00002EBC       SysUtils.EventItemHolders
 0004:00002EC0       SysUtils.ValidatedUnitHashBuckets
 0004:00003EB4       SysUtils.UnitHashBuckets
 0004:00004EA8       SysUtils.FTempLanguages
 0004:00004EAC       SysUtils.FLanguages
 0004:00004EB0       SysUtils.LanguageArray
 0004:00004EB4       VarUtils.VariantChangeTypeEx
 0004:00004EB8       VarUtils.VarNeg
 0004:00004EBC       VarUtils.VarNot
 0004:00004EC0       VarUtils.VarAdd
 0004:00004EC4       VarUtils.VarSub
 0004:00004EC8       VarUtils.VarMul
 0004:00004ECC       VarUtils.VarDiv
 0004:00004ED0       VarUtils.VarIDiv
 0004:00004ED4       VarUtils.VarMod
 0004:00004ED8       VarUtils.VarAnd
 0004:00004EDC       VarUtils.VarOr
 0004:00004EE0       VarUtils.VarXor
 0004:00004EE4       VarUtils.VarCmp
 0004:00004EE8       VarUtils.VarI4FromStr
 0004:00004EEC       VarUtils.VarR4FromStr
 0004:00004EF0       VarUtils.VarR8FromStr
 0004:00004EF4       VarUtils.VarDateFromStr
 0004:00004EF8       VarUtils.VarCyFromStr
 0004:00004EFC       VarUtils.VarBoolFromStr
 0004:00004F00       VarUtils.VarBstrFromCy
 0004:00004F04       VarUtils.VarBstrFromDate
 0004:00004F08       VarUtils.VarBstrFromBool
 0004:00004F0C       VarUtils..5
 0004:00004F10       Variants.EmptyParam
 0004:00004F20       Variants.VarDispProc
 0004:00004F24       Variants.ClearAnyProc
 0004:00004F28       Variants.ChangeAnyProc
 0004:00004F2C       Variants.RefAnyProc
 0004:00004F30       Variants..81
 0004:00004F34       Variants.LVarTypes
 0004:00004F38       Variants.LVarTypeSync
 0004:00004F50       TypInfo..5
 0004:00004F54       Classes.TThread.FProcessorCount
 0004:00004F58       Classes.TThread.$ClassInitFlag
 0004:00004F5C       Classes.GlobalNameSpace
 0004:00004F60       Classes.IsUniqueGlobalComponentNameProc
 0004:00004F64       Classes.SyncEvent
 0004:00004F68       Classes..96
 0004:00004F6C       Classes.IntConstList
 0004:00004F70       Classes.RegGroups
 0004:00004F74       Classes.FindGlobalComponentProcs
 0004:00004F78       Classes.GlobalFixupList
 0004:00004F7C       Classes.ThreadLock
 0004:00004F80       Classes.ExternalThreads
 0004:00004F84       Classes.InstBlockList
 0004:00004F88       Classes.InstFreeList
 0004:00004F8C       TimeSpan.TTimeSpan.$ClassInitFlag
 0004:00004F90       TimeSpan.TTimeSpan.FMinValue
 0004:00004F98       TimeSpan.TTimeSpan.FMaxValue
 0004:00004FA0       SyncObjs..71
 0004:00004FA4       SyncObjs.CoWaitForMultipleHandlesProc
 0004:00004FA8       SyncObjs.InitializeConditionVariableProc
 0004:00004FAC       SyncObjs.SleepConditionVariableCSProc
 0004:00004FB0       SyncObjs.WakeConditionVariableProc
 0004:00004FB4       SyncObjs.WakeAllConditionVariableProc
 0004:00004FB8       IOUtils.TPath.FAltDirectorySeparatorChar
 0004:00004FBA       IOUtils.TPath.FDirectorySeparatorChar
 0004:00004FBC       IOUtils.TPath.FPathSeparator
 0004:00004FBE       IOUtils.TPath.FVolumeSeparatorChar
 0004:00004FC0       IOUtils.TPath.FExtensionSeparatorChar
 0004:00004FC4       IOUtils.TPath.FInvalidPathChars
 0004:00004FC8       IOUtils.TPath.FInvalidFileNameChars
 0004:00004FCC       IOUtils.TPath.FPathWildcardChars
 0004:00004FD0       IOUtils.TPath.FFileNameWildCardChars
 0004:00004FD4       IOUtils.TPath.$ClassInitFlag
 0004:00004FD8       IOUtils..1
 0004:00004FDC       IniFiles..7
 0004:00004FE0       Registry..5
 0004:00004FE4       Graphics.TWICImage.FImagingFactory
 0004:00004FE8       Graphics.SystemPalette16
 0004:00004FEC       Graphics..32
 0004:00004FF0       Graphics.ScreenLogPixels
 0004:00004FF4       Graphics.StockPen
 0004:00004FF8       Graphics.StockBrush
 0004:00004FFC       Graphics.StockFont
 0004:00005000       Graphics.StockIcon
 0004:00005004       Graphics.BitmapImageLock
 0004:0000501C       Graphics.CounterLock
 0004:00005034       Graphics.FontManager
 0004:00005038       Graphics.PenManager
 0004:0000503C       Graphics.BrushManager
 0004:00005040       Graphics.CanvasList
 0004:00005044       Graphics.PatternManager
 0004:00005048       CommCtrl.ComCtl32DLL
 0004:0000504C       CommCtrl._InitCommonControlsEx
 0004:00005050       UxTheme.OpenThemeData
 0004:00005054       UxTheme.CloseThemeData
 0004:00005058       UxTheme.DrawThemeBackground
 0004:0000505C       UxTheme.DrawThemeText
 0004:00005060       UxTheme.GetThemeBackgroundContentRect
 0004:00005064       UxTheme.GetThemeBackgroundExtent
 0004:00005068       UxTheme.GetThemePartSize
 0004:0000506C       UxTheme.GetThemeTextExtent
 0004:00005070       UxTheme.GetThemeTextMetrics
 0004:00005074       UxTheme.GetThemeBackgroundRegion
 0004:00005078       UxTheme.HitTestThemeBackground
 0004:0000507C       UxTheme.DrawThemeEdge
 0004:00005080       UxTheme.DrawThemeIcon
 0004:00005084       UxTheme.IsThemePartDefined
 0004:00005088       UxTheme.IsThemeBackgroundPartiallyTransparent
 0004:0000508C       UxTheme.GetThemeColor
 0004:00005090       UxTheme.GetThemeMetric
 0004:00005094       UxTheme.GetThemeString
 0004:00005098       UxTheme.GetThemeBool
 0004:0000509C       UxTheme.GetThemeInt
 0004:000050A0       UxTheme.GetThemeEnumValue
 0004:000050A4       UxTheme.GetThemePosition
 0004:000050A8       UxTheme.GetThemeFont
 0004:000050AC       UxTheme.GetThemeRect
 0004:000050B0       UxTheme.GetThemeMargins
 0004:000050B4       UxTheme.GetThemeIntList
 0004:000050B8       UxTheme.GetThemePropertyOrigin
 0004:000050BC       UxTheme.SetWindowTheme
 0004:000050C0       UxTheme.GetThemeFilename
 0004:000050C4       UxTheme.GetThemeSysColor
 0004:000050C8       UxTheme.GetThemeSysColorBrush
 0004:000050CC       UxTheme.GetThemeSysBool
 0004:000050D0       UxTheme.GetThemeSysSize
 0004:000050D4       UxTheme.GetThemeSysFont
 0004:000050D8       UxTheme.GetThemeSysString
 0004:000050DC       UxTheme.GetThemeSysInt
 0004:000050E0       UxTheme.IsThemeActive
 0004:000050E4       UxTheme.IsAppThemed
 0004:000050E8       UxTheme.GetWindowTheme
 0004:000050EC       UxTheme.EnableThemeDialogTexture
 0004:000050F0       UxTheme.IsThemeDialogTextureEnabled
 0004:000050F4       UxTheme.GetThemeAppProperties
 0004:000050F8       UxTheme.SetThemeAppProperties
 0004:000050FC       UxTheme.GetCurrentThemeName
 0004:00005100       UxTheme.GetThemeDocumentationProperty
 0004:00005104       UxTheme.DrawThemeParentBackground
 0004:00005108       UxTheme.EnableTheming
 0004:0000510C       UxTheme..1
 0004:00005110       UxTheme.ThemeLibrary
 0004:00005114       UxTheme.ReferenceCount
 0004:00005118       UxTheme.Lock
 0004:0000511C       ActnList..9
 0004:00005120       Controls.Mouse
 0004:00005128       Controls.IsVCLControlHook
 0004:00005130       Controls.NewStyleControls
 0004:00005134       Controls..44
 0004:00005138       Controls.WindowAtom
 0004:0000513A       Controls.ControlAtom
 0004:0000513C       Controls.WindowAtomString
 0004:00005140       Controls.ControlAtomString
 0004:00005144       Controls.RM_GetObjectInstance
 0004:00005148       Controls.DragControl
 0004:0000514C       Controls.DragObject
 0004:00005150       Controls.DragInternalObject
 0004:00005154       Controls.DragCapture
 0004:00005158       Controls.DragStartPos
 0004:00005160       Controls.DragSaveCursor
 0004:00005164       Controls.DragThreshold
 0004:00005168       Controls.ActiveDrag
 0004:0000516C       Controls.DragImageList
 0004:00005170       Controls.DockSiteList
 0004:00005174       Controls.QualifyingSites
 0004:00005178       Controls.DragSave
 0004:0000517C       Controls.CanvasList
 0004:00005180       Controls.FlagControl
 0004:00005184       Controls._WINNLSEnableIME
 0004:00005188       Controls._ImmGetContext
 0004:0000518C       Controls._ImmReleaseContext
 0004:00005190       Controls._ImmGetConversionStatus
 0004:00005194       Controls._ImmSetConversionStatus
 0004:00005198       Controls._ImmSetOpenStatus
 0004:0000519C       Controls._ImmSetCompositionWindow
 0004:000051A0       Controls._ImmSetCompositionFont
 0004:000051A4       Controls._ImmGetCompositionString
 0004:000051A8       Controls._ImmIsIME
 0004:000051AC       Controls._ImmNotifyIME
 0004:000051B0       Themes..2
 0004:000051B4       Themes.InternalServices
 0004:000051B8       Themes.RM_UnthemedDesigner
 0004:000051BC       ImgList.CachedComCtrlVer
 0004:000051C0       ImgList.ImageListWriteExProc
 0004:000051C4       Menus.PopupList
 0004:000051C8       Menus.ShortCutItems
 0004:000051CC       Menus..01
 0004:000051D0       Menus.CommandPool
 0004:000051D4       HelpIntfs..2
 0004:000051D8       HelpIntfs.HelpManager
 0004:000051DC       FlatSB.FlatSB_EnableScrollBar
 0004:000051E0       FlatSB.FlatSB_ShowScrollBar
 0004:000051E4       FlatSB.FlatSB_GetScrollRange
 0004:000051E8       FlatSB.FlatSB_GetScrollInfo
 0004:000051EC       FlatSB.FlatSB_GetScrollPos
 0004:000051F0       FlatSB.FlatSB_SetScrollPos
 0004:000051F4       FlatSB.FlatSB_SetScrollInfo
 0004:000051F8       FlatSB.FlatSB_SetScrollRange
 0004:000051FC       FlatSB..1
 0004:00005200       FlatSB._FlatSB_GetScrollProp
 0004:00005204       FlatSB._FlatSB_SetScrollProp
 0004:00005208       FlatSB._InitializeFlatSB
 0004:0000520C       FlatSB._UninitializeFlatSB
 0004:00005210       Printers..3
 0004:00005214       GraphUtil..2
 0004:00005218       GraphUtil.MsImgHandle
 0004:0000521C       GraphUtil.MsImgInitialized
 0004:00005220       GraphUtil.GradientFillFunc
 0004:00005224       ExtCtrls.TCustomTrayIcon.RM_TaskbarCreated
 0004:00005228       ExtCtrls..94
 0004:0000522C       ComCtrls..96
 0004:00005230       ComCtrls.ConversionFormatList
 0004:00005234       ComCtrls.ShellModule
 0004:00005238       ComCtrls.FRichEditModule
 0004:0000523C       Dialogs..03
 0004:00005240       Dialogs.HelpMsg
 0004:00005244       Dialogs.FindMsg
 0004:00005248       Clipbrd.CF_PICTURE
 0004:0000524A       Clipbrd.CF_COMPONENT
 0004:0000524C       Clipbrd..3
 0004:00005250       Clipbrd.FClipboard
 0004:00005254       Forms.Application
 0004:00005258       Forms.Screen
 0004:0000525C       Forms..51
 0004:00005260       Forms.RM_TaskbarCreated
 0004:00005264       Forms.HintThreadID
 0004:00005268       Forms.HintDoneEvent
 0004:0000526C       Forms.HintHook
 0004:00005270       Forms.HintThread
 0004:00005274       Forms.IdleTimerHandle
 0004:00005278       Forms.IdleTimerDelegate
 0004:0000527C       IdGlobal..51
 0004:00005280       IdWinsock2.in6addr_any
 0004:00005290       IdWinsock2.in6addr_loopback
 0004:000052A0       IdWinsock2..2
 0004:000052A4       IdWship6..1
 0004:000052A8       IdStackWindows..4
 0004:000052AC       IdStack.GSocketListClass
 0004:000052B0       IdStack..9
 0004:000052B4       IdComponent..3
 0004:000052B8       IdIOHandler..5
 0004:000052BC       IdIOHandlerStack..2
 0004:000052C0       IdCharsets..2
 0004:000052C4       IdGlobalProtocols.IndyFalseBoolStrs
 0004:000052C8       IdGlobalProtocols.IndyTrueBoolStrs
 0004:000052CC       IdGlobalProtocols..8
 0004:000052D0       IdGlobalProtocols.ATempPath
 0004:000052D4       IdCoderMIME.GBase64DecodeTable
 0004:00005354       IdCoderMIME..4
 0004:00005358       IdAuthentication..4
 0004:0000535C       IdThread..6
 0004:00005360       IdSSL.GSSLRegistry
 0004:00005364       IdSSL..5
 0004:00005368       IdURI..3
 0004:0000536C       IdEMailAddress..4
 0004:00005370       IdHeaderCoderBase..3
 0004:00005374       IdHeaderCoderPlain..2
 0004:00005378       IdHeaderCoder2022JP..2
 0004:0000537C       IdHeaderCoderUTF..2
 0004:00005380       IdHeaderCoderIndy..2
 0004:00005384       IdCoderHeader..1
 0004:00005388       IdFIPS.GetFIPSMode
 0004:0000538C       IdFIPS.SetFIPSMode
 0004:00005390       IdFIPS.IsHashingIntfAvail
 0004:00005394       IdFIPS.GetMD2HashInst
 0004:00005398       IdFIPS.IsMD2HashIntfAvail
 0004:0000539C       IdFIPS.GetMD4HashInst
 0004:000053A0       IdFIPS.IsMD4HashIntfAvail
 0004:000053A4       IdFIPS.GetMD5HashInst
 0004:000053A8       IdFIPS.IsMD5HashIntfAvail
 0004:000053AC       IdFIPS.GetSHA1HashInst
 0004:000053B0       IdFIPS.IsSHA1HashIntfAvail
 0004:000053B4       IdFIPS.GetSHA224HashInst
 0004:000053B8       IdFIPS.IsSHA224HashIntfAvail
 0004:000053BC       IdFIPS.GetSHA256HashInst
 0004:000053C0       IdFIPS.IsSHA256HashIntfAvail
 0004:000053C4       IdFIPS.GetSHA384HashInst
 0004:000053C8       IdFIPS.IsSHA384HashIntfAvail
 0004:000053CC       IdFIPS.GetSHA512HashInst
 0004:000053D0       IdFIPS.IsSHA512HashIntfAvail
 0004:000053D4       IdFIPS.UpdateHashInst
 0004:000053D8       IdFIPS.FinalHashInst
 0004:000053DC       IdFIPS.IsHMACAvail
 0004:000053E0       IdFIPS.IsHMACMD5Avail
 0004:000053E4       IdFIPS.GetHMACMD5HashInst
 0004:000053E8       IdFIPS.IsHMACSHA1Avail
 0004:000053EC       IdFIPS.GetHMACSHA1HashInst
 0004:000053F0       IdFIPS.IsHMACSHA224Avail
 0004:000053F4       IdFIPS.GetHMACSHA224HashInst
 0004:000053F8       IdFIPS.IsHMACSHA256Avail
 0004:000053FC       IdFIPS.GetHMACSHA256HashInst
 0004:00005400       IdFIPS.IsHMACSHA384Avail
 0004:00005404       IdFIPS.GetHMACSHA384HashInst
 0004:00005408       IdFIPS.IsHMACSHA512Avail
 0004:0000540C       IdFIPS.GetHMACSHA512HashInst
 0004:00005410       IdFIPS.UpdateHMACInst
 0004:00005414       IdFIPS.FinalHMACInst
 0004:00005418       IdFIPS..2
 0004:0000541C       IdSSLOpenSSLHeaders.SSL_pending
 0004:00005420       IdSSLOpenSSLHeaders..9
 0004:00005424       IdSSLOpenSSLHeaders.FFailedFunctionLoadList
 0004:00005428       IdSSLOpenSSL..52
 0004:0000542C       IdNTLM..1
 0004:00005430       IdAuthenticationNTLM..2
 0004:00005434       IdAuthenticationSSPI..41
 0004:00005438       IdAuthenticationDigest..3
 0004:0000543C       IdHTTP..8
 0004:00005440       Buttons..5
 0004:00005444       Buttons.BitBtnGlyphs
 0004:00005470       About.AboutBox
 0004:00005474       Unit1.Form1
 0004:00005478       Unit1.Stop
 0004:0000547C       Unit1.Thread
 0004:00005480       Unit1.cnt
 0005:00000000       System.RaiseListPtr
 0005:00000004       System.InOutRes
 0005:00000008       Classes.TThread.FCurrentThread
 0005:0000000C       Classes.GlobalLoaded
 0005:00000010       Classes.GlobalLists
 0005:00000014       SyncObjs.OleThreadWnd
 0005:00000018       GraphUtil.CachedHighlightLum
 0005:0000001C       GraphUtil.CachedHighlightColor
 0005:00000020       GraphUtil.CachedHighlight
 0005:00000024       GraphUtil.CachedShadowLum
 0005:00000028       GraphUtil.CachedShadowColor
 0005:0000002C       GraphUtil.CachedShadow
 0005:00000030       GraphUtil.CachedColorValue
 0005:00000034       GraphUtil.CachedLumValue
 0005:00000038       GraphUtil.CachedColorAdjustLuma
 0005:0000003C       SysInit.TlsLast


Line numbers for About(ABOUT.pas) segment .text

    24 0001:00000000

Line numbers for Unit1(Unit1.pas) segment .text

   110 0001:00134320   111 0001:0013433F   112 0001:00134345   113 0001:00134365
   114 0001:00134387   119 0001:001343AD   121 0001:001343CF   124 0001:0013442C
   126 0001:0013444E   129 0001:001344A8   131 0001:001344CA   133 0001:00134522
    85 0001:0013464C    86 0001:00134695    87 0001:001346A7    88 0001:001346B9
    89 0001:001346CB    90 0001:001346DD    91 0001:001346EF    92 0001:00134717
    93 0001:00134736    94 0001:0013473D   161 0001:00134744    97 0001:0013476B
    98 0001:00134777    99 0001:00134781   100 0001:0013478F   102 0001:001347F3
   103 0001:001347F8   105 0001:00134801   106 0001:00134822   108 0001:00134824
   161 0001:00134836    95 0001:0013483C   157 0001:0013484C   158 0001:0013485E
   159 0001:00134870   160 0001:00134882   161 0001:00134894   164 0001:001348F4
   165 0001:00134900   166 0001:0013490C   172 0001:00134910   173 0001:0013493B
   174 0001:00134953   175 0001:0013495B   176 0001:0013496F   177 0001:00134974
   179 0001:00134979   180 0001:00134985   181 0001:0013498F   182 0001:00134992
   183 0001:001349A0   185 0001:001349DE   186 0001:001349E3   187 0001:00134A24
   189 0001:00134A2A   195 0001:00134A41   177 0001:00134A44   196 0001:00134A51
   201 0001:00134B14   202 0001:00134B20   203 0001:00134B25   208 0001:00134B35
   211 0001:00134B3C   212 0001:00134B48   213 0001:00134B52   216 0001:00134B58
   217 0001:00134B64   218 0001:00134B6E   219 0001:00134B7E   220 0001:00134B8E
   221 0001:00134B9E   224 0001:00134BA4   225 0001:00134BB0   227 0001:00134BBB
   228 0001:00134BC5   229 0001:00134BD5   230 0001:00134BE5   232 0001:00134BF5
   235 0001:00134BFC   236 0001:00134C08   237 0001:00134C1B   238 0001:00134C24
   239 0001:00134C30   242 0001:00134C34   243 0001:00134C40   245 0001:00134C4B
   246 0001:00134C55   247 0001:00134C5F   248 0001:00134C6F   249 0001:00134C7F
   250 0001:00134C8F   251 0001:00134C9F   253 0001:00134CAF   255 0001:00134CBA

Line numbers for tmd(tmd.dpr) segment .itext

    10 0002:00001778    11 0002:00001788    12 0002:00001794    13 0002:000017A2
    14 0002:000017B3    15 0002:000017CB    16 0002:000017E3    17 0002:000017EF

Bound resource files

d:\programming\delphixe\lib\Win32\release\Controls.res
d:\programming\delphixe\lib\Win32\release\Buttons.res
About.dfm
Unit1.dfm
tmd.res
tmd.drf


Program entry point at 0002:00001778
