
 Start         Length     Name                   Class
 0001:00401000 00155D7CH .text                   CODE
 0002:00557000 0000187CH .itext                  ICODE
 0003:00559000 00005668H .data                   DATA
 0004:0055F000 000054F4H .bss                    BSS
 0005:00000000 0000003CH .tls                    TLS
 000A:00000000 00000000H .xdata                  PDATA


Detailed map of segments

 0001:00000000 000095D4 C=CODE     S=.text    G=(none)   M=System   ACBP=A9
 0001:000095D4 00000110 C=CODE     S=.text    G=(none)   M=SysInit  ACBP=A9
 0001:000096E4 000003FC C=CODE     S=.text    G=(none)   M=Types    ACBP=A9
 0001:00009AE0 00001BA0 C=CODE     S=.text    G=(none)   M=Windows  ACBP=A9
 0001:0000B680 00000258 C=CODE     S=.text    G=(none)   M=Messages ACBP=A9
 0001:0000B8D8 00000368 C=CODE     S=.text    G=(none)   M=SysConst ACBP=A9
 0001:0000BC40 00000238 C=CODE     S=.text    G=(none)   M=RTLConsts ACBP=A9
 0001:0000BE78 00009250 C=CODE     S=.text    G=(none)   M=Character ACBP=A9
 0001:000150C8 0000041C C=CODE     S=.text    G=(none)   M=ExcUtils ACBP=A9
 0001:000154E4 000118CC C=CODE     S=.text    G=(none)   M=SysUtils ACBP=A9
 0001:00026DB0 00000194 C=CODE     S=.text    G=(none)   M=ActiveX  ACBP=A9
 0001:00026F44 00000818 C=CODE     S=.text    G=(none)   M=VarUtils ACBP=A9
 0001:0002775C 00008D50 C=CODE     S=.text    G=(none)   M=Variants ACBP=A9
 0001:000304AC 0000240C C=CODE     S=.text    G=(none)   M=TypInfo  ACBP=A9
 0001:000328B8 0001A830 C=CODE     S=.text    G=(none)   M=Classes  ACBP=A9
 0001:0004D0E8 00000098 C=CODE     S=.text    G=(none)   M=Wincodec ACBP=A9
 0001:0004D180 00000134 C=CODE     S=.text    G=(none)   M=StrUtils ACBP=A9
 0001:0004D2B4 000002B0 C=CODE     S=.text    G=(none)   M=TimeSpan ACBP=A9
 0001:0004D564 000015E0 C=CODE     S=.text    G=(none)   M=SyncObjs ACBP=A9
 0001:0004EB44 00000BF0 C=CODE     S=.text    G=(none)   M=IOUtils  ACBP=A9
 0001:0004F734 00002218 C=CODE     S=.text    G=(none)   M=IniFiles ACBP=A9
 0001:0005194C 00002F24 C=CODE     S=.text    G=(none)   M=Registry ACBP=A9
 0001:00054870 00000328 C=CODE     S=.text    G=(none)   M=Consts   ACBP=A9
 0001:00054B98 00011EB0 C=CODE     S=.text    G=(none)   M=Graphics ACBP=A9
 0001:00066A48 00000390 C=CODE     S=.text    G=(none)   M=Contnrs  ACBP=A9
 0001:00066DD8 000001D4 C=CODE     S=.text    G=(none)   M=CommCtrl ACBP=A9
 0001:00066FAC 00000D58 C=CODE     S=.text    G=(none)   M=UxTheme  ACBP=A9
 0001:00067D04 00000044 C=CODE     S=.text    G=(none)   M=MultiMon ACBP=A9
 0001:00067D48 00002360 C=CODE     S=.text    G=(none)   M=ActnList ACBP=A9
 0001:0006A0A8 00000064 C=CODE     S=.text    G=(none)   M=Dwmapi   ACBP=A9
 0001:0006A10C 0001F764 C=CODE     S=.text    G=(none)   M=Controls ACBP=A9
 0001:00089870 00005850 C=CODE     S=.text    G=(none)   M=Themes   ACBP=A9
 0001:0008F0C0 0000398C C=CODE     S=.text    G=(none)   M=ImgList  ACBP=A9
 0001:00092A4C 00009B94 C=CODE     S=.text    G=(none)   M=Menus    ACBP=A9
 0001:0009C5E0 00002068 C=CODE     S=.text    G=(none)   M=HelpIntfs ACBP=A9
 0001:0009E648 00000388 C=CODE     S=.text    G=(none)   M=FlatSB   ACBP=A9
 0001:0009E9D0 00000028 C=CODE     S=.text    G=(none)   M=WinSpool ACBP=A9
 0001:0009E9F8 00001DEC C=CODE     S=.text    G=(none)   M=Printers ACBP=A9
 0001:000A07E4 000001F8 C=CODE     S=.text    G=(none)   M=ShlObj   ACBP=A9
 0001:000A09DC 000089CC C=CODE     S=.text    G=(none)   M=StdCtrls ACBP=A9
 0001:000A93A8 00000258 C=CODE     S=.text    G=(none)   M=CommDlg  ACBP=A9
 0001:000A9600 0000178C C=CODE     S=.text    G=(none)   M=GraphUtil ACBP=A9
 0001:000AAD8C 0000147C C=CODE     S=.text    G=(none)   M=ExtCtrls ACBP=A9
 0001:000AC208 00000008 C=CODE     S=.text    G=(none)   M=ComStrs  ACBP=A9
 0001:000AC210 00001B8C C=CODE     S=.text    G=(none)   M=ComCtrls ACBP=A9
 0001:000ADD9C 00000048 C=CODE     S=.text    G=(none)   M=WideStrUtils ACBP=A9
 0001:000ADDE4 000068D0 C=CODE     S=.text    G=(none)   M=Dialogs  ACBP=A9
 0001:000B46B4 00000014 C=CODE     S=.text    G=(none)   M=Clipbrd  ACBP=A9
 0001:000B46C8 0000018C C=CODE     S=.text    G=(none)   M=StdActns ACBP=A9
 0001:000B4854 00015574 C=CODE     S=.text    G=(none)   M=Forms    ACBP=A9
 0001:000C9DC8 00000104 C=CODE     S=.text    G=(none)   M=Buttons  ACBP=A9
 0001:000C9ECC 00000408 C=CODE     S=.text    G=(none)   M=RbSplitter ACBP=A9
 0001:000CA2D4 00000F70 C=CODE     S=.text    G=(none)   M=RbProgressBar ACBP=A9
 0001:000CB244 00001968 C=CODE     S=.text    G=(none)   M=RbButton ACBP=A9
 0001:000CCBAC 0000434C C=CODE     S=.text    G=(none)   M=RbDrawCore ACBP=A9
 0001:000D0EF8 00001640 C=CODE     S=.text    G=(none)   M=Config   ACBP=A9
 0001:000D2538 00000434 C=CODE     S=.text    G=(none)   M=Logs     ACBP=A9
 0001:000D296C 0000031C C=CODE     S=.text    G=(none)   M=About    ACBP=A9
 0001:000D2C88 000007F0 C=CODE     S=.text    G=(none)   M=IdException ACBP=A9
 0001:000D3478 00000208 C=CODE     S=.text    G=(none)   M=IdResourceStrings ACBP=A9
 0001:000D3680 000003BC C=CODE     S=.text    G=(none)   M=IdStreamVCL ACBP=A9
 0001:000D3A3C 00004B2C C=CODE     S=.text    G=(none)   M=IdGlobal ACBP=A9
 0001:000D8568 0000038C C=CODE     S=.text    G=(none)   M=IdBaseComponent ACBP=A9
 0001:000D88F4 00008DB4 C=CODE     S=.text    G=(none)   M=IdWinsock2 ACBP=A9
 0001:000E16A8 00000534 C=CODE     S=.text    G=(none)   M=IdWship6 ACBP=A9
 0001:000E1BDC 0000124C C=CODE     S=.text    G=(none)   M=IdStackBSDBase ACBP=A9
 0001:000E2E28 000032AC C=CODE     S=.text    G=(none)   M=IdStackWindows ACBP=A9
 0001:000E60D4 00002B38 C=CODE     S=.text    G=(none)   M=IdStack  ACBP=A9
 0001:000E8C0C 000008C4 C=CODE     S=.text    G=(none)   M=IdComponent ACBP=A9
 0001:000E94D0 000018E8 C=CODE     S=.text    G=(none)   M=IdExceptionCore ACBP=A9
 0001:000EADB8 00000160 C=CODE     S=.text    G=(none)   M=IdResourceStringsCore ACBP=A9
 0001:000EAF18 00001CF4 C=CODE     S=.text    G=(none)   M=IdBuffer ACBP=A9
 0001:000ECC0C 000006B8 C=CODE     S=.text    G=(none)   M=IdIntercept ACBP=A9
 0001:000ED2C4 000004B0 C=CODE     S=.text    G=(none)   M=IdAntiFreezeBase ACBP=A9
 0001:000ED774 00004F88 C=CODE     S=.text    G=(none)   M=IdIOHandler ACBP=A9
 0001:000F26FC 000018B0 C=CODE     S=.text    G=(none)   M=IdSocketHandle ACBP=A9
 0001:000F3FAC 00000B74 C=CODE     S=.text    G=(none)   M=IdCustomTransparentProxy ACBP=A9
 0001:000F4B20 00000800 C=CODE     S=.text    G=(none)   M=IdIPAddress ACBP=A9
 0001:000F5320 000010DC C=CODE     S=.text    G=(none)   M=IdTCPClient ACBP=A9
 0001:000F63FC 00000B80 C=CODE     S=.text    G=(none)   M=IdIOHandlerStack ACBP=A9
 0001:000F6F7C 00002F0C C=CODE     S=.text    G=(none)   M=IdSocks  ACBP=A9
 0001:000F9E88 00000CB4 C=CODE     S=.text    G=(none)   M=IdIOHandlerSocket ACBP=A9
 0001:000FAB3C 00000D2C C=CODE     S=.text    G=(none)   M=IdReply  ACBP=A9
 0001:000FB868 000006C8 C=CODE     S=.text    G=(none)   M=IdReplyRFC ACBP=A9
 0001:000FBF30 000013C4 C=CODE     S=.text    G=(none)   M=IdTCPConnection ACBP=A9
 0001:000FD2F4 00008204 C=CODE     S=.text    G=(none)   M=IdCharsets ACBP=A9
 0001:001054F8 000002E8 C=CODE     S=.text    G=(none)   M=IdResourceStringsProtocols ACBP=A9
 0001:001057E0 0000BC34 C=CODE     S=.text    G=(none)   M=IdGlobalProtocols ACBP=A9
 0001:00111414 000010B8 C=CODE     S=.text    G=(none)   M=IdHeaderList ACBP=A9
 0001:001124CC 00000E20 C=CODE     S=.text    G=(none)   M=IdCoder  ACBP=A9
 0001:001132EC 00000D4C C=CODE     S=.text    G=(none)   M=IdCoder3to4 ACBP=A9
 0001:00114038 00000294 C=CODE     S=.text    G=(none)   M=IdCoderMIME ACBP=A9
 0001:001142CC 00000AD4 C=CODE     S=.text    G=(none)   M=IdAuthentication ACBP=A9
 0001:00114DA0 00004238 C=CODE     S=.text    G=(none)   M=IdHTTPHeaderInfo ACBP=A9
 0001:00118FD8 00000084 C=CODE     S=.text    G=(none)   M=IdYarn   ACBP=A9
 0001:0011905C 0000034C C=CODE     S=.text    G=(none)   M=IdTask   ACBP=A9
 0001:001193A8 00000DEC C=CODE     S=.text    G=(none)   M=IdThreadSafe ACBP=A9
 0001:0011A194 00001014 C=CODE     S=.text    G=(none)   M=IdThread ACBP=A9
 0001:0011B1A8 00000498 C=CODE     S=.text    G=(none)   M=IdScheduler ACBP=A9
 0001:0011B640 000002F4 C=CODE     S=.text    G=(none)   M=IdServerIOHandler ACBP=A9
 0001:0011B934 00000A5C C=CODE     S=.text    G=(none)   M=IdSSL    ACBP=A9
 0001:0011C390 00000C84 C=CODE     S=.text    G=(none)   M=IdZLibCompressorBase ACBP=A9
 0001:0011D014 00000040 C=CODE     S=.text    G=(none)   M=IdUriUtils ACBP=A9
 0001:0011D054 000016A0 C=CODE     S=.text    G=(none)   M=IdURI    ACBP=A9
 0001:0011E6F4 00004680 C=CODE     S=.text    G=(none)   M=IdCookie ACBP=A9
 0001:00122D74 00000D78 C=CODE     S=.text    G=(none)   M=IdCookieManager ACBP=A9
 0001:00123AEC 000007B4 C=CODE     S=.text    G=(none)   M=IdAuthenticationManager ACBP=A9
 0001:001242A0 000001C4 C=CODE     S=.text    G=(none)   M=IdEMailAddress ACBP=A9
 0001:00124464 00000570 C=CODE     S=.text    G=(none)   M=IdHeaderCoderBase ACBP=A9
 0001:001249D4 000002D0 C=CODE     S=.text    G=(none)   M=IdHeaderCoderPlain ACBP=A9
 0001:00124CA4 00000548 C=CODE     S=.text    G=(none)   M=IdHeaderCoder2022JP ACBP=A9
 0001:001251EC 00000380 C=CODE     S=.text    G=(none)   M=IdHeaderCoderUTF ACBP=A9
 0001:0012556C 0000056C C=CODE     S=.text    G=(none)   M=IdHeaderCoderIndy ACBP=A9
 0001:00125AD8 00000F54 C=CODE     S=.text    G=(none)   M=IdCoderHeader ACBP=A9
 0001:00126A2C 00000494 C=CODE     S=.text    G=(none)   M=IdCoderQuotedPrintable ACBP=A9
 0001:00126EC0 000020A8 C=CODE     S=.text    G=(none)   M=IdMultipartFormData ACBP=A9
 0001:00128F68 000001FC C=CODE     S=.text    G=(none)   M=IdFIPS   ACBP=A9
 0001:00129164 0000B66C C=CODE     S=.text    G=(none)   M=IdSSLOpenSSLHeaders ACBP=A9
 0001:001347D0 00008200 C=CODE     S=.text    G=(none)   M=IdSSLOpenSSL ACBP=A9
 0001:0013C9D0 00000BE4 C=CODE     S=.text    G=(none)   M=IdHash   ACBP=A9
 0001:0013D5B4 000011DC C=CODE     S=.text    G=(none)   M=IdHashMessageDigest ACBP=A9
 0001:0013E790 000008E4 C=CODE     S=.text    G=(none)   M=IdNTLM   ACBP=A9
 0001:0013F074 000006B0 C=CODE     S=.text    G=(none)   M=IdAuthenticationNTLM ACBP=A9
 0001:0013F724 00001024 C=CODE     S=.text    G=(none)   M=IdSSPI   ACBP=A9
 0001:00140748 000030B4 C=CODE     S=.text    G=(none)   M=IdAuthenticationSSPI ACBP=A9
 0001:001437FC 0000102C C=CODE     S=.text    G=(none)   M=IdAuthenticationDigest ACBP=A9
 0001:00144828 00006430 C=CODE     S=.text    G=(none)   M=IdHTTP   ACBP=A9
 0001:0014AC58 00000148 C=CODE     S=.text    G=(none)   M=IdAntiFreeze ACBP=A9
 0001:0014ADA0 000000B8 C=CODE     S=.text    G=(none)   M=IdLogBase ACBP=A9
 0001:0014AE58 000036A4 C=CODE     S=.text    G=(none)   M=Main     ACBP=A9
 0001:0014E4FC 00000568 C=CODE     S=.text    G=(none)   M=Network  ACBP=A9
 0001:0014EA64 00007318 C=CODE     S=.text    G=(none)   M=form_fucker ACBP=A9
 0002:00000000 000000AC C=ICODE    S=.itext   G=(none)   M=System   ACBP=A9
 0002:000000AC 00000018 C=ICODE    S=.itext   G=(none)   M=Windows  ACBP=A9
 0002:000000C4 00000020 C=ICODE    S=.itext   G=(none)   M=ExcUtils ACBP=A9
 0002:000000E4 000000C4 C=ICODE    S=.itext   G=(none)   M=SysUtils ACBP=A9
 0002:000001A8 00000010 C=ICODE    S=.itext   G=(none)   M=VarUtils ACBP=A9
 0002:000001B8 000000AC C=ICODE    S=.itext   G=(none)   M=Variants ACBP=A9
 0002:00000264 00000008 C=ICODE    S=.itext   G=(none)   M=TypInfo  ACBP=A9
 0002:0000026C 000000AC C=ICODE    S=.itext   G=(none)   M=Classes  ACBP=A9
 0002:00000318 00000034 C=ICODE    S=.itext   G=(none)   M=TimeSpan ACBP=A9
 0002:0000034C 00000010 C=ICODE    S=.itext   G=(none)   M=SyncObjs ACBP=A9
 0002:0000035C 00000460 C=ICODE    S=.itext   G=(none)   M=IOUtils  ACBP=A9
 0002:000007BC 00000008 C=ICODE    S=.itext   G=(none)   M=IniFiles ACBP=A9
 0002:000007C4 00000008 C=ICODE    S=.itext   G=(none)   M=Registry ACBP=A9
 0002:000007CC 000000FC C=ICODE    S=.itext   G=(none)   M=Graphics ACBP=A9
 0002:000008C8 0000001C C=ICODE    S=.itext   G=(none)   M=UxTheme  ACBP=A9
 0002:000008E4 0000002C C=ICODE    S=.itext   G=(none)   M=ActnList ACBP=A9
 0002:00000910 00000088 C=ICODE    S=.itext   G=(none)   M=Controls ACBP=A9
 0002:00000998 00000008 C=ICODE    S=.itext   G=(none)   M=Themes   ACBP=A9
 0002:000009A0 00000088 C=ICODE    S=.itext   G=(none)   M=Menus    ACBP=A9
 0002:00000A28 00000008 C=ICODE    S=.itext   G=(none)   M=HelpIntfs ACBP=A9
 0002:00000A30 00000010 C=ICODE    S=.itext   G=(none)   M=FlatSB   ACBP=A9
 0002:00000A40 00000008 C=ICODE    S=.itext   G=(none)   M=Printers ACBP=A9
 0002:00000A48 00000088 C=ICODE    S=.itext   G=(none)   M=GraphUtil ACBP=A9
 0002:00000AD0 00000054 C=ICODE    S=.itext   G=(none)   M=ExtCtrls ACBP=A9
 0002:00000B24 0000003C C=ICODE    S=.itext   G=(none)   M=ComCtrls ACBP=A9
 0002:00000B60 00000040 C=ICODE    S=.itext   G=(none)   M=Dialogs  ACBP=A9
 0002:00000BA0 00000078 C=ICODE    S=.itext   G=(none)   M=Clipbrd  ACBP=A9
 0002:00000C18 0000005C C=ICODE    S=.itext   G=(none)   M=Forms    ACBP=A9
 0002:00000C74 00000028 C=ICODE    S=.itext   G=(none)   M=Buttons  ACBP=A9
 0002:00000C9C 00000054 C=ICODE    S=.itext   G=(none)   M=IdGlobal ACBP=A9
 0002:00000CF0 00000058 C=ICODE    S=.itext   G=(none)   M=IdWinsock2 ACBP=A9
 0002:00000D48 00000008 C=ICODE    S=.itext   G=(none)   M=IdWship6 ACBP=A9
 0002:00000D50 00000088 C=ICODE    S=.itext   G=(none)   M=IdStackWindows ACBP=A9
 0002:00000DD8 00000030 C=ICODE    S=.itext   G=(none)   M=IdStack  ACBP=A9
 0002:00000E08 00000014 C=ICODE    S=.itext   G=(none)   M=IdComponent ACBP=A9
 0002:00000E1C 00000008 C=ICODE    S=.itext   G=(none)   M=IdIOHandler ACBP=A9
 0002:00000E24 00000014 C=ICODE    S=.itext   G=(none)   M=IdIOHandlerStack ACBP=A9
 0002:00000E38 00000008 C=ICODE    S=.itext   G=(none)   M=IdCharsets ACBP=A9
 0002:00000E40 000000D4 C=ICODE    S=.itext   G=(none)   M=IdGlobalProtocols ACBP=A9
 0002:00000F14 00000020 C=ICODE    S=.itext   G=(none)   M=IdCoderMIME ACBP=A9
 0002:00000F34 00000034 C=ICODE    S=.itext   G=(none)   M=IdAuthentication ACBP=A9
 0002:00000F68 00000034 C=ICODE    S=.itext   G=(none)   M=IdThread ACBP=A9
 0002:00000F9C 0000001C C=ICODE    S=.itext   G=(none)   M=IdSSL    ACBP=A9
 0002:00000FB8 00000008 C=ICODE    S=.itext   G=(none)   M=IdURI    ACBP=A9
 0002:00000FC0 00000008 C=ICODE    S=.itext   G=(none)   M=IdEMailAddress ACBP=A9
 0002:00000FC8 0000001C C=ICODE    S=.itext   G=(none)   M=IdHeaderCoderBase ACBP=A9
 0002:00000FE4 00000014 C=ICODE    S=.itext   G=(none)   M=IdHeaderCoderPlain ACBP=A9
 0002:00000FF8 00000014 C=ICODE    S=.itext   G=(none)   M=IdHeaderCoder2022JP ACBP=A9
 0002:0000100C 00000014 C=ICODE    S=.itext   G=(none)   M=IdHeaderCoderUTF ACBP=A9
 0002:00001020 00000014 C=ICODE    S=.itext   G=(none)   M=IdHeaderCoderIndy ACBP=A9
 0002:00001034 00000008 C=ICODE    S=.itext   G=(none)   M=IdCoderHeader ACBP=A9
 0002:0000103C 00000178 C=ICODE    S=.itext   G=(none)   M=IdFIPS   ACBP=A9
 0002:000011B4 000001AC C=ICODE    S=.itext   G=(none)   M=IdSSLOpenSSLHeaders ACBP=A9
 0002:00001360 00000314 C=ICODE    S=.itext   G=(none)   M=IdSSLOpenSSL ACBP=A9
 0002:00001674 00000008 C=ICODE    S=.itext   G=(none)   M=IdNTLM   ACBP=A9
 0002:0000167C 00000034 C=ICODE    S=.itext   G=(none)   M=IdAuthenticationNTLM ACBP=A9
 0002:000016B0 00000088 C=ICODE    S=.itext   G=(none)   M=IdAuthenticationSSPI ACBP=A9
 0002:00001738 00000038 C=ICODE    S=.itext   G=(none)   M=IdAuthenticationDigest ACBP=A9
 0002:00001770 00000008 C=ICODE    S=.itext   G=(none)   M=IdHTTP   ACBP=A9
 0002:00001778 00000014 C=ICODE    S=.itext   G=(none)   M=IdLogBase ACBP=A9
 0002:0000178C 00000008 C=ICODE    S=.itext   G=(none)   M=Main     ACBP=A9
 0002:00001794 000000E8 C=ICODE    S=.itext   G=(none)   M=form_fucker ACBP=A9
 0003:00000000 000009F4 C=DATA     S=.data    G=DGROUP   M=System   ACBP=A9
 0003:000009F4 00000024 C=DATA     S=.data    G=DGROUP   M=SysInit  ACBP=A9
 0003:00000A18 0000000C C=DATA     S=.data    G=DGROUP   M=Windows  ACBP=A9
 0003:00000A24 00000100 C=DATA     S=.data    G=DGROUP   M=Character ACBP=A9
 0003:00000B24 00000118 C=DATA     S=.data    G=DGROUP   M=ExcUtils ACBP=A9
 0003:00000C3C 000001E4 C=DATA     S=.data    G=DGROUP   M=SysUtils ACBP=A9
 0003:00000E20 00000010 C=DATA     S=.data    G=DGROUP   M=ActiveX  ACBP=A9
 0003:00000E30 00000110 C=DATA     S=.data    G=DGROUP   M=VarUtils ACBP=A9
 0003:00000F40 00000144 C=DATA     S=.data    G=DGROUP   M=Variants ACBP=A9
 0003:00001084 0000000C C=DATA     S=.data    G=DGROUP   M=TypInfo  ACBP=A9
 0003:00001090 00000138 C=DATA     S=.data    G=DGROUP   M=Classes  ACBP=A9
 0003:000011C8 00000090 C=DATA     S=.data    G=DGROUP   M=Wincodec ACBP=A9
 0003:00001258 00000030 C=DATA     S=.data    G=DGROUP   M=IOUtils  ACBP=A9
 0003:00001288 0000000C C=DATA     S=.data    G=DGROUP   M=IniFiles ACBP=A9
 0003:00001294 00000024 C=DATA     S=.data    G=DGROUP   M=Registry ACBP=A9
 0003:000012B8 000003C4 C=DATA     S=.data    G=DGROUP   M=Graphics ACBP=A9
 0003:0000167C 000001B8 C=DATA     S=.data    G=DGROUP   M=Controls ACBP=A9
 0003:00001834 00000068 C=DATA     S=.data    G=DGROUP   M=Themes   ACBP=A9
 0003:0000189C 00000050 C=DATA     S=.data    G=DGROUP   M=ImgList  ACBP=A9
 0003:000018EC 00000140 C=DATA     S=.data    G=DGROUP   M=Menus    ACBP=A9
 0003:00001A2C 0000000C C=DATA     S=.data    G=DGROUP   M=Printers ACBP=A9
 0003:00001A38 00000020 C=DATA     S=.data    G=DGROUP   M=ShlObj   ACBP=A9
 0003:00001A58 000000AC C=DATA     S=.data    G=DGROUP   M=StdCtrls ACBP=A9
 0003:00001B04 00000450 C=DATA     S=.data    G=DGROUP   M=GraphUtil ACBP=A9
 0003:00001F54 00000010 C=DATA     S=.data    G=DGROUP   M=ComCtrls ACBP=A9
 0003:00001F64 00000198 C=DATA     S=.data    G=DGROUP   M=Dialogs  ACBP=A9
 0003:000020FC 00000144 C=DATA     S=.data    G=DGROUP   M=Forms    ACBP=A9
 0003:00002240 0000002C C=DATA     S=.data    G=DGROUP   M=Buttons  ACBP=A9
 0003:0000226C 00000010 C=DATA     S=.data    G=DGROUP   M=RbDrawCore ACBP=A9
 0003:0000227C 00000078 C=DATA     S=.data    G=DGROUP   M=IdGlobal ACBP=A9
 0003:000022F4 00000278 C=DATA     S=.data    G=DGROUP   M=IdWinsock2 ACBP=A9
 0003:0000256C 00000044 C=DATA     S=.data    G=DGROUP   M=IdWship6 ACBP=A9
 0003:000025B0 00000004 C=DATA     S=.data    G=DGROUP   M=IdStackConsts ACBP=A9
 0003:000025B4 0000000C C=DATA     S=.data    G=DGROUP   M=IdStackBSDBase ACBP=A9
 0003:000025C0 0000000C C=DATA     S=.data    G=DGROUP   M=IdStackWindows ACBP=A9
 0003:000025CC 00000014 C=DATA     S=.data    G=DGROUP   M=IdStack  ACBP=A9
 0003:000025E0 00000024 C=DATA     S=.data    G=DGROUP   M=IdComponent ACBP=A9
 0003:00002604 00000004 C=DATA     S=.data    G=DGROUP   M=IdAntiFreezeBase ACBP=A9
 0003:00002608 00000008 C=DATA     S=.data    G=DGROUP   M=IdIOHandler ACBP=A9
 0003:00002610 00001560 C=DATA     S=.data    G=DGROUP   M=IdCharsets ACBP=A9
 0003:00003B70 000004D4 C=DATA     S=.data    G=DGROUP   M=IdGlobalProtocols ACBP=A9
 0003:00004044 00000004 C=DATA     S=.data    G=DGROUP   M=IdCoderMIME ACBP=A9
 0003:00004048 00000004 C=DATA     S=.data    G=DGROUP   M=IdAuthentication ACBP=A9
 0003:0000404C 00000004 C=DATA     S=.data    G=DGROUP   M=IdThread ACBP=A9
 0003:00004050 00000004 C=DATA     S=.data    G=DGROUP   M=IdURI    ACBP=A9
 0003:00004054 0000000C C=DATA     S=.data    G=DGROUP   M=IdEMailAddress ACBP=A9
 0003:00004060 00000014 C=DATA     S=.data    G=DGROUP   M=IdHeaderCoderBase ACBP=A9
 0003:00004074 0000037C C=DATA     S=.data    G=DGROUP   M=IdHeaderCoder2022JP ACBP=A9
 0003:000043F0 00000084 C=DATA     S=.data    G=DGROUP   M=IdCoderHeader ACBP=A9
 0003:00004474 00000450 C=DATA     S=.data    G=DGROUP   M=IdSSLOpenSSLHeaders ACBP=A9
 0003:000048C4 0000003C C=DATA     S=.data    G=DGROUP   M=IdSSLOpenSSL ACBP=A9
 0003:00004900 00000110 C=DATA     S=.data    G=DGROUP   M=IdHashMessageDigest ACBP=A9
 0003:00004A10 00000014 C=DATA     S=.data    G=DGROUP   M=IdNTLM   ACBP=A9
 0003:00004A24 00000008 C=DATA     S=.data    G=DGROUP   M=IdAuthenticationSSPI ACBP=A9
 0003:00004A2C 00000008 C=DATA     S=.data    G=DGROUP   M=IdHTTP   ACBP=A9
 0003:00004A34 00000018 C=DATA     S=.data    G=DGROUP   M=IdLogBase ACBP=A9
 0003:00004A4C 00000010 C=DATA     S=.data    G=DGROUP   M=Main     ACBP=A9
 0004:00000000 00002C30 C=BSS      S=.bss     G=DGROUP   M=System   ACBP=A9
 0004:00002C30 0000000C C=BSS      S=.bss     G=DGROUP   M=SysInit  ACBP=A9
 0004:00002C3C 00000008 C=BSS      S=.bss     G=DGROUP   M=Windows  ACBP=A9
 0004:00002C44 0000001C C=BSS      S=.bss     G=DGROUP   M=Character ACBP=A9
 0004:00002C60 00000004 C=BSS      S=.bss     G=DGROUP   M=ExcUtils ACBP=A9
 0004:00002C64 00002250 C=BSS      S=.bss     G=DGROUP   M=SysUtils ACBP=A9
 0004:00004EB4 0000005C C=BSS      S=.bss     G=DGROUP   M=VarUtils ACBP=A9
 0004:00004F10 00000040 C=BSS      S=.bss     G=DGROUP   M=Variants ACBP=A9
 0004:00004F50 00000004 C=BSS      S=.bss     G=DGROUP   M=TypInfo  ACBP=A9
 0004:00004F54 00000038 C=BSS      S=.bss     G=DGROUP   M=Classes  ACBP=A9
 0004:00004F8C 00000014 C=BSS      S=.bss     G=DGROUP   M=TimeSpan ACBP=A9
 0004:00004FA0 00000018 C=BSS      S=.bss     G=DGROUP   M=SyncObjs ACBP=A9
 0004:00004FB8 00000024 C=BSS      S=.bss     G=DGROUP   M=IOUtils  ACBP=A9
 0004:00004FDC 00000004 C=BSS      S=.bss     G=DGROUP   M=IniFiles ACBP=A9
 0004:00004FE0 00000004 C=BSS      S=.bss     G=DGROUP   M=Registry ACBP=A9
 0004:00004FE4 00000064 C=BSS      S=.bss     G=DGROUP   M=Graphics ACBP=A9
 0004:00005048 00000008 C=BSS      S=.bss     G=DGROUP   M=CommCtrl ACBP=A9
 0004:00005050 000000CC C=BSS      S=.bss     G=DGROUP   M=UxTheme  ACBP=A9
 0004:0000511C 00000004 C=BSS      S=.bss     G=DGROUP   M=ActnList ACBP=A9
 0004:00005120 00000090 C=BSS      S=.bss     G=DGROUP   M=Controls ACBP=A9
 0004:000051B0 0000000C C=BSS      S=.bss     G=DGROUP   M=Themes   ACBP=A9
 0004:000051BC 00000008 C=BSS      S=.bss     G=DGROUP   M=ImgList  ACBP=A9
 0004:000051C4 00000010 C=BSS      S=.bss     G=DGROUP   M=Menus    ACBP=A9
 0004:000051D4 00000008 C=BSS      S=.bss     G=DGROUP   M=HelpIntfs ACBP=A9
 0004:000051DC 00000034 C=BSS      S=.bss     G=DGROUP   M=FlatSB   ACBP=A9
 0004:00005210 00000004 C=BSS      S=.bss     G=DGROUP   M=Printers ACBP=A9
 0004:00005214 00000010 C=BSS      S=.bss     G=DGROUP   M=GraphUtil ACBP=A9
 0004:00005224 00000008 C=BSS      S=.bss     G=DGROUP   M=ExtCtrls ACBP=A9
 0004:0000522C 00000010 C=BSS      S=.bss     G=DGROUP   M=ComCtrls ACBP=A9
 0004:0000523C 0000000C C=BSS      S=.bss     G=DGROUP   M=Dialogs  ACBP=A9
 0004:00005248 0000000C C=BSS      S=.bss     G=DGROUP   M=Clipbrd  ACBP=A9
 0004:00005254 00000028 C=BSS      S=.bss     G=DGROUP   M=Forms    ACBP=A9
 0004:0000527C 00000030 C=BSS      S=.bss     G=DGROUP   M=Buttons  ACBP=A9
 0004:000052AC 00000004 C=BSS      S=.bss     G=DGROUP   M=Config   ACBP=A9
 0004:000052B0 00000004 C=BSS      S=.bss     G=DGROUP   M=Logs     ACBP=A9
 0004:000052B4 00000004 C=BSS      S=.bss     G=DGROUP   M=About    ACBP=A9
 0004:000052B8 00000004 C=BSS      S=.bss     G=DGROUP   M=IdGlobal ACBP=A9
 0004:000052BC 00000024 C=BSS      S=.bss     G=DGROUP   M=IdWinsock2 ACBP=A9
 0004:000052E0 00000004 C=BSS      S=.bss     G=DGROUP   M=IdWship6 ACBP=A9
 0004:000052E4 00000004 C=BSS      S=.bss     G=DGROUP   M=IdStackWindows ACBP=A9
 0004:000052E8 00000008 C=BSS      S=.bss     G=DGROUP   M=IdStack  ACBP=A9
 0004:000052F0 00000004 C=BSS      S=.bss     G=DGROUP   M=IdComponent ACBP=A9
 0004:000052F4 00000004 C=BSS      S=.bss     G=DGROUP   M=IdIOHandler ACBP=A9
 0004:000052F8 00000004 C=BSS      S=.bss     G=DGROUP   M=IdIOHandlerStack ACBP=A9
 0004:000052FC 00000004 C=BSS      S=.bss     G=DGROUP   M=IdCharsets ACBP=A9
 0004:00005300 00000010 C=BSS      S=.bss     G=DGROUP   M=IdGlobalProtocols ACBP=A9
 0004:00005310 00000084 C=BSS      S=.bss     G=DGROUP   M=IdCoderMIME ACBP=A9
 0004:00005394 00000004 C=BSS      S=.bss     G=DGROUP   M=IdAuthentication ACBP=A9
 0004:00005398 00000004 C=BSS      S=.bss     G=DGROUP   M=IdThread ACBP=A9
 0004:0000539C 00000008 C=BSS      S=.bss     G=DGROUP   M=IdSSL    ACBP=A9
 0004:000053A4 00000004 C=BSS      S=.bss     G=DGROUP   M=IdURI    ACBP=A9
 0004:000053A8 00000004 C=BSS      S=.bss     G=DGROUP   M=IdEMailAddress ACBP=A9
 0004:000053AC 00000004 C=BSS      S=.bss     G=DGROUP   M=IdHeaderCoderBase ACBP=A9
 0004:000053B0 00000004 C=BSS      S=.bss     G=DGROUP   M=IdHeaderCoderPlain ACBP=A9
 0004:000053B4 00000004 C=BSS      S=.bss     G=DGROUP   M=IdHeaderCoder2022JP ACBP=A9
 0004:000053B8 00000004 C=BSS      S=.bss     G=DGROUP   M=IdHeaderCoderUTF ACBP=A9
 0004:000053BC 00000004 C=BSS      S=.bss     G=DGROUP   M=IdHeaderCoderIndy ACBP=A9
 0004:000053C0 00000004 C=BSS      S=.bss     G=DGROUP   M=IdCoderHeader ACBP=A9
 0004:000053C4 00000094 C=BSS      S=.bss     G=DGROUP   M=IdFIPS   ACBP=A9
 0004:00005458 0000000C C=BSS      S=.bss     G=DGROUP   M=IdSSLOpenSSLHeaders ACBP=A9
 0004:00005464 00000004 C=BSS      S=.bss     G=DGROUP   M=IdSSLOpenSSL ACBP=A9
 0004:00005468 00000004 C=BSS      S=.bss     G=DGROUP   M=IdNTLM   ACBP=A9
 0004:0000546C 00000004 C=BSS      S=.bss     G=DGROUP   M=IdAuthenticationNTLM ACBP=A9
 0004:00005470 00000004 C=BSS      S=.bss     G=DGROUP   M=IdAuthenticationSSPI ACBP=A9
 0004:00005474 00000004 C=BSS      S=.bss     G=DGROUP   M=IdAuthenticationDigest ACBP=A9
 0004:00005478 00000004 C=BSS      S=.bss     G=DGROUP   M=IdHTTP   ACBP=A9
 0004:0000547C 00000004 C=BSS      S=.bss     G=DGROUP   M=IdLogBase ACBP=A9
 0004:00005480 00000070 C=BSS      S=.bss     G=DGROUP   M=Main     ACBP=A9
 0004:000054F0 00000004 C=BSS      S=.bss     G=DGROUP   M=Network  ACBP=A9
 0005:00000000 00000008 C=TLS      S=.tls     G=(none)   M=System   ACBP=A9
 0005:00000008 0000000C C=TLS      S=.tls     G=(none)   M=Classes  ACBP=A9
 0005:00000014 00000004 C=TLS      S=.tls     G=(none)   M=SyncObjs ACBP=A9
 0005:00000018 00000024 C=TLS      S=.tls     G=(none)   M=GraphUtil ACBP=A9


  Address             Publics by Name

 0001:000D296C       About..TAboutBox
 0004:000052B4       About.AboutBox
 0001:000D2C6C       About.TAboutBox.SkullClick
 0001:00026F1C       ActiveX.CoCreateInstance
 0001:00026F24       ActiveX.CoTaskMemAlloc
 0001:00026F2C       ActiveX.CoTaskMemFree
 0003:00000E20       ActiveX.GUID_NULL
 0001:00026F14       ActiveX.IsEqualGUID
 0001:00026F34       ActiveX.OleInitialize
 0001:00026F3C       ActiveX.OleUninitialize
 0004:0000511C       ActnList..9
 0001:00068F30       ActnList..TActionLink
 0001:00068050       ActnList..TActionListEnumerator
 0001:00067D48       ActnList..TContainedAction
 0001:000688FC       ActnList..TCustomAction
 0001:000682C0       ActnList..TCustomActionList
 0001:000686D4       ActnList..TShortCutList
 0002:000008E4       ActnList.ActnList
 0001:0006A0A0       ActnList.Finalization
 0001:000696E8       ActnList.TActionLink.IsCaptionLinked
 0001:000696FC       ActnList.TActionLink.IsCheckedLinked
 0001:00069710       ActnList.TActionLink.IsEnabledLinked
 0001:00069724       ActnList.TActionLink.IsGroupIndexLinked
 0001:00069738       ActnList.TActionLink.IsHelpContextLinked
 0001:0006974C       ActnList.TActionLink.IsHelpLinked
 0001:00069760       ActnList.TActionLink.IsHintLinked
 0001:00069774       ActnList.TActionLink.IsImageIndexLinked
 0001:00069788       ActnList.TActionLink.IsShortCutLinked
 0001:0006979C       ActnList.TActionLink.IsVisibleLinked
 0001:000697B0       ActnList.TActionLink.SetAutoCheck
 0001:000697B4       ActnList.TActionLink.SetCaption
 0001:000697B8       ActnList.TActionLink.SetChecked
 0001:000697BC       ActnList.TActionLink.SetEnabled
 0001:000697C0       ActnList.TActionLink.SetGroupIndex
 0001:000697C4       ActnList.TActionLink.SetHelpContext
 0001:000697C8       ActnList.TActionLink.SetHelpKeyword
 0001:000697CC       ActnList.TActionLink.SetHelpType
 0001:000697D0       ActnList.TActionLink.SetHint
 0001:000697D4       ActnList.TActionLink.SetImageIndex
 0001:000697D8       ActnList.TActionLink.SetShortCut
 0001:000697DC       ActnList.TActionLink.SetVisible
 0001:0006924C       ActnList.TActionListEnumerator.Create
 0001:00069290       ActnList.TActionListEnumerator.GetCurrent
 0001:0006929C       ActnList.TActionListEnumerator.MoveNext
 0001:00069038       ActnList.TContainedAction.Destroy
 0001:000691A4       ActnList.TContainedAction.Execute
 0001:0006906C       ActnList.TContainedAction.GetIndex
 0001:00069088       ActnList.TContainedAction.GetParentComponent
 0001:00069098       ActnList.TContainedAction.HasParent
 0001:00069084       ActnList.TContainedAction.IsCategoryStored
 0001:000690A8       ActnList.TContainedAction.ReadState
 0001:00069150       ActnList.TContainedAction.SetActionList
 0001:00069124       ActnList.TContainedAction.SetCategory
 0001:000690DC       ActnList.TContainedAction.SetIndex
 0001:00069178       ActnList.TContainedAction.SetParentComponent
 0001:000691FC       ActnList.TContainedAction.Update
 0001:0006988C       ActnList.TCustomAction.AssignTo
 0001:000697E0       ActnList.TCustomAction.Create
 0001:00069834       ActnList.TCustomAction.Destroy
 0001:00069F18       ActnList.TCustomAction.DoHint
 0001:00069F40       ActnList.TCustomAction.Execute
 0001:00069FA4       ActnList.TCustomAction.GetSecondaryShortCuts
 0001:0006A024       ActnList.TCustomAction.HandleShortCut
 0001:0006A000       ActnList.TCustomAction.IsSecondaryShortCutsStored
 0001:00069998       ActnList.TCustomAction.SetAutoCheck
 0001:000699F8       ActnList.TCustomAction.SetCaption
 0001:00069A58       ActnList.TCustomAction.SetChecked
 0001:00069B60       ActnList.TCustomAction.SetEnabled
 0001:00069BDC       ActnList.TCustomAction.SetGroupIndex
 0001:00069CF4       ActnList.TCustomAction.SetHelpContext
 0001:00069C8C       ActnList.TCustomAction.SetHelpKeyword
 0001:00069C34       ActnList.TCustomAction.SetHelpType
 0001:00069D4C       ActnList.TCustomAction.SetHint
 0001:00069DAC       ActnList.TCustomAction.SetImageIndex
 0001:00069ECC       ActnList.TCustomAction.SetName
 0001:00069FCC       ActnList.TCustomAction.SetSecondaryShortCuts
 0001:00069E08       ActnList.TCustomAction.SetShortCut
 0001:00069E6C       ActnList.TCustomAction.SetVisible
 0001:000694B0       ActnList.TCustomActionList.AddAction
 0001:000694F8       ActnList.TCustomActionList.Change
 0001:000692B8       ActnList.TCustomActionList.Create
 0001:00069324       ActnList.TCustomActionList.Destroy
 0001:00069604       ActnList.TCustomActionList.ExecuteAction
 0001:000693F4       ActnList.TCustomActionList.GetAction
 0001:00069408       ActnList.TCustomActionList.GetActionCount
 0001:0006937C       ActnList.TCustomActionList.GetChildren
 0001:00069410       ActnList.TCustomActionList.GetEnumerator
 0001:00069454       ActnList.TCustomActionList.ImageListChange
 0001:00069560       ActnList.TCustomActionList.IsShortCut
 0001:00069460       ActnList.TCustomActionList.Notification
 0001:000694D0       ActnList.TCustomActionList.RemoveAction
 0001:000693C4       ActnList.TCustomActionList.SetChildOrder
 0001:00069420       ActnList.TCustomActionList.SetImages
 0001:00069644       ActnList.TCustomActionList.SetState
 0001:00069624       ActnList.TCustomActionList.UpdateAction
 0001:0006A030       ActnList.TShortCutList.Add
 0001:0006A05C       ActnList.TShortCutList.IndexOfShortCut
 0004:0000527C       Buttons..5
 0003:00002240       Buttons.BitBtnCaptions
 0004:00005280       Buttons.BitBtnGlyphs
 0002:00000C74       Buttons.Buttons
 0001:000C9E24       Buttons.DestroyLocals
 0001:000C9EBC       Buttons.Finalization
 0001:0000C138       Character.bin_data
 0004:00002C50       Character.CategoryTable
 0004:00002C48       Character.CatIndexPrimary
 0004:00002C4C       Character.CatIndexSecondary
 0004:00002C44       Character.DataTable
 0003:00000A24       Character.Latin1Categories
 0004:00002C5C       Character.NumericValueTable
 0004:00002C54       Character.NumIndexPrimary
 0004:00002C58       Character.NumIndexSecondary
 0001:0000BE78       Character.TCharacter.CheckLetter
 0001:0000BE84       Character.TCharacter.CheckLetterOrDigit
 0001:0000C000       Character.TCharacter.ConvertToUtf32
 0001:0000BFA0       Character.TCharacter.GetUnicodeCategory
 0001:00015074       Character.TCharacter.Initialize
 0001:0000BF94       Character.TCharacter.IsAscii
 0001:0000BE94       Character.TCharacter.IsLatin1
 0001:0000BEA0       Character.TCharacter.IsLetter
 0001:0000BF2C       Character.TCharacter.IsLetterOrDigit
 0004:00004F68       Classes..96
 0001:00033214       Classes..EBitsError
 0001:00032FAC       Classes..EClassNotFound
 0001:0003334C       Classes..EComponentError
 0001:00032CB4       Classes..EFCreateError
 0001:00032DE8       Classes..EFilerError
 0001:00032BB8       Classes..EFileStreamError
 0001:00032D50       Classes..EFOpenError
 0001:00033048       Classes..EInvalidImage
 0001:0003348C       Classes..EInvalidOperation
 0001:00033180       Classes..EListError
 0001:000333EC       Classes..EOutOfResources
 0001:00032E80       Classes..EReadError
 0001:000330E4       Classes..EResNotFound
 0001:00032B1C       Classes..EStreamError
 0001:000332A8       Classes..EStringListError
 0001:0003A7C8       Classes..EThread
 0001:0003A858       Classes..EThreadExternalException
 0001:00032F14       Classes..EWriteError
 0001:0004A00C       Classes..TAnonymousThread
 0001:0003C34C       Classes..TBasicAction
 0001:0003C130       Classes..TBasicActionLink
 0001:00034234       Classes..TBits
 0001:00038034       Classes..TClassFinder
 0001:00034ABC       Classes..TCollection
 0001:00034918       Classes..TCollectionEnumerator
 0001:000346AC       Classes..TCollectionItem
 0001:0003B7E8       Classes..TComponent
 0001:0004BD1C       Classes..TComponent.FindComponent$1499$ActRec
 0001:0003B388       Classes..TComponentEnumerator
 0001:00037274       Classes..TCustomMemoryStream
 0001:00049F38       Classes..TExternalThread
 0001:00038450       Classes..TFiler
 0001:00037090       Classes..TFileStream
 0001:00036E78       Classes..THandleStream
 0001:0003E264       Classes..TIntConst
 0001:00034538       Classes..TInterfacedPersistent
 0001:00033868       Classes..TList
 0001:0003F20C       Classes..TList.Sort$876$ActRec
 0001:00033694       Classes..TListEnumerator
 0001:000374BC       Classes..TMemoryStream
 0001:00034F54       Classes..TOwnedCollection
 0001:0003436C       Classes..TPersistent
 0001:00043DA4       Classes..TPropFixup
 0001:00043FD0       Classes..TPropIntfFixup
 0001:00038E68       Classes..TReader
 0001:0003C944       Classes..TRegGroup
 0001:0003CDA4       Classes..TRegGroups
 0001:00037704       Classes..TResourceStream
 0001:00036834       Classes..TStream
 0001:00037A88       Classes..TStreamAdapter
 0001:0003617C       Classes..TStringList
 0001:000352F4       Classes..TStrings
 0001:0003514C       Classes..TStringsEnumerator
 0001:0003AA70       Classes..TThread
 0001:00033F7C       Classes..TThreadList
 0001:00039D70       Classes..TWriter
 0001:0003E1F0       Classes.ActivateClassGroup
 0003:00001090       Classes.AddDataModule
 0001:000442FC       Classes.AddFinished
 0001:00044334       Classes.AddNotFinished
 0001:00044F5C       Classes.AddSubComponentsToLoaded
 0001:0004CE8C       Classes.AllocateHWnd
 0001:000484C8       Classes.AncestorIsValid
 0003:000010A0       Classes.ApplicationHandleException
 0003:000010A8       Classes.ApplicationShowException
 0001:0003E6CC       Classes.BeginGlobalLoading
 0001:00049E6C       Classes.BinToHex
 0003:0000119C       Classes.BlockCode
 0001:0003C8EC       Classes.Bounds
 0001:0004CCEC       Classes.CalcJmpOffset
 0001:00044F98       Classes.CheckSubComponents
 0001:0004A2BC       Classes.CheckSynchronize
 0002:00000288       Classes.Classes
 0001:0003DF34       Classes.ClassNotFound
 0001:0004CDA0       Classes.CleanupInstFreeList
 0001:0003E96C       Classes.CollectionsEqual
 0001:00045078       Classes.ComponentCreated
 0003:000010EC       Classes.Convert
 0003:0000110C       Classes.Convert
 0001:00046F68       Classes.CopyBinary
 0001:00046ED8       Classes.CopyBytes
 0001:00046E8C       Classes.CopyList
 0001:00046E04       Classes.CopySetBody
 0001:000450F8       Classes.CreateComponent
 0003:000010B0       Classes.CreateVCLComObjectProc
 0001:0004CF40       Classes.DeallocateHWnd
 0001:0004A1F0       Classes.DoneThreadSynchronization
 0001:00040A58       Classes.DoWrite
 0003:000010C4       Classes.Dummy32bitResHeader
 0001:0004CF68       Classes.EFileStreamError.Create
 0001:0003E754       Classes.EndGlobalLoading
 0001:00043BDC       Classes.Error
 0001:0003D9D8       Classes.Error
 0004:00004F80       Classes.ExternalThreads
 0003:000010C0       Classes.FilerSignature
 0001:0004D018       Classes.Finalization
 0001:00047BB8       Classes.FindAncestor
 0001:0003E00C       Classes.FindClass
 0001:000452A8       Classes.FindExistingComponent
 0001:0003E5E4       Classes.FindGlobalComponent
 0004:00004F74       Classes.FindGlobalComponentProcs
 0001:0003E48C       Classes.FindIdentToInt
 0001:0003E410       Classes.FindIntToIdent
 0001:0004893C       Classes.FindMethodName
 0001:00044204       Classes.FindNestedComponent
 0001:000462F4       Classes.FindUniqueName
 0001:0004A208       Classes.FreeExternalThreads
 0001:0004CC54       Classes.FreeIntConstList
 0001:0004CD8C       Classes.FreeObjectInstance
 0001:0003DFA0       Classes.GetClass
 0001:00049030       Classes.GetComponentValue
 0001:0003FCC4       Classes.GetDesigner
 0001:0003DF28       Classes.GetFieldClassTable
 0001:0004CDDC       Classes.GetFreeInstBlockItemCount
 0004:00004F78       Classes.GlobalFixupList
 0001:0004437C       Classes.GlobalFixupReferences
 0005:00000010       Classes.GlobalLists
 0005:0000000C       Classes.GlobalLoaded
 0004:00004F5C       Classes.GlobalNameSpace
 0001:0003E184       Classes.GroupDescendentsWith
 0001:00045A94       Classes.HandleException
 0001:00049EAC       Classes.HexToBin
 0001:0003E508       Classes.IdentToInt
 0001:0003E7B0       Classes.InitComponent
 0001:0003E83C       Classes.InitInheritedComponent
 0001:0004A1B4       Classes.InitThreadSynchronization
 0004:00004F84       Classes.InstBlockList
 0004:00004F88       Classes.InstFreeList
 0004:00004F6C       Classes.IntConstList
 0001:0003C928       Classes.InterlockedCompareExchangePointer
 0001:0003C930       Classes.InterlockedExchange
 0001:0003C93C       Classes.InterlockedExchangePointer
 0001:0003E648       Classes.InternalReadComponentRes
 0001:0003E548       Classes.IntToIdent
 0001:0003C914       Classes.InvalidPoint
 0001:000486BC       Classes.IsDefault
 0001:00048538       Classes.IsDefaultFloatProp
 0001:00048594       Classes.IsDefaultInt64Prop
 0001:00048860       Classes.IsDefaultInterfaceProp
 0001:00048994       Classes.IsDefaultMethodProp
 0001:00048714       Classes.IsDefaultObjectProp
 0001:000484E0       Classes.IsDefaultOrdProp
 0001:00048ACC       Classes.IsDefaultPropertyValue
 0001:000485EC       Classes.IsDefaultStrProp
 0001:00048794       Classes.IsDefaultValue
 0001:00048A34       Classes.IsDefaultVariantProp
 0001:0003E624       Classes.IsUniqueGlobalComponentName
 0004:00004F60       Classes.IsUniqueGlobalComponentNameProc
 0001:0004CCF4       Classes.MakeObjectInstance
 0001:0003F914       Classes.Min
 0001:0004CCC4       Classes.ModuleUnload
 0003:000010E4       Classes.NilMethod
 0001:0003FD64       Classes.NotifyDesigner
 0001:0003E724       Classes.NotifyGlobalLoading
 0001:0004867C       Classes.ObjectAncestorMatch
 0001:00049018       Classes.OwnedBy
 0003:00001180       Classes.Priorities
 0001:000446A4       Classes.PropertyNotFound
 0001:00045B64       Classes.PropPathError
 0001:00044698       Classes.PropValueError
 0001:0003F090       Classes.QuickSort
 0001:00042D6C       Classes.RaiseException
 0001:00047450       Classes.ReadCustomVariant
 0001:00044680       Classes.ReadError
 0001:00045098       Classes.Recover
 0001:0003C8D0       Classes.Rect
 0004:00004F70       Classes.RegGroups
 0001:0003E02C       Classes.RegisterClass
 0001:0003E58C       Classes.RegisterFindGlobalComponentProc
 0001:0003E3E4       Classes.RegisterIntegerConsts
 0001:0004CE0C       Classes.ReleaseObjectInstanceBlocks
 0003:00001098       Classes.RemoveDataModule
 0001:0004454C       Classes.RemoveFixupReferences
 0001:000445F8       Classes.RemoveFixups
 0001:000449E8       Classes.RemoveGlobalFixup
 0001:0004A288       Classes.ResetSyncEvent
 0001:00045208       Classes.SetCompName
 0001:000446D0       Classes.SetElementValue
 0001:00045EBC       Classes.SetInterfaceReference
 0001:00045DD8       Classes.SetIntIdent
 0001:00045E20       Classes.SetObjectIdent
 0001:00045010       Classes.SetSubComponentState
 0001:00045E60       Classes.SetVariantReference
 0001:0004A2B0       Classes.SignalSyncEvent
 0001:00046BC0       Classes.SkipBinary
 0001:00046BF0       Classes.SkipCollection
 0001:00046B94       Classes.SkipList
 0001:0003E11C       Classes.StartClassGroup
 0001:0004CCCC       Classes.StdWndProc
 0001:00042B58       Classes.StringListCompareStrings
 0004:00004F64       Classes.SyncEvent
 0003:0000117C       Classes.SyncList
 0001:0004A15C       Classes.TAnonymousThread.Create
 0001:0004A1A8       Classes.TAnonymousThread.Execute
 0001:0004C6C0       Classes.TBasicAction.Change
 0001:0004C54C       Classes.TBasicAction.Create
 0001:0004C590       Classes.TBasicAction.Destroy
 0001:0004C62C       Classes.TBasicAction.Execute
 0001:0004C5FC       Classes.TBasicAction.ExecuteTarget
 0001:0004C5F8       Classes.TBasicAction.HandlesTarget
 0001:0004C600       Classes.TBasicAction.Notification
 0001:0004C6D4       Classes.TBasicAction.RegisterChanges
 0001:0004C720       Classes.TBasicAction.SetActionComponent
 0001:0004C664       Classes.TBasicAction.SetOnExecute
 0001:0004C6E0       Classes.TBasicAction.UnRegisterChanges
 0001:0004C648       Classes.TBasicAction.Update
 0001:0004C628       Classes.TBasicAction.UpdateTarget
 0001:0004C49C       Classes.TBasicActionLink.AssignClient
 0001:0004C4D4       Classes.TBasicActionLink.Change
 0001:0004C458       Classes.TBasicActionLink.Create
 0001:0004C4A0       Classes.TBasicActionLink.Destroy
 0001:0004C4EC       Classes.TBasicActionLink.Execute
 0001:0004C534       Classes.TBasicActionLink.IsOnExecuteLinked
 0001:0004C508       Classes.TBasicActionLink.SetAction
 0001:0004C538       Classes.TBasicActionLink.SetOnExecute
 0001:0004C540       Classes.TBasicActionLink.Update
 0001:0003F8CC       Classes.TBits.Destroy
 0001:0003F8FC       Classes.TBits.Error
 0001:0003F9F0       Classes.TBits.OpenBit
 0001:0003F9C4       Classes.TBits.SetBit
 0001:0003F920       Classes.TBits.SetSize
 0001:0003DC94       Classes.TClassFinder.Create
 0001:0003DDD4       Classes.TClassFinder.Destroy
 0001:0003DE04       Classes.TClassFinder.GetClass
 0001:0003DEA0       Classes.TClassFinder.GetClasses
 0001:00040094       Classes.TCollection.Add
 0001:000405AC       Classes.TCollection.Added
 0001:000400B4       Classes.TCollection.Assign
 0001:0004015C       Classes.TCollection.BeginUpdate
 0001:00040160       Classes.TCollection.Changed
 0001:00040170       Classes.TCollection.Clear
 0001:0003FFFC       Classes.TCollection.Create
 0001:00040570       Classes.TCollection.Delete
 0001:000405B0       Classes.TCollection.Deleting
 0001:00040048       Classes.TCollection.Destroy
 0001:000401D8       Classes.TCollection.EndUpdate
 0001:000401E4       Classes.TCollection.FindItemID
 0001:00040218       Classes.TCollection.GetAttr
 0001:00040214       Classes.TCollection.GetAttrCount
 0001:00040234       Classes.TCollection.GetCapacity
 0001:0004025C       Classes.TCollection.GetCount
 0001:00040224       Classes.TCollection.GetEnumerator
 0001:00040264       Classes.TCollection.GetItem
 0001:0004023C       Classes.TCollection.GetItemAttr
 0001:00040278       Classes.TCollection.GetNamePath
 0001:0004032C       Classes.TCollection.GetPropName
 0001:00040480       Classes.TCollection.Insert
 0001:0004049C       Classes.TCollection.InsertItem
 0001:000405B4       Classes.TCollection.Notify
 0001:000405A0       Classes.TCollection.Owner
 0001:00040504       Classes.TCollection.RemoveItem
 0001:00040558       Classes.TCollection.SetCapacity
 0001:00040568       Classes.TCollection.SetItemName
 0001:0004056C       Classes.TCollection.Update
 0001:0003FF90       Classes.TCollectionEnumerator.Create
 0001:0003FFD4       Classes.TCollectionEnumerator.GetCurrent
 0001:0003FFE0       Classes.TCollectionEnumerator.MoveNext
 0001:0003FE30       Classes.TCollectionItem.Changed
 0001:0003FDC8       Classes.TCollectionItem.Create
 0001:0003FE00       Classes.TCollectionItem.Destroy
 0001:0003FE6C       Classes.TCollectionItem.GetDisplayName
 0001:0003FE54       Classes.TCollectionItem.GetIndex
 0001:0003FE80       Classes.TCollectionItem.GetNamePath
 0001:0003FF2C       Classes.TCollectionItem.GetOwner
 0001:0003FF30       Classes.TCollectionItem.SetCollection
 0001:0003FF58       Classes.TCollectionItem.SetDisplayName
 0001:0003FF60       Classes.TCollectionItem.SetIndex
 0001:0004BF50       Classes.TComponent.AddSortedComponent
 0001:0004B5CC       Classes.TComponent.BeforeDestruction
 0001:0004C004       Classes.TComponent.ChangeName
 0001:0004B538       Classes.TComponent.Create
 0001:0004BAB8       Classes.TComponent.DefineProperties
 0001:0004B584       Classes.TComponent.Destroy
 0001:0004B93C       Classes.TComponent.DestroyComponents
 0001:0004B9A8       Classes.TComponent.Destroying
 0001:0004C160       Classes.TComponent.ExecuteAction
 0001:0004BDEC       Classes.TComponent.FindComponent
 0001:0004BDE0       Classes.TComponent.FindComponent$1499$ActRec.$0$Body
 0001:0004BED8       Classes.TComponent.FindSortedComponent
 0001:0004B618       Classes.TComponent.FreeNotification
 0001:0004C294       Classes.TComponent.FreeOnRelease
 0001:0004BB5C       Classes.TComponent.GetChildOwner
 0001:0004BB60       Classes.TComponent.GetChildParent
 0001:0004BB54       Classes.TComponent.GetChildren
 0001:0004C1C4       Classes.TComponent.GetComObject
 0001:0004C058       Classes.TComponent.GetComponent
 0001:0004C084       Classes.TComponent.GetComponentCount
 0001:0004C03C       Classes.TComponent.GetComponentIndex
 0001:0004BB64       Classes.TComponent.GetEnumerator
 0001:0004BB74       Classes.TComponent.GetNamePath
 0001:0004BB88       Classes.TComponent.GetOwner
 0001:0004BB90       Classes.TComponent.GetParentComponent
 0001:0004BB50       Classes.TComponent.HasParent
 0001:0004B7EC       Classes.TComponent.Insert
 0001:0004B8A0       Classes.TComponent.InsertComponent
 0001:0004C32C       Classes.TComponent.IntfGetComponent
 0001:0004C330       Classes.TComponent.IsImplementorOf
 0001:0004BBB0       Classes.TComponent.Loaded
 0001:0004BA58       Classes.TComponent.Notification
 0001:0004BBBC       Classes.TComponent.PaletteCreated
 0001:0004C2AC       Classes.TComponent.QueryInterface
 0001:0004B7AC       Classes.TComponent.ReadLeft
 0001:0004BBC0       Classes.TComponent.ReadState
 0001:0004B7C0       Classes.TComponent.ReadTop
 0001:0004C3B0       Classes.TComponent.ReferenceInterface
 0001:0004B828       Classes.TComponent.Remove
 0001:0004B904       Classes.TComponent.RemoveComponent
 0001:0004BA3C       Classes.TComponent.RemoveFreeNotification
 0001:0004B5D8       Classes.TComponent.RemoveFreeNotifications
 0001:0004B9E4       Classes.TComponent.RemoveNotification
 0001:0004C27C       Classes.TComponent.SafeCallException
 0001:0004BB8C       Classes.TComponent.SetChildOrder
 0001:0004C094       Classes.TComponent.SetComponentIndex
 0001:0004C0E8       Classes.TComponent.SetDesigning
 0001:0004BF74       Classes.TComponent.SetName
 0001:0004BB94       Classes.TComponent.SetParentComponent
 0001:0004C138       Classes.TComponent.SetReference
 0001:0004C1B0       Classes.TComponent.SetSubComponent
 0001:0004C188       Classes.TComponent.UpdateAction
 0001:0004BBA4       Classes.TComponent.Updated
 0001:0004C2A4       Classes.TComponent.UpdateRegistry
 0001:0004BB98       Classes.TComponent.Updating
 0001:0004BC58       Classes.TComponent.ValidateContainer
 0001:0004BC6C       Classes.TComponent.ValidateInsert
 0001:0004BBD0       Classes.TComponent.ValidateRename
 0001:0004B7D4       Classes.TComponent.WriteLeft
 0001:0004BBC8       Classes.TComponent.WriteState
 0001:0004B7E0       Classes.TComponent.WriteTop
 0001:0004C2EC       Classes.TComponent._AddRef
 0001:0004C30C       Classes.TComponent._Release
 0001:0004B4CC       Classes.TComponentEnumerator.Create
 0001:0004B510       Classes.TComponentEnumerator.GetCurrent
 0001:0004B51C       Classes.TComponentEnumerator.MoveNext
 0001:00043870       Classes.TCustomMemoryStream.Read
 0001:000438E4       Classes.TCustomMemoryStream.SaveToFile
 0001:000438CC       Classes.TCustomMemoryStream.SaveToStream
 0001:000438A8       Classes.TCustomMemoryStream.Seek
 0001:00043868       Classes.TCustomMemoryStream.SetPointer
 0001:0004A11C       Classes.TExternalThread.Create
 0001:0004A158       Classes.TExternalThread.Execute
 0001:00043D30       Classes.TFiler.Create
 0001:00038808       Classes.TFiler.DefineBinaryProperty
 0001:00038800       Classes.TFiler.DefineProperty
 0001:00043D78       Classes.TFiler.Destroy
 0001:00038810       Classes.TFiler.FlushBuffer
 0001:00043DA0       Classes.TFiler.SetRoot
 0001:000436C0       Classes.TFileStream.Create
 0001:0004367C       Classes.TFileStream.Create
 0001:00043834       Classes.TFileStream.Destroy
 0001:000435B8       Classes.THandleStream.Create
 0001:000435F4       Classes.THandleStream.Read
 0001:00043614       Classes.THandleStream.Seek
 0001:00043640       Classes.THandleStream.SetSize
 0001:00043654       Classes.THandleStream.SetSize
 0001:00043604       Classes.THandleStream.Write
 0004:00004F7C       Classes.ThreadLock
 0001:0004A4E8       Classes.ThreadProc
 0001:0003E3AC       Classes.TIntConst.Create
 0001:0003FC0C       Classes.TInterfacedPersistent.AfterConstruction
 0001:0003FC9C       Classes.TInterfacedPersistent.QueryInterface
 0001:0003FC5C       Classes.TInterfacedPersistent._AddRef
 0001:0003FC7C       Classes.TInterfacedPersistent._Release
 0001:0003EB10       Classes.TList.Add
 0001:0003F3D4       Classes.TList.Assign
 0001:0003EB50       Classes.TList.Clear
 0001:0003EB68       Classes.TList.Delete
 0001:0003EAF0       Classes.TList.Destroy
 0001:0003EC18       Classes.TList.Error
 0001:0003EBD0       Classes.TList.Error
 0001:0003EC9C       Classes.TList.Exchange
 0001:0003ECEC       Classes.TList.Expand
 0001:0003F378       Classes.TList.Extract
 0001:0003F380       Classes.TList.ExtractItem
 0001:0003ED04       Classes.TList.First
 0001:0003ED0C       Classes.TList.Get
 0001:0003ED30       Classes.TList.GetEnumerator
 0001:0003ED40       Classes.TList.Grow
 0001:0003ED74       Classes.TList.IndexOf
 0001:0003ED98       Classes.TList.IndexOfItem
 0001:0003EDC4       Classes.TList.Insert
 0001:0003EE3C       Classes.TList.Last
 0001:0003EE60       Classes.TList.Move
 0001:0003F3D0       Classes.TList.Notify
 0001:0003EF3C       Classes.TList.Pack
 0001:0003EEB8       Classes.TList.Put
 0001:0003EF14       Classes.TList.Remove
 0001:0003EF1C       Classes.TList.RemoveItem
 0001:0003EFB0       Classes.TList.SetCapacity
 0001:0003EFEC       Classes.TList.SetCount
 0001:0003F2D8       Classes.TList.Sort
 0001:0003F2CC       Classes.TList.Sort$876$ActRec.$0$Body
 0001:0003F358       Classes.TList.SortList
 0001:0003EA88       Classes.TListEnumerator.Create
 0001:0003EACC       Classes.TListEnumerator.GetCurrent
 0001:0003EAD8       Classes.TListEnumerator.MoveNext
 0001:00043968       Classes.TMemoryStream.Clear
 0001:0004393C       Classes.TMemoryStream.Destroy
 0001:000439B8       Classes.TMemoryStream.LoadFromFile
 0001:00043980       Classes.TMemoryStream.LoadFromStream
 0001:00043A60       Classes.TMemoryStream.Realloc
 0001:00043A0C       Classes.TMemoryStream.SetCapacity
 0001:00043A34       Classes.TMemoryStream.SetSize
 0001:00043AE0       Classes.TMemoryStream.Write
 0001:000405D8       Classes.TOwnedCollection.Create
 0001:0004061C       Classes.TOwnedCollection.GetOwner
 0001:0003FA94       Classes.TPersistent.Assign
 0001:0003FAA8       Classes.TPersistent.AssignError
 0001:0003FB64       Classes.TPersistent.AssignTo
 0001:0003FB6C       Classes.TPersistent.DefineProperties
 0001:0003FA68       Classes.TPersistent.Destroy
 0001:0003FB70       Classes.TPersistent.GetNamePath
 0001:0003FC08       Classes.TPersistent.GetOwner
 0001:000440B8       Classes.TPropFixup.Create
 0001:00044110       Classes.TPropFixup.MakeGlobalReference
 0001:00044170       Classes.TPropFixup.ResolveReference
 0001:00044180       Classes.TPropIntfFixup.ResolveReference
 0001:00044724       Classes.TReader.BeginReferences
 0001:0004478C       Classes.TReader.CheckValue
 0001:00046FC0       Classes.TReader.CopyValue
 0001:000447EC       Classes.TReader.DefineBinaryProperty
 0001:000447B0       Classes.TReader.DefineProperty
 0001:000446E8       Classes.TReader.Destroy
 0001:00044A68       Classes.TReader.DoFixupReferences
 0001:000448D4       Classes.TReader.EndOfList
 0001:000448E8       Classes.TReader.EndReferences
 0001:00044904       Classes.TReader.Error
 0001:0004729C       Classes.TReader.FindAncestorComponent
 0001:00047394       Classes.TReader.FindComponentClass
 0001:00044998       Classes.TReader.FindMethod
 0001:00044928       Classes.TReader.FindMethodInstance
 0001:00044BAC       Classes.TReader.FixupReferences
 0001:00044BE4       Classes.TReader.FlushBuffer
 0001:00044C08       Classes.TReader.FreeFixups
 0001:00044C44       Classes.TReader.GetFieldClass
 0001:00044CD8       Classes.TReader.GetPosition
 0001:00044CF0       Classes.TReader.NextValue
 0001:00044D00       Classes.TReader.PropertyError
 0001:00044D14       Classes.TReader.Read
 0001:00044D9C       Classes.TReader.ReadBoolean
 0001:00044D60       Classes.TReader.ReadBuffer
 0001:00044DC0       Classes.TReader.ReadChar
 0001:00044E80       Classes.TReader.ReadCollection
 0001:0004534C       Classes.TReader.ReadComponent
 0001:00046690       Classes.TReader.ReadComponents
 0001:0004578C       Classes.TReader.ReadCurrency
 0001:0004558C       Classes.TReader.ReadData
 0001:000455FC       Classes.TReader.ReadDataInner
 0001:000457DC       Classes.TReader.ReadDate
 0001:00045704       Classes.TReader.ReadDouble
 0001:000456CC       Classes.TReader.ReadFloat
 0001:00045820       Classes.TReader.ReadIdent
 0001:00045A00       Classes.TReader.ReadInt64
 0001:00045994       Classes.TReader.ReadInteger
 0001:00045A44       Classes.TReader.ReadListBegin
 0001:00045A4C       Classes.TReader.ReadListEnd
 0001:00045A54       Classes.TReader.ReadPrefix
 0001:00045B80       Classes.TReader.ReadProperty
 0001:00045F7C       Classes.TReader.ReadPropValue
 0001:0004635C       Classes.TReader.ReadRootComponent
 0001:00046780       Classes.TReader.ReadSet
 0001:0004683C       Classes.TReader.ReadSignature
 0001:00045748       Classes.TReader.ReadSingle
 0001:00046860       Classes.TReader.ReadStr
 0001:000468F0       Classes.TReader.ReadString
 0001:00046B18       Classes.TReader.ReadValue
 0001:00047618       Classes.TReader.ReadVariant
 0001:00044E20       Classes.TReader.ReadWideChar
 0001:000469D8       Classes.TReader.ReadWideString
 0001:00047354       Classes.TReader.ReferenceName
 0001:0004736C       Classes.TReader.SetName
 0001:00046B2C       Classes.TReader.SetPosition
 0001:00047408       Classes.TReader.SkipBytes
 0001:000471F0       Classes.TReader.SkipComponent
 0001:000471A8       Classes.TReader.SkipProperty
 0001:00046B4C       Classes.TReader.SkipSetBody
 0001:00046C54       Classes.TReader.SkipValue
 0001:0003D280       Classes.TRegGroup.AddClass
 0001:0003D28C       Classes.TRegGroup.BestClass
 0001:0003D2EC       Classes.TRegGroup.BestGroup
 0001:0003D35C       Classes.TRegGroup.Create
 0001:0003D3B8       Classes.TRegGroup.Destroy
 0001:0003D3F8       Classes.TRegGroup.GetClass
 0001:0003D448       Classes.TRegGroup.GetClasses
 0001:0003D490       Classes.TRegGroup.IndexOfClass
 0001:0003D508       Classes.TRegGroup.InGroup
 0001:0003D54C       Classes.TRegGroup.RegisterClass
 0001:0003D600       Classes.TRegGroup.RegisterClassAlias
 0001:0003D638       Classes.TRegGroup.Registered
 0001:0003D650       Classes.TRegGroup.UnregisterClass
 0001:0003D6B0       Classes.TRegGroup.UnregisterModuleClasses
 0001:0003D7F0       Classes.TRegGroups.Activate
 0001:0003D83C       Classes.TRegGroups.AddClass
 0001:0003D85C       Classes.TRegGroups.Create
 0001:0003D8D0       Classes.TRegGroups.Destroy
 0001:0003D930       Classes.TRegGroups.FindGroup
 0001:0003D974       Classes.TRegGroups.GetClass
 0001:0003D9B8       Classes.TRegGroups.GroupedWith
 0001:0003DA5C       Classes.TRegGroups.GroupWith
 0001:0003DB30       Classes.TRegGroups.Lock
 0001:0003DB3C       Classes.TRegGroups.RegisterClass
 0001:0003DB54       Classes.TRegGroups.RegisterClassAlias
 0001:0003DB74       Classes.TRegGroups.Registered
 0001:0003DBB8       Classes.TRegGroups.StartGroup
 0001:0003DC08       Classes.TRegGroups.Unlock
 0001:0003DC14       Classes.TRegGroups.UnregisterClass
 0001:0003DC44       Classes.TRegGroups.UnregisterModuleClasses
 0001:00043B30       Classes.TResourceStream.Create
 0001:00043B88       Classes.TResourceStream.CreateFromID
 0001:00043CE8       Classes.TResourceStream.Destroy
 0001:00043C7C       Classes.TResourceStream.Initialize
 0001:00043D18       Classes.TResourceStream.Write
 0001:00042F94       Classes.TStream.CopyFrom
 0001:000433D4       Classes.TStream.FixupResourceHeader
 0001:00042C80       Classes.TStream.GetPosition
 0001:00042CB4       Classes.TStream.GetSize
 0001:00036E30       Classes.TStream.Read
 0001:00042ED4       Classes.TStream.ReadBuffer
 0001:00043088       Classes.TStream.ReadComponent
 0001:0004314C       Classes.TStream.ReadComponentRes
 0001:000434CC       Classes.TStream.ReadResHeader
 0001:00042DE0       Classes.TStream.Seek
 0001:00042E64       Classes.TStream.Seek
 0001:00042CA0       Classes.TStream.SetPosition
 0001:00042D00       Classes.TStream.SetSize
 0001:00042D18       Classes.TStream.SetSize
 0001:00042D04       Classes.TStream.SetSize64
 0001:00036E38       Classes.TStream.Write
 0001:00042F34       Classes.TStream.WriteBuffer
 0001:000430E8       Classes.TStream.WriteComponent
 0001:00043168       Classes.TStream.WriteComponentRes
 0001:000430F0       Classes.TStream.WriteDescendent
 0001:00043498       Classes.TStream.WriteDescendentRes
 0001:00043170       Classes.TStream.WriteResourceHeader
 0001:0004CC3C       Classes.TStreamAdapter.Clone
 0001:0004CB90       Classes.TStreamAdapter.Commit
 0001:0004C988       Classes.TStreamAdapter.CopyTo
 0001:0004C74C       Classes.TStreamAdapter.Create
 0001:0004C798       Classes.TStreamAdapter.Destroy
 0001:0004CBA8       Classes.TStreamAdapter.LockRegion
 0001:0004C7D0       Classes.TStreamAdapter.Read
 0001:0004CB9C       Classes.TStreamAdapter.Revert
 0001:0004C8A0       Classes.TStreamAdapter.Seek
 0001:0004C924       Classes.TStreamAdapter.SetSize
 0001:0004CBC0       Classes.TStreamAdapter.Stat
 0001:0004CBB4       Classes.TStreamAdapter.UnlockRegion
 0001:0004C838       Classes.TStreamAdapter.Write
 0001:000424A0       Classes.TStringList.Add
 0001:000424B0       Classes.TStringList.AddObject
 0001:00042514       Classes.TStringList.Assign
 0001:00042550       Classes.TStringList.Changed
 0001:0004256C       Classes.TStringList.Changing
 0001:00042588       Classes.TStringList.Clear
 0001:00042BC0       Classes.TStringList.CompareStrings
 0001:00042C14       Classes.TStringList.Create
 0001:00042BDC       Classes.TStringList.Create
 0001:00042B88       Classes.TStringList.CustomSort
 0001:00042670       Classes.TStringList.Delete
 0001:00042394       Classes.TStringList.Destroy
 0001:000426FC       Classes.TStringList.Exchange
 0001:00042758       Classes.TStringList.ExchangeItems
 0001:0004277C       Classes.TStringList.Find
 0001:00042800       Classes.TStringList.Get
 0001:00042830       Classes.TStringList.GetCapacity
 0001:00042834       Classes.TStringList.GetCount
 0001:00042838       Classes.TStringList.GetObject
 0001:0004285C       Classes.TStringList.Grow
 0001:00042890       Classes.TStringList.IndexOf
 0001:000428CC       Classes.TStringList.Insert
 0001:00042930       Classes.TStringList.InsertItem
 0001:000428DC       Classes.TStringList.InsertObject
 0001:000429AC       Classes.TStringList.Put
 0001:00042A04       Classes.TStringList.PutObject
 0001:00042A40       Classes.TStringList.QuickSort
 0001:00042AD8       Classes.TStringList.SetCapacity
 0001:00042C58       Classes.TStringList.SetCaseSensitive
 0001:00042B18       Classes.TStringList.SetSorted
 0001:00042B38       Classes.TStringList.SetUpdateState
 0001:00042B78       Classes.TStringList.Sort
 0001:00040750       Classes.TStrings.Add
 0001:00040774       Classes.TStrings.AddObject
 0001:0004085C       Classes.TStrings.AddStrings
 0001:000408C0       Classes.TStrings.AddStrings
 0001:000407A4       Classes.TStrings.AddStrings
 0001:00040798       Classes.TStrings.Append
 0001:00040964       Classes.TStrings.Assign
 0001:00040A40       Classes.TStrings.BeginUpdate
 0001:0003607C       Classes.TStrings.Clear
 0001:00042118       Classes.TStrings.CompareStrings
 0001:00040698       Classes.TStrings.Create
 0001:00040AB0       Classes.TStrings.DefineProperties
 0001:00036084       Classes.TStrings.Delete
 0001:000406E0       Classes.TStrings.Destroy
 0001:00040B08       Classes.TStrings.EndUpdate
 0001:00040B1C       Classes.TStrings.Equals
 0001:00040BC4       Classes.TStrings.Error
 0001:00040C48       Classes.TStrings.Exchange
 0001:00040D34       Classes.TStrings.ExtractName
 0001:00040DB0       Classes.TStrings.GetCapacity
 0001:00040DB8       Classes.TStrings.GetCommaText
 0001:00040E50       Classes.TStrings.GetDelimitedText
 0001:00041F74       Classes.TStrings.GetDelimiter
 0001:000410C0       Classes.TStrings.GetEnumerator
 0001:00041F90       Classes.TStrings.GetLineBreak
 0001:000410D0       Classes.TStrings.GetName
 0001:00042124       Classes.TStrings.GetNameValueSeparator
 0001:00041130       Classes.TStrings.GetObject
 0001:00041FCC       Classes.TStrings.GetQuoteChar
 0001:00041FE8       Classes.TStrings.GetStrictDelimiter
 0001:00041134       Classes.TStrings.GetText
 0001:00041188       Classes.TStrings.GetTextStr
 0001:000412CC       Classes.TStrings.GetValue
 0001:00042160       Classes.TStrings.GetValueFromIndex
 0001:00041358       Classes.TStrings.IndexOf
 0001:000413E4       Classes.TStrings.IndexOfName
 0001:000414B8       Classes.TStrings.IndexOfObject
 0001:0003608C       Classes.TStrings.Insert
 0001:000414EC       Classes.TStrings.InsertObject
 0001:00041570       Classes.TStrings.LoadFromFile
 0001:0004151C       Classes.TStrings.LoadFromFile
 0001:000415CC       Classes.TStrings.LoadFromStream
 0001:000415D8       Classes.TStrings.LoadFromStream
 0001:000416DC       Classes.TStrings.Move
 0001:0004179C       Classes.TStrings.Put
 0001:000417CC       Classes.TStrings.PutObject
 0001:000417D0       Classes.TStrings.ReadData
 0001:00041880       Classes.TStrings.SaveToFile
 0001:00041890       Classes.TStrings.SaveToFile
 0001:00041900       Classes.TStrings.SaveToStream
 0001:000418F0       Classes.TStrings.SaveToStream
 0001:000419BC       Classes.TStrings.SetCapacity
 0001:000419C0       Classes.TStrings.SetCommaText
 0001:00042000       Classes.TStrings.SetDefaultEncoding
 0001:00041DC4       Classes.TStrings.SetDelimitedText
 0001:00042048       Classes.TStrings.SetDelimiter
 0001:00042068       Classes.TStrings.SetEncoding
 0001:000420B0       Classes.TStrings.SetLineBreak
 0001:00042140       Classes.TStrings.SetNameValueSeparator
 0001:000420DC       Classes.TStrings.SetQuoteChar
 0001:000420FC       Classes.TStrings.SetStrictDelimiter
 0001:00041A58       Classes.TStrings.SetStringsAdapter
 0001:00041A8C       Classes.TStrings.SetText
 0001:00041ADC       Classes.TStrings.SetTextStr
 0001:00041C88       Classes.TStrings.SetUpdateState
 0001:00041C8C       Classes.TStrings.SetValue
 0001:000421FC       Classes.TStrings.SetValueFromIndex
 0001:00042344       Classes.TStrings.ToObjectArray
 0001:000422AC       Classes.TStrings.ToStringArray
 0001:00041D40       Classes.TStrings.WriteData
 0001:00040620       Classes.TStringsEnumerator.Create
 0001:00040664       Classes.TStringsEnumerator.GetCurrent
 0001:0004067C       Classes.TStringsEnumerator.MoveNext
 0004:00004F58       Classes.TThread.$ClassInitFlag
 0001:0004A784       Classes.TThread.AfterConstruction
 0001:0004A864       Classes.TThread.CallOnTerminate
 0001:0004A798       Classes.TThread.CheckTerminated
 0001:0004A7D0       Classes.TThread.CheckThreadError
 0001:0004A84C       Classes.TThread.CheckThreadError
 0001:0004A59C       Classes.TThread.Create
 0001:0004A5D4       Classes.TThread.Create
 0002:0000026C       Classes.TThread.Create@
 0001:0004A6D8       Classes.TThread.CreateAnonymousThread
 0001:0004A6E8       Classes.TThread.Destroy
 0001:0004A75C       Classes.TThread.Destroy@
 0001:0004A878       Classes.TThread.DoTerminate
 0005:00000008       Classes.TThread.FCurrentThread
 0004:00004F54       Classes.TThread.FProcessorCount
 0001:0004A88C       Classes.TThread.GetCurrentThread
 0001:0004A9AC       Classes.TThread.GetPriority
 0001:0004A900       Classes.TThread.InternalStart
 0001:0004B42C       Classes.TThread.NameThreadForDebugging
 0001:0004B004       Classes.TThread.Queue
 0001:0004AB6C       Classes.TThread.Queue
 0001:0004AA14       Classes.TThread.Queue
 0001:0004AAA0       Classes.TThread.Queue
 0001:0004B198       Classes.TThread.RemoveQueuedEvents
 0001:0004AC0C       Classes.TThread.RemoveQueuedEvents
 0001:0004B24C       Classes.TThread.RemoveQueuedEvents
 0001:0004B31C       Classes.TThread.Resume
 0001:0004A9E8       Classes.TThread.SetPriority
 0001:0004ACE0       Classes.TThread.SetReturnValue
 0001:0004B260       Classes.TThread.SetSuspended
 0001:0004B294       Classes.TThread.Sleep
 0001:0004B278       Classes.TThread.SpinWait
 0001:0004B2A4       Classes.TThread.Start
 0001:0004AD1C       Classes.TThread.StaticQueue
 0001:0004B184       Classes.TThread.StaticSynchronize
 0001:0004B2AC       Classes.TThread.Suspend
 0001:0004AED8       Classes.TThread.Synchronize
 0001:0004AF0C       Classes.TThread.Synchronize
 0001:0004AD30       Classes.TThread.Synchronize
 0001:0004B0E8       Classes.TThread.Synchronize
 0001:0004AF74       Classes.TThread.Synchronize
 0001:0004B344       Classes.TThread.Terminate
 0001:0004B368       Classes.TThread.WaitFor
 0001:0004B29C       Classes.TThread.Yield
 0001:0003F774       Classes.TThreadList.Add
 0001:0003F7FC       Classes.TThreadList.Clear
 0001:0003F6A0       Classes.TThreadList.Create
 0001:0003F6F8       Classes.TThreadList.Destroy
 0001:0003F844       Classes.TThreadList.LockList
 0001:0003F864       Classes.TThreadList.Remove
 0001:0003F86C       Classes.TThreadList.RemoveItem
 0001:0003F8C0       Classes.TThreadList.UnlockList
 0001:00047864       Classes.TWriter.AddAncestor
 0001:00047898       Classes.TWriter.DefineBinaryProperty
 0001:00047870       Classes.TWriter.DefineProperty
 0001:00047838       Classes.TWriter.Destroy
 0001:000478D4       Classes.TWriter.FindMethodName
 0001:0004791C       Classes.TWriter.FlushBuffer
 0001:00049E48       Classes.TWriter.GetLookupInfo
 0001:000478C4       Classes.TWriter.GetPosition
 0001:00047924       Classes.TWriter.SetPosition
 0001:00047960       Classes.TWriter.SetRoot
 0001:00047978       Classes.TWriter.Write
 0001:000479C4       Classes.TWriter.WriteBinary
 0001:00047A64       Classes.TWriter.WriteBoolean
 0001:00047A4C       Classes.TWriter.WriteBuffer
 0001:00047A78       Classes.TWriter.WriteChar
 0001:00047B18       Classes.TWriter.WriteCollection
 0001:00047C08       Classes.TWriter.WriteComponent
 0001:000481B0       Classes.TWriter.WriteCurrency
 0001:00047D5C       Classes.TWriter.WriteData
 0001:000481D4       Classes.TWriter.WriteDate
 0001:0004811C       Classes.TWriter.WriteDescendent
 0001:0004818C       Classes.TWriter.WriteDouble
 0001:00048144       Classes.TWriter.WriteFloat
 0001:000481F8       Classes.TWriter.WriteIdent
 0001:00048350       Classes.TWriter.WriteInteger
 0001:000482DC       Classes.TWriter.WriteInteger
 0001:000483A8       Classes.TWriter.WriteListBegin
 0001:000483B0       Classes.TWriter.WriteListEnd
 0001:00049C20       Classes.TWriter.WriteMinStr
 0001:000483B8       Classes.TWriter.WritePrefix
 0001:00048400       Classes.TWriter.WriteProperties
 0001:00049634       Classes.TWriter.WriteProperty
 0001:00049B68       Classes.TWriter.WritePropName
 0001:00049BBC       Classes.TWriter.WriteRootComponent
 0001:00049BC4       Classes.TWriter.WriteSignature
 0001:00048168       Classes.TWriter.WriteSingle
 0001:00049BD4       Classes.TWriter.WriteStr
 0001:00049CE4       Classes.TWriter.WriteString
 0001:00049D98       Classes.TWriter.WriteUTF8Str
 0001:00049E34       Classes.TWriter.WriteValue
 0001:00049788       Classes.TWriter.WriteVariant
 0001:00047AC8       Classes.TWriter.WriteWideChar
 0001:00049E2C       Classes.TWriter.WriteWideString
 0001:0003E5CC       Classes.UnregisterFindGlobalComponentProc
 0001:0003E0B4       Classes.UnRegisterModuleClasses
 0003:000011A0       Classes.UtilWindowClass
 0001:0004A294       Classes.WaitForSyncEvent
 0003:000010B8       Classes.WakeMainThread
 0001:0003E900       Classes.WriteCollection
 0001:00048D88       Classes.WriteCollectionProp
 0001:00048F24       Classes.WriteFloatProp
 0001:00048F64       Classes.WriteInt64Prop
 0001:00049384       Classes.WriteInterfaceProp
 0001:00048D1C       Classes.WriteIntProp
 0001:00049540       Classes.WriteMethodProp
 0001:00049170       Classes.WriteObjectProp
 0001:00048E2C       Classes.WriteOrdProp
 0001:00048C30       Classes.WritePropPath
 0001:00048C88       Classes.WriteSet
 0001:00048FA0       Classes.WriteStrProp
 0001:000495D0       Classes.WriteVariantProp
 0004:0000524C       Clipbrd..3
 0004:0000524A       Clipbrd.CF_COMPONENT
 0004:00005248       Clipbrd.CF_PICTURE
 0002:00000BA0       Clipbrd.Clipbrd
 0004:00005250       Clipbrd.FClipboard
 0001:000B46B4       Clipbrd.Finalization
 0004:0000522C       ComCtrls..96
 0001:000AC260       ComCtrls..TConversion
 0001:000AC698       ComCtrls..TCustomUpDown
 0001:000AC9D0       ComCtrls..TUpDown
 0002:00000B24       ComCtrls.ComCtrls
 0004:00005230       ComCtrls.ConversionFormatList
 0001:000ADD1C       ComCtrls.Finalization
 0001:000ADCBC       ComCtrls.FreeConversionFormatList
 0004:00005238       ComCtrls.FRichEditModule
 0001:000AD12C       ComCtrls.InitCommonControl
 0001:000AD67C       ComCtrls.IsClass
 0003:00001F54       ComCtrls.RTFConversionFormat
 0004:00005234       ComCtrls.ShellModule
 0001:000AD190       ComCtrls.TConversion.ConvertReadStream
 0001:000AD1EC       ComCtrls.TConversion.ConvertWriteStream
 0001:000AD158       ComCtrls.TConversion.Create
 0001:000AD574       ComCtrls.TCustomUpDown.CanChange
 0001:000AD65C       ComCtrls.TCustomUpDown.Click
 0001:000AD60C       ComCtrls.TCustomUpDown.CMAllChildrenFlipped
 0001:000AD628       ComCtrls.TCustomUpDown.CNNotify
 0001:000AD248       ComCtrls.TCustomUpDown.Create
 0001:000AD314       ComCtrls.TCustomUpDown.CreateParams
 0001:000AD3B8       ComCtrls.TCustomUpDown.CreateWnd
 0001:000AD558       ComCtrls.TCustomUpDown.DoCanChange
 0001:000AD964       ComCtrls.TCustomUpDown.GetPosition
 0001:000AD914       ComCtrls.TCustomUpDown.Notification
 0001:000ADBCC       ComCtrls.TCustomUpDown.SetAlignButton
 0001:000ADC08       ComCtrls.TCustomUpDown.SetArrowKeys
 0001:000AD6AC       ComCtrls.TCustomUpDown.SetAssociate
 0001:000ADA2C       ComCtrls.TCustomUpDown.SetIncrement
 0001:000AD9EC       ComCtrls.TCustomUpDown.SetMax
 0001:000AD9AC       ComCtrls.TCustomUpDown.SetMin
 0001:000ADB58       ComCtrls.TCustomUpDown.SetOrientation
 0001:000ADA88       ComCtrls.TCustomUpDown.SetPosition
 0001:000ADC44       ComCtrls.TCustomUpDown.SetThousands
 0001:000ADC80       ComCtrls.TCustomUpDown.SetWrap
 0001:000AD8C0       ComCtrls.TCustomUpDown.UndoAutoResizing
 0001:000AD504       ComCtrls.TCustomUpDown.WMHScroll
 0001:000AD4D4       ComCtrls.TCustomUpDown.WMSize
 0001:000AD480       ComCtrls.TCustomUpDown.WMVScroll
 0003:00001F5C       ComCtrls.TextConversionFormat
 0004:00005048       CommCtrl.ComCtl32DLL
 0001:00066F7C       CommCtrl.FlatSB_GetScrollInfo
 0001:00066F84       CommCtrl.FlatSB_GetScrollPos
 0001:00066F8C       CommCtrl.FlatSB_SetScrollInfo
 0001:00066F94       CommCtrl.FlatSB_SetScrollPos
 0001:00066F9C       CommCtrl.FlatSB_SetScrollProp
 0001:00066EB4       CommCtrl.ImageList_Add
 0001:00066F14       CommCtrl.ImageList_BeginDrag
 0001:00066F0C       CommCtrl.ImageList_Copy
 0001:00066E94       CommCtrl.ImageList_Create
 0001:00066E9C       CommCtrl.ImageList_Destroy
 0001:00066F24       CommCtrl.ImageList_DragEnter
 0001:00066F2C       CommCtrl.ImageList_DragLeave
 0001:00066F34       CommCtrl.ImageList_DragMove
 0001:00066F3C       CommCtrl.ImageList_DragShowNolock
 0001:00066EDC       CommCtrl.ImageList_Draw
 0001:00066EEC       CommCtrl.ImageList_DrawEx
 0001:00066F1C       CommCtrl.ImageList_EndDrag
 0001:00066ECC       CommCtrl.ImageList_GetBkColor
 0001:00066F44       CommCtrl.ImageList_GetDragImage
 0001:00066EFC       CommCtrl.ImageList_GetIcon
 0001:00066F5C       CommCtrl.ImageList_GetIconSize
 0001:00066EA4       CommCtrl.ImageList_GetImageCount
 0001:00066F6C       CommCtrl.ImageList_GetImageInfo
 0001:00066F04       CommCtrl.ImageList_LoadImage
 0001:00066F4C       CommCtrl.ImageList_Read
 0001:00066EF4       CommCtrl.ImageList_Remove
 0001:00066EE4       CommCtrl.ImageList_Replace
 0001:00066EBC       CommCtrl.ImageList_ReplaceIcon
 0001:00066EC4       CommCtrl.ImageList_SetBkColor
 0001:00066F64       CommCtrl.ImageList_SetIconSize
 0001:00066EAC       CommCtrl.ImageList_SetImageCount
 0001:00066ED4       CommCtrl.ImageList_SetOverlayImage
 0001:00066F54       CommCtrl.ImageList_Write
 0001:00066DE0       CommCtrl.InitComCtl
 0001:00066DD8       CommCtrl.InitCommonControls
 0001:00066E60       CommCtrl.InitCommonControlsEx
 0001:00066FA4       CommCtrl.InitializeFlatSB
 0004:0000504C       CommCtrl._InitCommonControlsEx
 0001:00066F74       CommCtrl._TrackMouseEvent
 0001:000A95F0       CommDlg.GetOpenFileName
 0001:000A95F8       CommDlg.GetSaveFileName
 0001:000D0EF8       Config..TForm2
 0004:000052AC       Config.Form2
 0001:000D170C       Config.TForm2.RadioButton1Click
 0001:000D176C       Config.TForm2.RadioButton2Click
 0001:000D17CC       Config.TForm2.RadioButton3Click
 0001:000D182C       Config.TForm2.RadioButton4Click
 0001:000D188C       Config.TForm2.RbButton1Click
 0001:000D2010       Config.TForm2.RbButton2Click
 0001:000D202C       Config.TForm2.RbButton3Click
 0001:00066A48       Contnrs..TOrderedList
 0001:00066C60       Contnrs..TStack
 0001:00066CF0       Contnrs.TOrderedList.AtLeast
 0001:00066D1C       Contnrs.TOrderedList.Count
 0001:00066D24       Contnrs.TOrderedList.Create
 0001:00066D68       Contnrs.TOrderedList.Destroy
 0001:00066CFC       Contnrs.TOrderedList.Peek
 0001:00066D98       Contnrs.TOrderedList.PeekItem
 0001:00066D04       Contnrs.TOrderedList.Pop
 0001:00066DAC       Contnrs.TOrderedList.PopItem
 0001:00066D0C       Contnrs.TOrderedList.Push
 0001:00066DCC       Contnrs.TStack.PushItem
 0004:00005134       Controls..44
 0001:0006A9C0       Controls..TBaseDragControlObject
 0001:0006E66C       Controls..TControl
 0001:0006B480       Controls..TControlActionLink
 0001:0006B234       Controls..TControlCanvas
 0001:000720CC       Controls..TCustomControl
 0001:0006C74C       Controls..TCustomGestureCollectionItem
 0001:0006CF8C       Controls..TCustomGestureEngine
 0001:0006C9AC       Controls..TCustomGestureManager
 0001:00074678       Controls..TCustomHint
 0001:00074420       Controls..TCustomHintShowHideThread
 0001:00073FE4       Controls..TCustomHintWindow
 0001:0007380C       Controls..TCustomPanningWindow
 0001:0006D160       Controls..TCustomTouchManager
 0001:00073498       Controls..TDockTree
 0001:00072EAC       Controls..TDockZone
 0001:0006AB5C       Controls..TDragControlObject
 0001:0006AC98       Controls..TDragControlObjectEx
 0001:0006ADA4       Controls..TDragDockObject
 0001:0006B11C       Controls..TDragDockObjectEx
 0001:000727A8       Controls..TDragImageList
 0001:0006A4BC       Controls..TDragObject
 0001:00071EFC       Controls..TGraphicControl
 0001:000722E8       Controls..THintWindow
 0001:00072C04       Controls..TImageList
 0001:0006BD84       Controls..TMargins
 0001:00073ABC       Controls..TMouse
 0001:0006C268       Controls..TPadding
 0001:00075384       Controls..TSiteList
 0001:0006BB1C       Controls..TSizeConstraints
 0001:0006D714       Controls..TTouchManager
 0001:000709E8       Controls..TWinControl
 0001:0007042C       Controls..TWinControlActionLink
 0001:00075B38       Controls.AbsMin
 0004:00005168       Controls.ActiveDrag
 0001:0007C890       Controls.AlignNestedControls
 0001:0007C83C       Controls.AlignWork
 0003:00001688       Controls.AnchorAlign
 0003:0000167C       Controls.AnimateWindowProc
 0003:00001800       Controls.AnimationStyle
 0001:00078D04       Controls.BackgroundClipped
 0001:000873D0       Controls.CalcSplitterPos
 0001:00076BBC       Controls.CancelDrag
 0004:0000517C       Controls.CanvasList
 0003:00001740       Controls.CaptureControl
 0001:00074C9C       Controls.ChangeBiDiModeAlignment
 0001:00076824       Controls.CheckUndock
 0001:0008411C       Controls.ClientToWindow
 0004:0000513A       Controls.ControlAtom
 0004:00005140       Controls.ControlAtomString
 0002:00000910       Controls.Controls
 0003:00001794       Controls.CPan
 0003:00001791       Controls.CPanOoptions
 0003:000017C4       Controls.CPanSingleFingerHorizontal
 0003:000017BC       Controls.CPanSingleFingerVertical
 0003:000017CC       Controls.CPanWithGutter
 0003:000017D4       Controls.CPanWithInertia
 0003:000017AC       Controls.CPressAndTap
 0003:00001684       Controls.CreationControl
 0003:000017A4       Controls.CRotate
 0003:00001784       Controls.Ctl3DStyles
 0003:000017B4       Controls.CTwoFingerTap
 0003:00001690       Controls.Cursors
 0001:00075164       Controls.CursorToIdent
 0003:0000179C       Controls.CZoom
 0003:00001680       Controls.DefaultDockTreeClass
 0001:0007DC68       Controls.DestroyChildWindow
 0001:0007CB08       Controls.DoAdjustSize
 0001:0007C6B0       Controls.DoAlign
 0001:00081FD4       Controls.DoCalcConstraints
 0004:00005170       Controls.DockSiteList
 0001:0007EBB8       Controls.DoControlMsg
 0001:00076138       Controls.DoDragOver
 0001:00084E10       Controls.DoFindControlZone
 0001:0008553C       Controls.DoFindZone
 0001:00084E94       Controls.DoForEach
 0001:00086B98       Controls.DoGetNextLimit
 0001:00087CD4       Controls.DoneControls
 0001:0007C668       Controls.DoPosition
 0001:00086044       Controls.DoPrune
 0001:0008658C       Controls.DoSaveZone
 0001:00086890       Controls.DoSetNewBounds
 0001:0007D8E4       Controls.DoWriteDesignSize
 0001:0007A2C0       Controls.DoWriteExplicit
 0001:0007A28C       Controls.DoWriteIsControl
 0004:00005154       Controls.DragCapture
 0004:00005148       Controls.DragControl
 0001:00076898       Controls.DragDone
 0001:000760E8       Controls.DragFindTarget
 0001:000760BC       Controls.DragFindWindow
 0004:0000516C       Controls.DragImageList
 0001:000764FC       Controls.DragInit
 0001:0007666C       Controls.DragInitControl
 0004:00005150       Controls.DragInternalObject
 0001:00076004       Controls.DragMessage
 0004:0000514C       Controls.DragObject
 0004:00005178       Controls.DragSave
 0004:00005160       Controls.DragSaveCursor
 0004:00005158       Controls.DragStartPos
 0004:00005164       Controls.DragThreshold
 0001:00076214       Controls.DragTo
 0001:00085AC4       Controls.DrawCloseButton
 0001:00085B58       Controls.DrawGrabberLine
 0001:00085BE4       Controls.DrawThemedGrabber
[...]
 0004:00000051       System.IsMultiThread
 0004:00000052       System.Test8086
 0004:00000054       System.CPUCount
 0004:00000058       System.Input
 0004:00000328       System.Output
 0004:000005F8       System.ErrOutput
 0004:000008C8       System.MonitorSupport
 0004:000008CC       System.DefaultSystemCodePage
 0004:000008D0       System.DefaultUnicodeCodePage
 0004:000008D4       System.UTF8CompareLocale
 0004:000008D8       System.ReportMemoryLeaksOnShutdown
 0004:000008D9       System.NeverSleepOnMMThreadContention
 0004:000008DC       System..8
 0004:000008E0       System.AllocSize2SmallBlockTypeIndX4
 0004:00000A26       System.MinimumBlockAlignment
 0004:00000A27       System.MediumBlockPoolsCircularList
 0004:00000A37       System.MediumBlocksLocked
 0004:00000A38       System.LastSequentiallyFedMediumBlock
 0004:00000A3C       System.MediumSequentialFeedBytesLeft
 0004:00000A40       System.MediumBlockBinGroupBitmap
 0004:00000A44       System.MediumBlockBinBitmaps
 0004:00000AC4       System.MediumBlockBins
 0004:00002AC4       System.LargeBlocksLocked
 0004:00002AC5       System.LargeBlocksCircularList
 0004:00002AD8       System.ExpectedMemoryLeaks
 0004:00002ADC       System.ExpectedMemoryLeaksListLocked
 0004:00002AE0       System.MappingObjectHandle
 0004:00002AE4       System.InitContext
 0004:00002B14       System.DLLThreadContext
 0004:00002B44       System.GetThreadPreferredUILanguages
 0004:00002B48       System.SetThreadPreferredUILanguages
 0004:00002B4C       System.GetThreadUILanguage
 0004:00002B50       System.UseThreadUILanguageAPI
 0004:00002B51       System.CrSec
 0004:00002B6A       System.CachedLangID
 0004:00002B6C       System.CachedLanguageNames
 0004:00002C18       System...
 0004:00002C30       SysInit.ModuleIsLib
 0004:00002C31       SysInit.ModuleIsCpp
 0004:00002C34       SysInit.HInstance
 0004:00002C38       SysInit.tlsBuffer
 0004:00002C3C       Windows..2
 0004:00002C40       Windows.HtmlHelpModule
 0004:00002C44       Character.DataTable
 0004:00002C48       Character.CatIndexPrimary
 0004:00002C4C       Character.CatIndexSecondary
 0004:00002C50       Character.CategoryTable
 0004:00002C54       Character.NumIndexPrimary
 0004:00002C58       Character.NumIndexSecondary
 0004:00002C5C       Character.NumericValueTable
 0004:00002C60       ExcUtils..2
 0004:00002C64       SysUtils.TLanguages.$ClassInitFlag
 0004:00002C68       SysUtils.Exception.$ClassInitFlag
 0004:00002C6C       SysUtils.Exception.GetExceptionStackInfoProc
 0004:00002C70       SysUtils.Exception.GetStackInfoStringProc
 0004:00002C74       SysUtils.Exception.CleanUpStackInfoProc
 0004:00002C78       SysUtils.CurrencyString
 0004:00002C7C       SysUtils.CurrencyFormat
 0004:00002C7D       SysUtils.CurrencyDecimals
 0004:00002C7E       SysUtils.DateSeparator
 0004:00002C80       SysUtils.TimeSeparator
 0004:00002C82       SysUtils.ListSeparator
 0004:00002C84       SysUtils.ShortDateFormat
 0004:00002C88       SysUtils.LongDateFormat
 0004:00002C8C       SysUtils.TimeAMString
 0004:00002C90       SysUtils.TimePMString
 0004:00002C94       SysUtils.ShortTimeFormat
 0004:00002C98       SysUtils.LongTimeFormat
 0004:00002C9C       SysUtils.ShortMonthNames
 0004:00002CCC       SysUtils.LongMonthNames
 0004:00002CFC       SysUtils.ShortDayNames
 0004:00002D18       SysUtils.LongDayNames
 0004:00002D34       SysUtils.ThousandSeparator
 0004:00002D36       SysUtils.DecimalSeparator
 0004:00002D38       SysUtils.TwoDigitYearCenturyWindow
 0004:00002D3A       SysUtils.NegCurrFormat
 0004:00002D3B       SysUtils.SysLocale
 0004:00002D4C       SysUtils.EraNames
 0004:00002D68       SysUtils.EraYearOffsets
 0004:00002D84       SysUtils.TrueBoolStrs
 0004:00002D88       SysUtils.FalseBoolStrs
 0004:00002D8C       SysUtils.TEncoding.FASCIIEncoding
 0004:00002D90       SysUtils.TEncoding.FBigEndianUnicodeEncoding
 0004:00002D94       SysUtils.TEncoding.FDefaultEncoding
 0004:00002D98       SysUtils.TEncoding.FUnicodeEncoding
 0004:00002D9C       SysUtils.TEncoding.FUTF7Encoding
 0004:00002DA0       SysUtils.TEncoding.FUTF8Encoding
 0004:00002DA4       SysUtils.TEncoding.$ClassInitFlag
 0004:00002DA8       SysUtils..07
 0004:00002DAC       SysUtils.NTQueryObject
 0004:00002DB0       SysUtils.OutOfMemory
 0004:00002DB4       SysUtils.InvalidPointer
 0004:00002DB8       SysUtils.SyncEventCache
 0004:00002EB8       SysUtils.EventCache
 0004:00002EBC       SysUtils.EventItemHolders
 0004:00002EC0       SysUtils.ValidatedUnitHashBuckets
 0004:00003EB4       SysUtils.UnitHashBuckets
 0004:00004EA8       SysUtils.FTempLanguages
 0004:00004EAC       SysUtils.FLanguages
 0004:00004EB0       SysUtils.LanguageArray
 0004:00004EB4       VarUtils.VariantChangeTypeEx
 0004:00004EB8       VarUtils.VarNeg
 0004:00004EBC       VarUtils.VarNot
 0004:00004EC0       VarUtils.VarAdd
 0004:00004EC4       VarUtils.VarSub
 0004:00004EC8       VarUtils.VarMul
 0004:00004ECC       VarUtils.VarDiv
 0004:00004ED0       VarUtils.VarIDiv
 0004:00004ED4       VarUtils.VarMod
 0004:00004ED8       VarUtils.VarAnd
 0004:00004EDC       VarUtils.VarOr
 0004:00004EE0       VarUtils.VarXor
 0004:00004EE4       VarUtils.VarCmp
 0004:00004EE8       VarUtils.VarI4FromStr
 0004:00004EEC       VarUtils.VarR4FromStr
 0004:00004EF0       VarUtils.VarR8FromStr
 0004:00004EF4       VarUtils.VarDateFromStr
 0004:00004EF8       VarUtils.VarCyFromStr
 0004:00004EFC       VarUtils.VarBoolFromStr
 0004:00004F00       VarUtils.VarBstrFromCy
 0004:00004F04       VarUtils.VarBstrFromDate
 0004:00004F08       VarUtils.VarBstrFromBool
 0004:00004F0C       VarUtils..5
 0004:00004F10       Variants.EmptyParam
 0004:00004F20       Variants.VarDispProc
 0004:00004F24       Variants.ClearAnyProc
 0004:00004F28       Variants.ChangeAnyProc
 0004:00004F2C       Variants.RefAnyProc
 0004:00004F30       Variants..81
 0004:00004F34       Variants.LVarTypes
 0004:00004F38       Variants.LVarTypeSync
 0004:00004F50       TypInfo..5
 0004:00004F54       Classes.TThread.FProcessorCount
 0004:00004F58       Classes.TThread.$ClassInitFlag
 0004:00004F5C       Classes.GlobalNameSpace
 0004:00004F60       Classes.IsUniqueGlobalComponentNameProc
 0004:00004F64       Classes.SyncEvent
 0004:00004F68       Classes..96
 0004:00004F6C       Classes.IntConstList
 0004:00004F70       Classes.RegGroups
 0004:00004F74       Classes.FindGlobalComponentProcs
 0004:00004F78       Classes.GlobalFixupList
 0004:00004F7C       Classes.ThreadLock
 0004:00004F80       Classes.ExternalThreads
 0004:00004F84       Classes.InstBlockList
 0004:00004F88       Classes.InstFreeList
 0004:00004F8C       TimeSpan.TTimeSpan.$ClassInitFlag
 0004:00004F90       TimeSpan.TTimeSpan.FMinValue
 0004:00004F98       TimeSpan.TTimeSpan.FMaxValue
 0004:00004FA0       SyncObjs..71
 0004:00004FA4       SyncObjs.CoWaitForMultipleHandlesProc
 0004:00004FA8       SyncObjs.InitializeConditionVariableProc
 0004:00004FAC       SyncObjs.SleepConditionVariableCSProc
 0004:00004FB0       SyncObjs.WakeConditionVariableProc
 0004:00004FB4       SyncObjs.WakeAllConditionVariableProc
 0004:00004FB8       IOUtils.TPath.FAltDirectorySeparatorChar
 0004:00004FBA       IOUtils.TPath.FDirectorySeparatorChar
 0004:00004FBC       IOUtils.TPath.FPathSeparator
 0004:00004FBE       IOUtils.TPath.FVolumeSeparatorChar
 0004:00004FC0       IOUtils.TPath.FExtensionSeparatorChar
 0004:00004FC4       IOUtils.TPath.FInvalidPathChars
 0004:00004FC8       IOUtils.TPath.FInvalidFileNameChars
 0004:00004FCC       IOUtils.TPath.FPathWildcardChars
 0004:00004FD0       IOUtils.TPath.FFileNameWildCardChars
 0004:00004FD4       IOUtils.TPath.$ClassInitFlag
 0004:00004FD8       IOUtils..1
 0004:00004FDC       IniFiles..7
 0004:00004FE0       Registry..5
 0004:00004FE4       Graphics.TWICImage.FImagingFactory
 0004:00004FE8       Graphics.SystemPalette16
 0004:00004FEC       Graphics..32
 0004:00004FF0       Graphics.ScreenLogPixels
 0004:00004FF4       Graphics.StockPen
 0004:00004FF8       Graphics.StockBrush
 0004:00004FFC       Graphics.StockFont
 0004:00005000       Graphics.StockIcon
 0004:00005004       Graphics.BitmapImageLock
 0004:0000501C       Graphics.CounterLock
 0004:00005034       Graphics.FontManager
 0004:00005038       Graphics.PenManager
 0004:0000503C       Graphics.BrushManager
 0004:00005040       Graphics.CanvasList
 0004:00005044       Graphics.PatternManager
 0004:00005048       CommCtrl.ComCtl32DLL
 0004:0000504C       CommCtrl._InitCommonControlsEx
 0004:00005050       UxTheme.OpenThemeData
 0004:00005054       UxTheme.CloseThemeData
 0004:00005058       UxTheme.DrawThemeBackground
 0004:0000505C       UxTheme.DrawThemeText
 0004:00005060       UxTheme.GetThemeBackgroundContentRect
 0004:00005064       UxTheme.GetThemeBackgroundExtent
 0004:00005068       UxTheme.GetThemePartSize
 0004:0000506C       UxTheme.GetThemeTextExtent
 0004:00005070       UxTheme.GetThemeTextMetrics
 0004:00005074       UxTheme.GetThemeBackgroundRegion
 0004:00005078       UxTheme.HitTestThemeBackground
 0004:0000507C       UxTheme.DrawThemeEdge
 0004:00005080       UxTheme.DrawThemeIcon
 0004:00005084       UxTheme.IsThemePartDefined
 0004:00005088       UxTheme.IsThemeBackgroundPartiallyTransparent
 0004:0000508C       UxTheme.GetThemeColor
 0004:00005090       UxTheme.GetThemeMetric
 0004:00005094       UxTheme.GetThemeString
 0004:00005098       UxTheme.GetThemeBool
 0004:0000509C       UxTheme.GetThemeInt
 0004:000050A0       UxTheme.GetThemeEnumValue
 0004:000050A4       UxTheme.GetThemePosition
 0004:000050A8       UxTheme.GetThemeFont
 0004:000050AC       UxTheme.GetThemeRect
 0004:000050B0       UxTheme.GetThemeMargins
 0004:000050B4       UxTheme.GetThemeIntList
 0004:000050B8       UxTheme.GetThemePropertyOrigin
 0004:000050BC       UxTheme.SetWindowTheme
 0004:000050C0       UxTheme.GetThemeFilename
 0004:000050C4       UxTheme.GetThemeSysColor
 0004:000050C8       UxTheme.GetThemeSysColorBrush
 0004:000050CC       UxTheme.GetThemeSysBool
 0004:000050D0       UxTheme.GetThemeSysSize
 0004:000050D4       UxTheme.GetThemeSysFont
 0004:000050D8       UxTheme.GetThemeSysString
 0004:000050DC       UxTheme.GetThemeSysInt
 0004:000050E0       UxTheme.IsThemeActive
 0004:000050E4       UxTheme.IsAppThemed
 0004:000050E8       UxTheme.GetWindowTheme
 0004:000050EC       UxTheme.EnableThemeDialogTexture
 0004:000050F0       UxTheme.IsThemeDialogTextureEnabled
 0004:000050F4       UxTheme.GetThemeAppProperties
 0004:000050F8       UxTheme.SetThemeAppProperties
 0004:000050FC       UxTheme.GetCurrentThemeName
 0004:00005100       UxTheme.GetThemeDocumentationProperty
 0004:00005104       UxTheme.DrawThemeParentBackground
 0004:00005108       UxTheme.EnableTheming
 0004:0000510C       UxTheme..1
 0004:00005110       UxTheme.ThemeLibrary
 0004:00005114       UxTheme.ReferenceCount
 0004:00005118       UxTheme.Lock
 0004:0000511C       ActnList..9
 0004:00005120       Controls.Mouse
 0004:00005128       Controls.IsVCLControlHook
 0004:00005130       Controls.NewStyleControls
 0004:00005134       Controls..44
 0004:00005138       Controls.WindowAtom
 0004:0000513A       Controls.ControlAtom
 0004:0000513C       Controls.WindowAtomString
 0004:00005140       Controls.ControlAtomString
 0004:00005144       Controls.RM_GetObjectInstance
 0004:00005148       Controls.DragControl
 0004:0000514C       Controls.DragObject
 0004:00005150       Controls.DragInternalObject
 0004:00005154       Controls.DragCapture
 0004:00005158       Controls.DragStartPos
 0004:00005160       Controls.DragSaveCursor
 0004:00005164       Controls.DragThreshold
 0004:00005168       Controls.ActiveDrag
 0004:0000516C       Controls.DragImageList
 0004:00005170       Controls.DockSiteList
 0004:00005174       Controls.QualifyingSites
 0004:00005178       Controls.DragSave
 0004:0000517C       Controls.CanvasList
 0004:00005180       Controls.FlagControl
 0004:00005184       Controls._WINNLSEnableIME
 0004:00005188       Controls._ImmGetContext
 0004:0000518C       Controls._ImmReleaseContext
 0004:00005190       Controls._ImmGetConversionStatus
 0004:00005194       Controls._ImmSetConversionStatus
 0004:00005198       Controls._ImmSetOpenStatus
 0004:0000519C       Controls._ImmSetCompositionWindow
 0004:000051A0       Controls._ImmSetCompositionFont
 0004:000051A4       Controls._ImmGetCompositionString
 0004:000051A8       Controls._ImmIsIME
 0004:000051AC       Controls._ImmNotifyIME
 0004:000051B0       Themes..2
 0004:000051B4       Themes.InternalServices
 0004:000051B8       Themes.RM_UnthemedDesigner
 0004:000051BC       ImgList.CachedComCtrlVer
 0004:000051C0       ImgList.ImageListWriteExProc
 0004:000051C4       Menus.PopupList
 0004:000051C8       Menus.ShortCutItems
 0004:000051CC       Menus..01
 0004:000051D0       Menus.CommandPool
 0004:000051D4       HelpIntfs..2
 0004:000051D8       HelpIntfs.HelpManager
 0004:000051DC       FlatSB.FlatSB_EnableScrollBar
 0004:000051E0       FlatSB.FlatSB_ShowScrollBar
 0004:000051E4       FlatSB.FlatSB_GetScrollRange
 0004:000051E8       FlatSB.FlatSB_GetScrollInfo
 0004:000051EC       FlatSB.FlatSB_GetScrollPos
 0004:000051F0       FlatSB.FlatSB_SetScrollPos
 0004:000051F4       FlatSB.FlatSB_SetScrollInfo
 0004:000051F8       FlatSB.FlatSB_SetScrollRange
 0004:000051FC       FlatSB..1
 0004:00005200       FlatSB._FlatSB_GetScrollProp
 0004:00005204       FlatSB._FlatSB_SetScrollProp
 0004:00005208       FlatSB._InitializeFlatSB
 0004:0000520C       FlatSB._UninitializeFlatSB
 0004:00005210       Printers..3
 0004:00005214       GraphUtil..2
 0004:00005218       GraphUtil.MsImgHandle
 0004:0000521C       GraphUtil.MsImgInitialized
 0004:00005220       GraphUtil.GradientFillFunc
 0004:00005224       ExtCtrls.TCustomTrayIcon.RM_TaskbarCreated
 0004:00005228       ExtCtrls..94
 0004:0000522C       ComCtrls..96
 0004:00005230       ComCtrls.ConversionFormatList
 0004:00005234       ComCtrls.ShellModule
 0004:00005238       ComCtrls.FRichEditModule
 0004:0000523C       Dialogs..03
 0004:00005240       Dialogs.HelpMsg
 0004:00005244       Dialogs.FindMsg
 0004:00005248       Clipbrd.CF_PICTURE
 0004:0000524A       Clipbrd.CF_COMPONENT
 0004:0000524C       Clipbrd..3
 0004:00005250       Clipbrd.FClipboard
 0004:00005254       Forms.Application
 0004:00005258       Forms.Screen
 0004:0000525C       Forms..51
 0004:00005260       Forms.RM_TaskbarCreated
 0004:00005264       Forms.HintThreadID
 0004:00005268       Forms.HintDoneEvent
 0004:0000526C       Forms.HintHook
 0004:00005270       Forms.HintThread
 0004:00005274       Forms.IdleTimerHandle
 0004:00005278       Forms.IdleTimerDelegate
 0004:0000527C       Buttons..5
 0004:00005280       Buttons.BitBtnGlyphs
 0004:000052AC       Config.Form2
 0004:000052B0       Logs.Form3
 0004:000052B4       About.AboutBox
 0004:000052B8       IdGlobal..51
 0004:000052BC       IdWinsock2.in6addr_any
 0004:000052CC       IdWinsock2.in6addr_loopback
 0004:000052DC       IdWinsock2..2
 0004:000052E0       IdWship6..1
 0004:000052E4       IdStackWindows..4
 0004:000052E8       IdStack.GSocketListClass
 0004:000052EC       IdStack..9
 0004:000052F0       IdComponent..3
 0004:000052F4       IdIOHandler..5
 0004:000052F8       IdIOHandlerStack..2
 0004:000052FC       IdCharsets..2
 0004:00005300       IdGlobalProtocols.IndyFalseBoolStrs
 0004:00005304       IdGlobalProtocols.IndyTrueBoolStrs
 0004:00005308       IdGlobalProtocols..8
 0004:0000530C       IdGlobalProtocols.ATempPath
 0004:00005310       IdCoderMIME.GBase64DecodeTable
 0004:00005390       IdCoderMIME..4
 0004:00005394       IdAuthentication..4
 0004:00005398       IdThread..6
 0004:0000539C       IdSSL.GSSLRegistry
 0004:000053A0       IdSSL..5
 0004:000053A4       IdURI..3
 0004:000053A8       IdEMailAddress..4
 0004:000053AC       IdHeaderCoderBase..3
 0004:000053B0       IdHeaderCoderPlain..2
 0004:000053B4       IdHeaderCoder2022JP..2
 0004:000053B8       IdHeaderCoderUTF..2
 0004:000053BC       IdHeaderCoderIndy..2
 0004:000053C0       IdCoderHeader..1
 0004:000053C4       IdFIPS.GetFIPSMode
 0004:000053C8       IdFIPS.SetFIPSMode
 0004:000053CC       IdFIPS.IsHashingIntfAvail
 0004:000053D0       IdFIPS.GetMD2HashInst
 0004:000053D4       IdFIPS.IsMD2HashIntfAvail
 0004:000053D8       IdFIPS.GetMD4HashInst
 0004:000053DC       IdFIPS.IsMD4HashIntfAvail
 0004:000053E0       IdFIPS.GetMD5HashInst
 0004:000053E4       IdFIPS.IsMD5HashIntfAvail
 0004:000053E8       IdFIPS.GetSHA1HashInst
 0004:000053EC       IdFIPS.IsSHA1HashIntfAvail
 0004:000053F0       IdFIPS.GetSHA224HashInst
 0004:000053F4       IdFIPS.IsSHA224HashIntfAvail
 0004:000053F8       IdFIPS.GetSHA256HashInst
 0004:000053FC       IdFIPS.IsSHA256HashIntfAvail
 0004:00005400       IdFIPS.GetSHA384HashInst
 0004:00005404       IdFIPS.IsSHA384HashIntfAvail
 0004:00005408       IdFIPS.GetSHA512HashInst
 0004:0000540C       IdFIPS.IsSHA512HashIntfAvail
 0004:00005410       IdFIPS.UpdateHashInst
 0004:00005414       IdFIPS.FinalHashInst
 0004:00005418       IdFIPS.IsHMACAvail
 0004:0000541C       IdFIPS.IsHMACMD5Avail
 0004:00005420       IdFIPS.GetHMACMD5HashInst
 0004:00005424       IdFIPS.IsHMACSHA1Avail
 0004:00005428       IdFIPS.GetHMACSHA1HashInst
 0004:0000542C       IdFIPS.IsHMACSHA224Avail
 0004:00005430       IdFIPS.GetHMACSHA224HashInst
 0004:00005434       IdFIPS.IsHMACSHA256Avail
 0004:00005438       IdFIPS.GetHMACSHA256HashInst
 0004:0000543C       IdFIPS.IsHMACSHA384Avail
 0004:00005440       IdFIPS.GetHMACSHA384HashInst
 0004:00005444       IdFIPS.IsHMACSHA512Avail
 0004:00005448       IdFIPS.GetHMACSHA512HashInst
 0004:0000544C       IdFIPS.UpdateHMACInst
 0004:00005450       IdFIPS.FinalHMACInst
 0004:00005454       IdFIPS..2
 0004:00005458       IdSSLOpenSSLHeaders.SSL_pending
 0004:0000545C       IdSSLOpenSSLHeaders..9
 0004:00005460       IdSSLOpenSSLHeaders.FFailedFunctionLoadList
 0004:00005464       IdSSLOpenSSL..52
 0004:00005468       IdNTLM..1
 0004:0000546C       IdAuthenticationNTLM..2
 0004:00005470       IdAuthenticationSSPI..41
 0004:00005474       IdAuthenticationDigest..3
 0004:00005478       IdHTTP..8
 0004:0000547C       IdLogBase..2
 0004:00005480       Main.Form1
 0004:00005484       Main.Accounts
 0004:00005488       Main.Userlist
 0004:0000548C       Main.Passlist
 0004:00005490       Main.Proxy
 0004:00005494       Main.Acc
 0004:00005498       Main.Work
 0004:0000549C       Main.CriticalSection
 0004:000054A0       Main.CurrentAcc
 0004:000054A4       Main.Stopped
 0004:000054A8       Main.Counter
 0004:000054D0       Main.Thread
 0004:000054D4       Main.PswStr
 0004:000054D8       Main.EndPswStr
 0004:000054DC       Main.ChrSet
 0004:000054E0       Main.CharSet
 0004:000054E4       Main.Username
 0004:000054E8       Main.Password
 0004:000054EC       Main..4
 0004:000054F0       Network.Form4
 0005:00000000       System.RaiseListPtr
 0005:00000004       System.InOutRes
 0005:00000008       Classes.TThread.FCurrentThread
 0005:0000000C       Classes.GlobalLoaded
 0005:00000010       Classes.GlobalLists
 0005:00000014       SyncObjs.OleThreadWnd
 0005:00000018       GraphUtil.CachedHighlightLum
 0005:0000001C       GraphUtil.CachedHighlightColor
 0005:00000020       GraphUtil.CachedHighlight
 0005:00000024       GraphUtil.CachedShadowLum
 0005:00000028       GraphUtil.CachedShadowColor
 0005:0000002C       GraphUtil.CachedShadow
 0005:00000030       GraphUtil.CachedColorValue
 0005:00000034       GraphUtil.CachedLumValue
 0005:00000038       GraphUtil.CachedColorAdjustLuma
 0005:0000003C       SysInit.TlsLast


Bound resource files

d:\programming\delphixe\lib\Win32\release\Controls.res
d:\programming\delphixe\lib\Win32\release\Buttons.res
D:\Programming\[Other]\Components\RbControls\RbCheckBox.res
D:\Programming\[Other]\Components\RbControls\RbRadioButton.res
Config.dfm
Logs.dfm
About.dfm
d:\programming\delphixe\lib\Win32\release\SPIN.RES
Main.dfm
Network.dfm
form_fucker.res
form_fucker.drf


Program entry point at 0002:00001794
